******************************************************************************
                  TI ARM Linker PC v16.9.1                     
******************************************************************************
>> Linked Fri May 12 07:21:16 2017

OUTPUT FILE NAME:   <simple_peripheral_cc2640r2lp_app.out>
ENTRY POINT SYMBOL: "ResetISR"  address: 000068c9


MEMORY CONFIGURATION

         name            origin    length      used     unused   attr    fill
----------------------  --------  ---------  --------  --------  ----  --------
  FLASH                 00000000   00017930  000087fe  0000f132  R  X
  FLASH_LAST_PAGE       0001f000   00001000  00000058  00000fa8  R  X
  SRAM                  20000000   00003ff0  00002356  00001c9a  RW X


SEGMENT ALLOCATION MAP

run origin  load origin   length   init length attrs members
----------  ----------- ---------- ----------- ----- -------
00000000    00000000    00008804   00008804    r-x
  00000000    00000000    0000003c   0000003c    r-- .resetVecs
  0000003c    0000003c    00000fc4   00000fc4    r-x .text.1
  00001000    00001000    00000028   00000028    r-- .const:ti_sysbios_heaps_HeapMem_Module__FXNS__C
  00001028    00001028    00000024   00000024    r-- .const:ti_sysbios_gates_GateHwi_Module__FXNS__C
  0000104c    0000104c    00000024   00000024    r-- .const:ti_sysbios_gates_GateMutex_Module__FXNS__C
  00001070    00001070    00000020   00000020    r-- .const:ti_sysbios_family_arm_m3_Hwi_Object__DESC__C
  00001090    00001090    00000020   00000020    r-- .const:ti_sysbios_gates_GateHwi_Object__DESC__C
  000010b0    000010b0    00000020   00000020    r-- .const:ti_sysbios_gates_GateMutex_Object__DESC__C
  000010d0    000010d0    00000020   00000020    r-- .const:ti_sysbios_hal_Hwi_Object__DESC__C
  000010f0    000010f0    00000020   00000020    r-- .const:ti_sysbios_heaps_HeapMem_Object__DESC__C
  00001110    00001110    00000020   00000020    r-- .const:ti_sysbios_knl_Clock_Object__DESC__C
  00001130    00001130    00000020   00000020    r-- .const:ti_sysbios_knl_Event_Object__DESC__C
  00001150    00001150    00000020   00000020    r-- .const:ti_sysbios_knl_Mailbox_Object__DESC__C
  00001170    00001170    00000020   00000020    r-- .const:ti_sysbios_knl_Queue_Object__DESC__C
  00001190    00001190    00000020   00000020    r-- .const:ti_sysbios_knl_Semaphore_Object__DESC__C
  000011b0    000011b0    00000020   00000020    r-- .const:ti_sysbios_knl_Swi_Object__DESC__C
  000011d0    000011d0    00000020   00000020    r-- .const:ti_sysbios_knl_Task_Object__DESC__C
  000011f0    000011f0    00000008   00000008    r-- .const:ti_sysbios_knl_Idle_funcList__C
  000011f8    000011f8    00000004   00000004    r-- .const:ti_sysbios_family_arm_cc26xx_Timer_startupNeeded__C
  000011fc    000011fc    00000004   00000004    r-- .const:ti_sysbios_family_arm_m3_Hwi_E_alreadyDefined__C
  00001200    00001200    00000004   00000004    r-- .const:ti_sysbios_family_arm_m3_Hwi_E_hwiLimitExceeded__C
  00001204    00001204    00000004   00000004    r-- .const:ti_sysbios_family_arm_m3_Hwi_NUM_INTERRUPTS__C
  00001208    00001208    00000004   00000004    r-- .const:ti_sysbios_family_arm_m3_Hwi_Object__count__C
  0000120c    0000120c    00000004   00000004    r-- .const:ti_sysbios_family_arm_m3_Hwi_Object__table__C
  00001210    00001210    00000004   00000004    r-- .const:ti_sysbios_family_arm_m3_Hwi_ccr__C
  00001214    00001214    00000004   00000004    r-- .const:ti_sysbios_family_arm_m3_Hwi_excHandlerFunc__C
  00001218    00001218    00000004   00000004    r-- .const:ti_sysbios_family_arm_m3_Hwi_nullIsrFunc__C
  0000121c    0000121c    00000004   00000004    r-- .const:ti_sysbios_family_arm_m3_Hwi_numSparseInterrupts__C
  00001220    00001220    00000004   00000004    r-- .const:ti_sysbios_family_arm_m3_Hwi_priGroup__C
  00001224    00001224    00000004   00000004    r-- .const:ti_sysbios_family_arm_m3_TaskSupport_stackAlignment__C
  00001228    00001228    00000004   00000004    r-- .const:ti_sysbios_heaps_HeapMem_E_memory__C
  0000122c    0000122c    00000004   00000004    r-- .const:ti_sysbios_heaps_HeapMem_Module__gateObj__C
  00001230    00001230    00000004   00000004    r-- .const:ti_sysbios_heaps_HeapMem_Object__count__C
  00001234    00001234    00000004   00000004    r-- .const:ti_sysbios_heaps_HeapMem_Object__table__C
  00001238    00001238    00000004   00000004    r-- .const:ti_sysbios_heaps_HeapMem_reqAlign__C
  0000123c    0000123c    00000004   00000004    r-- .const:ti_sysbios_knl_Clock_triggerClock__C
  00001240    00001240    00000004   00000004    r-- .const:ti_sysbios_knl_Mailbox_Object__count__C
  00001244    00001244    00000004   00000004    r-- .const:ti_sysbios_knl_Mailbox_Object__table__C
  00001248    00001248    00000004   00000004    r-- .const:ti_sysbios_knl_Mailbox_maxTypeAlign__C
  0000124c    0000124c    00000004   00000004    r-- .const:ti_sysbios_knl_Queue_Object__count__C
  00001250    00001250    00000004   00000004    r-- .const:ti_sysbios_knl_Queue_Object__table__C
  00001254    00001254    00000004   00000004    r-- .const:ti_sysbios_knl_Semaphore_eventPost__C
  00001258    00001258    00000004   00000004    r-- .const:ti_sysbios_knl_Semaphore_eventSync__C
  0000125c    0000125c    00000004   00000004    r-- .const:ti_sysbios_knl_Swi_Object__count__C
  00001260    00001260    00000004   00000004    r-- .const:ti_sysbios_knl_Swi_Object__table__C
  00001264    00001264    00000004   00000004    r-- .const:ti_sysbios_knl_Swi_numPriorities__C
  00001268    00001268    00000004   00000004    r-- .const:ti_sysbios_knl_Task_Object__count__C
  0000126c    0000126c    00000004   00000004    r-- .const:ti_sysbios_knl_Task_Object__table__C
  00001270    00001270    00000004   00000004    r-- .const:ti_sysbios_knl_Task_allBlockedFunc__C
  00001274    00001274    00000004   00000004    r-- .const:ti_sysbios_knl_Task_defaultStackHeap__C
  00001278    00001278    00000004   00000004    r-- .const:ti_sysbios_knl_Task_defaultStackSize__C
  0000127c    0000127c    00000004   00000004    r-- .const:ti_sysbios_knl_Task_numConstructedTasks__C
  00001280    00001280    00000002   00000002    r-- .const:ti_sysbios_family_arm_cc26xx_Timer_Module__id__C
  00001282    00001282    00000002   00000002    r-- .const:ti_sysbios_family_arm_cc26xx_TimestampProvider_useClockTimer__C
  00001284    00001284    00000002   00000002    r-- .const:ti_sysbios_family_arm_m3_Hwi_Module__id__C
  00001286    00001286    00000002   00000002    r-- .const:ti_sysbios_gates_GateHwi_Module__id__C
  00001288    00001288    00000002   00000002    r-- .const:ti_sysbios_gates_GateMutex_Module__id__C
  0000128a    0000128a    00000002   00000002    r-- .const:ti_sysbios_heaps_HeapMem_Module__id__C
  0000128c    0000128c    00000002   00000002    r-- .const:ti_sysbios_knl_Task_initStackFlag__C
  0000128e    0000128e    00000001   00000001    r-- .const:ti_sysbios_knl_Clock_tickMode__C
  00001290    00001290    00000008   00000008    r-- .const:xdc_runtime_Startup_firstFxns__C
  00001298    00001298    00000008   00000008    r-- .const:xdc_runtime_Startup_lastFxns__C
  000012a0    000012a0    00000004   00000004    r-- .const:xdc_runtime_Assert_E_assertFailed__C
  000012a4    000012a4    00000004   00000004    r-- .const:xdc_runtime_Error_E_memory__C
  000012a8    000012a8    00000004   00000004    r-- .const:xdc_runtime_Error_policyFxn__C
  000012ac    000012ac    00000004   00000004    r-- .const:xdc_runtime_Error_raiseHook__C
  000012b0    000012b0    00000004   00000004    r-- .const:xdc_runtime_IGateProvider_Interface__BASE__C
  000012b4    000012b4    00000004   00000004    r-- .const:xdc_runtime_IHeap_Interface__BASE__C
  000012b8    000012b8    00000004   00000004    r-- .const:xdc_runtime_IModule_Interface__BASE__C
  000012bc    000012bc    00000004   00000004    r-- .const:xdc_runtime_Memory_defaultHeapInstance__C
  000012c0    000012c0    00000004   00000004    r-- .const:xdc_runtime_Startup_execImpl__C
  000012c4    000012c4    00000004   00000004    r-- .const:xdc_runtime_Startup_maxPasses__C
  000012c8    000012c8    00000004   00000004    r-- .const:xdc_runtime_Startup_sfxnRts__C
  000012cc    000012cc    00000004   00000004    r-- .const:xdc_runtime_Startup_sfxnTab__C
  000012d0    000012d0    00000004   00000004    r-- .const:xdc_runtime_Startup_startModsFxn__C
  000012d4    000012d4    00000004   00000004    r-- .const:xdc_runtime_SysCallback_abortFxn__C
  000012d8    000012d8    00000004   00000004    r-- .const:xdc_runtime_SysCallback_exitFxn__C
  000012dc    000012dc    00000004   00000004    r-- .const:xdc_runtime_System_abortFxn__C
  000012e0    000012e0    00000004   00000004    r-- .const:xdc_runtime_System_exitFxn__C
  000012e4    000012e4    00000004   00000004    r-- .const:xdc_runtime_System_maxAtexitHandlers__C
  000012e8    000012e8    00000004   00000004    r-- .const:xdc_runtime_Text_charTab__C
  000012ec    000012ec    00000004   00000004    r-- .const:xdc_runtime_Text_nameEmpty__C
  000012f0    000012f0    00000004   00000004    r-- .const:xdc_runtime_Text_nameStatic__C
  000012f4    000012f4    00000004   00000004    r-- .const:xdc_runtime_Text_nameUnknown__C
  000012f8    000012f8    00000002   00000002    r-- .const:xdc_runtime_Error_maxDepth__C
  000012fa    000012fa    00000002   00000002    r-- .const:xdc_runtime_Memory_Module__id__C
  000012fc    000012fc    00000002   00000002    r-- .const:xdc_runtime_Text_charCnt__C
  000012fe    000012fe    00000002   00000002    r-- .const:xdc_runtime_Text_isLoaded__C
  00001300    00001300    00000001   00000001    r-- .const:xdc_runtime_Error_policy__C
  00001304    00001304    00000004   00000004    r-- .const:ti_sysbios_rom_ROM_ti_sysbios_family_arm_cc26xx_Timer_getCount64__E
  00001308    00001308    00000004   00000004    r-- .const:ti_sysbios_rom_ROM_ti_sysbios_family_arm_cc26xx_Timer_getCurrentTick__E
  0000130c    0000130c    00000004   00000004    r-- .const:ti_sysbios_rom_ROM_ti_sysbios_family_arm_cc26xx_Timer_getMaxTicks__E
  00001310    00001310    00000004   00000004    r-- .const:ti_sysbios_rom_ROM_ti_sysbios_family_arm_cc26xx_Timer_initDevice__I
  00001314    00001314    00000004   00000004    r-- .const:ti_sysbios_rom_ROM_ti_sysbios_family_arm_cc26xx_Timer_setNextTick__E
  00001318    00001318    00000004   00000004    r-- .const:ti_sysbios_rom_ROM_ti_sysbios_family_arm_cc26xx_Timer_setThreshold__I
  0000131c    0000131c    00000004   00000004    r-- .const:ti_sysbios_rom_ROM_ti_sysbios_family_arm_cc26xx_Timer_start__E
  00001320    00001320    00000004   00000004    r-- .const:ti_sysbios_rom_ROM_ti_sysbios_family_arm_cc26xx_TimestampProvider_get32__E
  00001324    00001324    00000004   00000004    r-- .const:ti_sysbios_rom_ROM_xdc_runtime_Startup_getState__I
  00001328    00001328    00000004   00000004    r-- .const:ti_sysbios_rom_ROM_xdc_runtime_System_SupportProxy_abort__E
  0000132c    0000132c    00000004   00000004    r-- .const:ti_sysbios_rom_ROM_xdc_runtime_System_SupportProxy_exit__E
  00001330    00001330    00006c1c   00006c1c    r-x .text.2
  00007f4c    00007f4c    0000045a   0000045a    r-- .const
  000083a8    000083a8    0000045c   0000045c    r-- .cinit
0001ffa8    0001ffa8    00000058   00000058    r--
  0001ffa8    0001ffa8    00000058   00000058    r-- .ccfg
20000100    20000100    00001e90   00000000    rw-
  20000100    20000100    00000044   00000000    rw- .data:ti_sysbios_knl_Task_Module__state__V
  20000144    20000144    00000034   00000000    rw- .data:ti_sysbios_family_arm_m3_Hwi_Module__state__V
  20000178    20000178    0000002c   00000000    rw- .data:ti_sysbios_knl_Clock_Module__state__V
  200001a4    200001a4    00000024   00000000    rw- .data:ti_sysbios_BIOS_Module__state__V
  200001c8    200001c8    0000001c   00000000    rw- .data:ti_sysbios_knl_Swi_Module__state__V
  200001e4    200001e4    00000008   00000000    rw- .data:ti_sysbios_family_arm_cc26xx_Timer_Module__state__V
  200001ec    200001ec    00000004   00000000    rw- .data:ti_sysbios_family_arm_cc26xx_TimestampProvider_Module__state__V
  200001f0    200001f0    00000008   00000000    rw- .data:xdc_runtime_Startup_Module__state__V
  200001f8    200001f8    00000008   00000000    rw- .data:xdc_runtime_System_Module__state__V
  20000200    20000200    00000004   00000000    rw- .data:xdc_runtime_Memory_Module__state__V
  20000204    20000204    00000002   00000000    rw- .data:xdc_runtime_Error_Module__state__V
  20000208    20000208    0000109c   00000000    rw- .data
  200012a8    200012a8    00000ce8   00000000    rw- .bss
20003bf0    20003bf0    00000400   00000000    rw-
  20003bf0    20003bf0    00000400   00000000    rw- .stack


SECTION ALLOCATION MAP

 output                                  attributes/
section   page    origin      length       input sections
--------  ----  ----------  ----------   ----------------
.resetVecs 
*          0    00000000    0000003c     
                  00000000    0000003c     app_ble_pem3.oem3 (.resetVecs)

.text.1    0    0000003c    00000fc4     
                  0000003c    00000578     peripheral.obj (.text:gapRole_taskFxn$13)
                  000005b4    00000008     (.tramp.ti_sysbios_knl_Event_pend__E.1)
                  000005bc    00000560     simple_peripheral.obj (.text:SimpleBLEPeripheral_taskFxn$0)
                  00000b1c    00000008     (.tramp.ti_sysbios_knl_Queue_construct.1)
                  00000b24    00000008     (.tramp.ti_sysbios_knl_Queue_get__E.1)
                  00000b2c    00000008     (.tramp.ti_sysbios_knl_Queue_empty__E.1)
                  00000b34    00000344     RFCC26XX_singleMode.obj (.text:fsmActiveState$3)
                  00000e78    00000008     (.tramp.ti_sysbios_knl_Semaphore_post__E.1)
                  00000e80    00000008     (.tramp.ti_sysbios_family_arm_m3_Hwi_disableFxn__E.1)
                  00000e88    00000008     (.tramp.ti_sysbios_family_arm_m3_Hwi_restoreFxn__E.1)
                  00000e90    00000134     drivers_cc26x0r2.aem3 : PowerCC26XX.oem3 (.text:Power_init)
                  00000fc4    00000008     (.tramp.ti_sysbios_knl_Clock_Params__init__S.1)
                  00000fcc    00000008     (.tramp.ti_sysbios_knl_Clock_construct.1)
                  00000fd4    00000008     (.tramp.ti_sysbios_knl_Clock_setTimeout__E.1)
                  00000fdc    00000008     (.tramp.ti_sysbios_knl_Clock_start__E.1)
                  00000fe4    0000001c                           : PINCC26XX.oem3 (.text:PINCC26XX_setIoCfgMux)

.const:ti_sysbios_heaps_HeapMem_Module__FXNS__C 
*          0    00001000    00000028     
                  00001000    00000028     app_ble_pem3.oem3 (.const:ti_sysbios_heaps_HeapMem_Module__FXNS__C)

.const:ti_sysbios_gates_GateHwi_Module__FXNS__C 
*          0    00001028    00000024     
                  00001028    00000024     app_ble_pem3.oem3 (.const:ti_sysbios_gates_GateHwi_Module__FXNS__C)

.const:ti_sysbios_gates_GateMutex_Module__FXNS__C 
*          0    0000104c    00000024     
                  0000104c    00000024     app_ble_pem3.oem3 (.const:ti_sysbios_gates_GateMutex_Module__FXNS__C)

.const:ti_sysbios_family_arm_m3_Hwi_Object__DESC__C 
*          0    00001070    00000020     
                  00001070    00000020     app_ble_pem3.oem3 (.const:ti_sysbios_family_arm_m3_Hwi_Object__DESC__C)

.const:ti_sysbios_gates_GateHwi_Object__DESC__C 
*          0    00001090    00000020     
                  00001090    00000020     app_ble_pem3.oem3 (.const:ti_sysbios_gates_GateHwi_Object__DESC__C)

.const:ti_sysbios_gates_GateMutex_Object__DESC__C 
*          0    000010b0    00000020     
                  000010b0    00000020     app_ble_pem3.oem3 (.const:ti_sysbios_gates_GateMutex_Object__DESC__C)

.const:ti_sysbios_hal_Hwi_Object__DESC__C 
*          0    000010d0    00000020     
                  000010d0    00000020     app_ble_pem3.oem3 (.const:ti_sysbios_hal_Hwi_Object__DESC__C)

.const:ti_sysbios_heaps_HeapMem_Object__DESC__C 
*          0    000010f0    00000020     
                  000010f0    00000020     app_ble_pem3.oem3 (.const:ti_sysbios_heaps_HeapMem_Object__DESC__C)

.const:ti_sysbios_knl_Clock_Object__DESC__C 
*          0    00001110    00000020     
                  00001110    00000020     app_ble_pem3.oem3 (.const:ti_sysbios_knl_Clock_Object__DESC__C)

.const:ti_sysbios_knl_Event_Object__DESC__C 
*          0    00001130    00000020     
                  00001130    00000020     app_ble_pem3.oem3 (.const:ti_sysbios_knl_Event_Object__DESC__C)

.const:ti_sysbios_knl_Mailbox_Object__DESC__C 
*          0    00001150    00000020     
                  00001150    00000020     app_ble_pem3.oem3 (.const:ti_sysbios_knl_Mailbox_Object__DESC__C)

.const:ti_sysbios_knl_Queue_Object__DESC__C 
*          0    00001170    00000020     
                  00001170    00000020     app_ble_pem3.oem3 (.const:ti_sysbios_knl_Queue_Object__DESC__C)

.const:ti_sysbios_knl_Semaphore_Object__DESC__C 
*          0    00001190    00000020     
                  00001190    00000020     app_ble_pem3.oem3 (.const:ti_sysbios_knl_Semaphore_Object__DESC__C)

.const:ti_sysbios_knl_Swi_Object__DESC__C 
*          0    000011b0    00000020     
                  000011b0    00000020     app_ble_pem3.oem3 (.const:ti_sysbios_knl_Swi_Object__DESC__C)

.const:ti_sysbios_knl_Task_Object__DESC__C 
*          0    000011d0    00000020     
                  000011d0    00000020     app_ble_pem3.oem3 (.const:ti_sysbios_knl_Task_Object__DESC__C)

.const:ti_sysbios_knl_Idle_funcList__C 
*          0    000011f0    00000008     
                  000011f0    00000008     app_ble_pem3.oem3 (.const:ti_sysbios_knl_Idle_funcList__C)

.const:ti_sysbios_family_arm_cc26xx_Timer_startupNeeded__C 
*          0    000011f8    00000004     
                  000011f8    00000004     app_ble_pem3.oem3 (.const:ti_sysbios_family_arm_cc26xx_Timer_startupNeeded__C)

.const:ti_sysbios_family_arm_m3_Hwi_E_alreadyDefined__C 
*          0    000011fc    00000004     
                  000011fc    00000004     app_ble_pem3.oem3 (.const:ti_sysbios_family_arm_m3_Hwi_E_alreadyDefined__C)

.const:ti_sysbios_family_arm_m3_Hwi_E_hwiLimitExceeded__C 
*          0    00001200    00000004     
                  00001200    00000004     app_ble_pem3.oem3 (.const:ti_sysbios_family_arm_m3_Hwi_E_hwiLimitExceeded__C)

.const:ti_sysbios_family_arm_m3_Hwi_NUM_INTERRUPTS__C 
*          0    00001204    00000004     
                  00001204    00000004     app_ble_pem3.oem3 (.const:ti_sysbios_family_arm_m3_Hwi_NUM_INTERRUPTS__C)

.const:ti_sysbios_family_arm_m3_Hwi_Object__count__C 
*          0    00001208    00000004     
                  00001208    00000004     app_ble_pem3.oem3 (.const:ti_sysbios_family_arm_m3_Hwi_Object__count__C)

.const:ti_sysbios_family_arm_m3_Hwi_Object__table__C 
*          0    0000120c    00000004     
                  0000120c    00000004     app_ble_pem3.oem3 (.const:ti_sysbios_family_arm_m3_Hwi_Object__table__C)

.const:ti_sysbios_family_arm_m3_Hwi_ccr__C 
*          0    00001210    00000004     
                  00001210    00000004     app_ble_pem3.oem3 (.const:ti_sysbios_family_arm_m3_Hwi_ccr__C)

.const:ti_sysbios_family_arm_m3_Hwi_excHandlerFunc__C 
*          0    00001214    00000004     
                  00001214    00000004     app_ble_pem3.oem3 (.const:ti_sysbios_family_arm_m3_Hwi_excHandlerFunc__C)

.const:ti_sysbios_family_arm_m3_Hwi_nullIsrFunc__C 
*          0    00001218    00000004     
                  00001218    00000004     app_ble_pem3.oem3 (.const:ti_sysbios_family_arm_m3_Hwi_nullIsrFunc__C)

.const:ti_sysbios_family_arm_m3_Hwi_numSparseInterrupts__C 
*          0    0000121c    00000004     
                  0000121c    00000004     app_ble_pem3.oem3 (.const:ti_sysbios_family_arm_m3_Hwi_numSparseInterrupts__C)

.const:ti_sysbios_family_arm_m3_Hwi_priGroup__C 
*          0    00001220    00000004     
                  00001220    00000004     app_ble_pem3.oem3 (.const:ti_sysbios_family_arm_m3_Hwi_priGroup__C)

.const:ti_sysbios_family_arm_m3_TaskSupport_stackAlignment__C 
*          0    00001224    00000004     
                  00001224    00000004     app_ble_pem3.oem3 (.const:ti_sysbios_family_arm_m3_TaskSupport_stackAlignment__C)

.const:ti_sysbios_heaps_HeapMem_E_memory__C 
*          0    00001228    00000004     
                  00001228    00000004     app_ble_pem3.oem3 (.const:ti_sysbios_heaps_HeapMem_E_memory__C)

.const:ti_sysbios_heaps_HeapMem_Module__gateObj__C 
*          0    0000122c    00000004     
                  0000122c    00000004     app_ble_pem3.oem3 (.const:ti_sysbios_heaps_HeapMem_Module__gateObj__C)

.const:ti_sysbios_heaps_HeapMem_Object__count__C 
*          0    00001230    00000004     
                  00001230    00000004     app_ble_pem3.oem3 (.const:ti_sysbios_heaps_HeapMem_Object__count__C)

.const:ti_sysbios_heaps_HeapMem_Object__table__C 
*          0    00001234    00000004     
                  00001234    00000004     app_ble_pem3.oem3 (.const:ti_sysbios_heaps_HeapMem_Object__table__C)

.const:ti_sysbios_heaps_HeapMem_reqAlign__C 
*          0    00001238    00000004     
                  00001238    00000004     app_ble_pem3.oem3 (.const:ti_sysbios_heaps_HeapMem_reqAlign__C)

.const:ti_sysbios_knl_Clock_triggerClock__C 
*          0    0000123c    00000004     
                  0000123c    00000004     app_ble_pem3.oem3 (.const:ti_sysbios_knl_Clock_triggerClock__C)

.const:ti_sysbios_knl_Mailbox_Object__count__C 
*          0    00001240    00000004     
                  00001240    00000004     app_ble_pem3.oem3 (.const:ti_sysbios_knl_Mailbox_Object__count__C)

.const:ti_sysbios_knl_Mailbox_Object__table__C 
*          0    00001244    00000004     
                  00001244    00000004     app_ble_pem3.oem3 (.const:ti_sysbios_knl_Mailbox_Object__table__C)

.const:ti_sysbios_knl_Mailbox_maxTypeAlign__C 
*          0    00001248    00000004     
                  00001248    00000004     app_ble_pem3.oem3 (.const:ti_sysbios_knl_Mailbox_maxTypeAlign__C)

.const:ti_sysbios_knl_Queue_Object__count__C 
*          0    0000124c    00000004     
                  0000124c    00000004     app_ble_pem3.oem3 (.const:ti_sysbios_knl_Queue_Object__count__C)

.const:ti_sysbios_knl_Queue_Object__table__C 
*          0    00001250    00000004     
                  00001250    00000004     app_ble_pem3.oem3 (.const:ti_sysbios_knl_Queue_Object__table__C)

.const:ti_sysbios_knl_Semaphore_eventPost__C 
*          0    00001254    00000004     
                  00001254    00000004     app_ble_pem3.oem3 (.const:ti_sysbios_knl_Semaphore_eventPost__C)

.const:ti_sysbios_knl_Semaphore_eventSync__C 
*          0    00001258    00000004     
                  00001258    00000004     app_ble_pem3.oem3 (.const:ti_sysbios_knl_Semaphore_eventSync__C)

.const:ti_sysbios_knl_Swi_Object__count__C 
*          0    0000125c    00000004     
                  0000125c    00000004     app_ble_pem3.oem3 (.const:ti_sysbios_knl_Swi_Object__count__C)

.const:ti_sysbios_knl_Swi_Object__table__C 
*          0    00001260    00000004     
                  00001260    00000004     app_ble_pem3.oem3 (.const:ti_sysbios_knl_Swi_Object__table__C)

.const:ti_sysbios_knl_Swi_numPriorities__C 
*          0    00001264    00000004     
                  00001264    00000004     app_ble_pem3.oem3 (.const:ti_sysbios_knl_Swi_numPriorities__C)

.const:ti_sysbios_knl_Task_Object__count__C 
*          0    00001268    00000004     
                  00001268    00000004     app_ble_pem3.oem3 (.const:ti_sysbios_knl_Task_Object__count__C)

.const:ti_sysbios_knl_Task_Object__table__C 
*          0    0000126c    00000004     
                  0000126c    00000004     app_ble_pem3.oem3 (.const:ti_sysbios_knl_Task_Object__table__C)

.const:ti_sysbios_knl_Task_allBlockedFunc__C 
*          0    00001270    00000004     
                  00001270    00000004     app_ble_pem3.oem3 (.const:ti_sysbios_knl_Task_allBlockedFunc__C)

.const:ti_sysbios_knl_Task_defaultStackHeap__C 
*          0    00001274    00000004     
                  00001274    00000004     app_ble_pem3.oem3 (.const:ti_sysbios_knl_Task_defaultStackHeap__C)

.const:ti_sysbios_knl_Task_defaultStackSize__C 
*          0    00001278    00000004     
                  00001278    00000004     app_ble_pem3.oem3 (.const:ti_sysbios_knl_Task_defaultStackSize__C)

.const:ti_sysbios_knl_Task_numConstructedTasks__C 
*          0    0000127c    00000004     
                  0000127c    00000004     app_ble_pem3.oem3 (.const:ti_sysbios_knl_Task_numConstructedTasks__C)

.const:ti_sysbios_family_arm_cc26xx_Timer_Module__id__C 
*          0    00001280    00000002     
                  00001280    00000002     app_ble_pem3.oem3 (.const:ti_sysbios_family_arm_cc26xx_Timer_Module__id__C)

.const:ti_sysbios_family_arm_cc26xx_TimestampProvider_useClockTimer__C 
*          0    00001282    00000002     
                  00001282    00000002     app_ble_pem3.oem3 (.const:ti_sysbios_family_arm_cc26xx_TimestampProvider_useClockTimer__C)

.const:ti_sysbios_family_arm_m3_Hwi_Module__id__C 
*          0    00001284    00000002     
                  00001284    00000002     app_ble_pem3.oem3 (.const:ti_sysbios_family_arm_m3_Hwi_Module__id__C)

.const:ti_sysbios_gates_GateHwi_Module__id__C 
*          0    00001286    00000002     
                  00001286    00000002     app_ble_pem3.oem3 (.const:ti_sysbios_gates_GateHwi_Module__id__C)

.const:ti_sysbios_gates_GateMutex_Module__id__C 
*          0    00001288    00000002     
                  00001288    00000002     app_ble_pem3.oem3 (.const:ti_sysbios_gates_GateMutex_Module__id__C)

.const:ti_sysbios_heaps_HeapMem_Module__id__C 
*          0    0000128a    00000002     
                  0000128a    00000002     app_ble_pem3.oem3 (.const:ti_sysbios_heaps_HeapMem_Module__id__C)

.const:ti_sysbios_knl_Task_initStackFlag__C 
*          0    0000128c    00000002     
                  0000128c    00000002     app_ble_pem3.oem3 (.const:ti_sysbios_knl_Task_initStackFlag__C)

.const:ti_sysbios_knl_Clock_tickMode__C 
*          0    0000128e    00000001     
                  0000128e    00000001     app_ble_pem3.oem3 (.const:ti_sysbios_knl_Clock_tickMode__C)

.const:xdc_runtime_Startup_firstFxns__C 
*          0    00001290    00000008     
                  00001290    00000008     app_ble_pem3.oem3 (.const:xdc_runtime_Startup_firstFxns__C)

.const:xdc_runtime_Startup_lastFxns__C 
*          0    00001298    00000008     
                  00001298    00000008     app_ble_pem3.oem3 (.const:xdc_runtime_Startup_lastFxns__C)

.const:xdc_runtime_Assert_E_assertFailed__C 
*          0    000012a0    00000004     
                  000012a0    00000004     app_ble_pem3.oem3 (.const:xdc_runtime_Assert_E_assertFailed__C)

.const:xdc_runtime_Error_E_memory__C 
*          0    000012a4    00000004     
                  000012a4    00000004     app_ble_pem3.oem3 (.const:xdc_runtime_Error_E_memory__C)

.const:xdc_runtime_Error_policyFxn__C 
*          0    000012a8    00000004     
                  000012a8    00000004     app_ble_pem3.oem3 (.const:xdc_runtime_Error_policyFxn__C)

.const:xdc_runtime_Error_raiseHook__C 
*          0    000012ac    00000004     
                  000012ac    00000004     app_ble_pem3.oem3 (.const:xdc_runtime_Error_raiseHook__C)

.const:xdc_runtime_IGateProvider_Interface__BASE__C 
*          0    000012b0    00000004     
                  000012b0    00000004     app_ble_pem3.oem3 (.const:xdc_runtime_IGateProvider_Interface__BASE__C)

.const:xdc_runtime_IHeap_Interface__BASE__C 
*          0    000012b4    00000004     
                  000012b4    00000004     app_ble_pem3.oem3 (.const:xdc_runtime_IHeap_Interface__BASE__C)

.const:xdc_runtime_IModule_Interface__BASE__C 
*          0    000012b8    00000004     
                  000012b8    00000004     app_ble_pem3.oem3 (.const:xdc_runtime_IModule_Interface__BASE__C)

.const:xdc_runtime_Memory_defaultHeapInstance__C 
*          0    000012bc    00000004     
                  000012bc    00000004     app_ble_pem3.oem3 (.const:xdc_runtime_Memory_defaultHeapInstance__C)

.const:xdc_runtime_Startup_execImpl__C 
*          0    000012c0    00000004     
                  000012c0    00000004     app_ble_pem3.oem3 (.const:xdc_runtime_Startup_execImpl__C)

.const:xdc_runtime_Startup_maxPasses__C 
*          0    000012c4    00000004     
                  000012c4    00000004     app_ble_pem3.oem3 (.const:xdc_runtime_Startup_maxPasses__C)

.const:xdc_runtime_Startup_sfxnRts__C 
*          0    000012c8    00000004     
                  000012c8    00000004     app_ble_pem3.oem3 (.const:xdc_runtime_Startup_sfxnRts__C)

.const:xdc_runtime_Startup_sfxnTab__C 
*          0    000012cc    00000004     
                  000012cc    00000004     app_ble_pem3.oem3 (.const:xdc_runtime_Startup_sfxnTab__C)

.const:xdc_runtime_Startup_startModsFxn__C 
*          0    000012d0    00000004     
                  000012d0    00000004     app_ble_pem3.oem3 (.const:xdc_runtime_Startup_startModsFxn__C)

.const:xdc_runtime_SysCallback_abortFxn__C 
*          0    000012d4    00000004     
                  000012d4    00000004     app_ble_pem3.oem3 (.const:xdc_runtime_SysCallback_abortFxn__C)

.const:xdc_runtime_SysCallback_exitFxn__C 
*          0    000012d8    00000004     
                  000012d8    00000004     app_ble_pem3.oem3 (.const:xdc_runtime_SysCallback_exitFxn__C)

.const:xdc_runtime_System_abortFxn__C 
*          0    000012dc    00000004     
                  000012dc    00000004     app_ble_pem3.oem3 (.const:xdc_runtime_System_abortFxn__C)

.const:xdc_runtime_System_exitFxn__C 
*          0    000012e0    00000004     
                  000012e0    00000004     app_ble_pem3.oem3 (.const:xdc_runtime_System_exitFxn__C)

.const:xdc_runtime_System_maxAtexitHandlers__C 
*          0    000012e4    00000004     
                  000012e4    00000004     app_ble_pem3.oem3 (.const:xdc_runtime_System_maxAtexitHandlers__C)

.const:xdc_runtime_Text_charTab__C 
*          0    000012e8    00000004     
                  000012e8    00000004     app_ble_pem3.oem3 (.const:xdc_runtime_Text_charTab__C)

.const:xdc_runtime_Text_nameEmpty__C 
*          0    000012ec    00000004     
                  000012ec    00000004     app_ble_pem3.oem3 (.const:xdc_runtime_Text_nameEmpty__C)

.const:xdc_runtime_Text_nameStatic__C 
*          0    000012f0    00000004     
                  000012f0    00000004     app_ble_pem3.oem3 (.const:xdc_runtime_Text_nameStatic__C)

.const:xdc_runtime_Text_nameUnknown__C 
*          0    000012f4    00000004     
                  000012f4    00000004     app_ble_pem3.oem3 (.const:xdc_runtime_Text_nameUnknown__C)

.const:xdc_runtime_Error_maxDepth__C 
*          0    000012f8    00000002     
                  000012f8    00000002     app_ble_pem3.oem3 (.const:xdc_runtime_Error_maxDepth__C)

.const:xdc_runtime_Memory_Module__id__C 
*          0    000012fa    00000002     
                  000012fa    00000002     app_ble_pem3.oem3 (.const:xdc_runtime_Memory_Module__id__C)

.const:xdc_runtime_Text_charCnt__C 
*          0    000012fc    00000002     
                  000012fc    00000002     app_ble_pem3.oem3 (.const:xdc_runtime_Text_charCnt__C)

.const:xdc_runtime_Text_isLoaded__C 
*          0    000012fe    00000002     
                  000012fe    00000002     app_ble_pem3.oem3 (.const:xdc_runtime_Text_isLoaded__C)

.const:xdc_runtime_Error_policy__C 
*          0    00001300    00000001     
                  00001300    00000001     app_ble_pem3.oem3 (.const:xdc_runtime_Error_policy__C)

.const:ti_sysbios_rom_ROM_ti_sysbios_family_arm_cc26xx_Timer_getCount64__E 
*          0    00001304    00000004     
                  00001304    00000004     app_ble_pem3.oem3 (.const:ti_sysbios_rom_ROM_ti_sysbios_family_arm_cc26xx_Timer_getCount64__E)

.const:ti_sysbios_rom_ROM_ti_sysbios_family_arm_cc26xx_Timer_getCurrentTick__E 
*          0    00001308    00000004     
                  00001308    00000004     app_ble_pem3.oem3 (.const:ti_sysbios_rom_ROM_ti_sysbios_family_arm_cc26xx_Timer_getCurrentTick__E)

.const:ti_sysbios_rom_ROM_ti_sysbios_family_arm_cc26xx_Timer_getMaxTicks__E 
*          0    0000130c    00000004     
                  0000130c    00000004     app_ble_pem3.oem3 (.const:ti_sysbios_rom_ROM_ti_sysbios_family_arm_cc26xx_Timer_getMaxTicks__E)

.const:ti_sysbios_rom_ROM_ti_sysbios_family_arm_cc26xx_Timer_initDevice__I 
*          0    00001310    00000004     
                  00001310    00000004     app_ble_pem3.oem3 (.const:ti_sysbios_rom_ROM_ti_sysbios_family_arm_cc26xx_Timer_initDevice__I)

.const:ti_sysbios_rom_ROM_ti_sysbios_family_arm_cc26xx_Timer_setNextTick__E 
*          0    00001314    00000004     
                  00001314    00000004     app_ble_pem3.oem3 (.const:ti_sysbios_rom_ROM_ti_sysbios_family_arm_cc26xx_Timer_setNextTick__E)

.const:ti_sysbios_rom_ROM_ti_sysbios_family_arm_cc26xx_Timer_setThreshold__I 
*          0    00001318    00000004     
                  00001318    00000004     app_ble_pem3.oem3 (.const:ti_sysbios_rom_ROM_ti_sysbios_family_arm_cc26xx_Timer_setThreshold__I)

.const:ti_sysbios_rom_ROM_ti_sysbios_family_arm_cc26xx_Timer_start__E 
*          0    0000131c    00000004     
                  0000131c    00000004     app_ble_pem3.oem3 (.const:ti_sysbios_rom_ROM_ti_sysbios_family_arm_cc26xx_Timer_start__E)

.const:ti_sysbios_rom_ROM_ti_sysbios_family_arm_cc26xx_TimestampProvider_get32__E 
*          0    00001320    00000004     
                  00001320    00000004     app_ble_pem3.oem3 (.const:ti_sysbios_rom_ROM_ti_sysbios_family_arm_cc26xx_TimestampProvider_get32__E)

.const:ti_sysbios_rom_ROM_xdc_runtime_Startup_getState__I 
*          0    00001324    00000004     
                  00001324    00000004     app_ble_pem3.oem3 (.const:ti_sysbios_rom_ROM_xdc_runtime_Startup_getState__I)

.const:ti_sysbios_rom_ROM_xdc_runtime_System_SupportProxy_abort__E 
*          0    00001328    00000004     
                  00001328    00000004     app_ble_pem3.oem3 (.const:ti_sysbios_rom_ROM_xdc_runtime_System_SupportProxy_abort__E)

.const:ti_sysbios_rom_ROM_xdc_runtime_System_SupportProxy_exit__E 
*          0    0000132c    00000004     
                  0000132c    00000004     app_ble_pem3.oem3 (.const:ti_sysbios_rom_ROM_xdc_runtime_System_SupportProxy_exit__E)

.text.2    0    00001330    00006c1c     
                  00001330    0000033c     rom_sysbios.aem3 : rom_sysbios.obj (.text:xdc_runtime_System_doPrint__I)
                  0000166c    00000314     drivers_cc26x0r2.aem3 : PowerCC26XX_calibrateRCOSC.oem3 (.text:PowerCC26XX_auxISR)
                  00001980    00000290     peripheral.obj (.text:GAPRole_SetParameter)
                  00001c10    0000024c     drivers_cc26x0r2.aem3 : CryptoCC26XX.oem3 (.text:cryptoTransactionExecute)
                  00001e5c    0000021c                           : PowerCC26XX.oem3 (.text:Power_sleep)
                  00002078    00000210     driverlib.lib : sys_ctrl.obj (.text:NOROM_SysCtrlSetRechargeBeforePowerDown)
                  00002288    000001f4     rtsv7M3_T_le_eabi.lib : ull_div_t2.obj (.text)
                  0000247c    000001dc     RFCC26XX_singleMode.obj (.text:fsmSetupState$3)
                  00002658    000001bc     main.obj (.text:AssertHandler)
                  00002814    000001b8     simple_peripheral.obj (.text:SimpleBLEPeripheral_processStateChangeEvt$0)
                  000029cc    000001b4     drivers_cc26x0r2.aem3 : PINCC26XX.oem3 (.text:PIN_init)
                  00002b80    000001a8     RFCC26XX_singleMode.obj (.text:RF_postCmd)
                  00002d28    00000198     drivers_cc26x0r2.aem3 : PowerCC26XX_calibrateRCOSC.oem3 (.text:PowerCC26XX_doCalibrate)
                  00002ec0    00000190     ECCROMCC26XX.obj (.text:ECCROMCC26XX_genDHKey)
                  00003050    00000190     drivers_cc26x0r2.aem3 : UARTCC26XX.oem3 (.text:UARTCC26XX_open)
                  000031e0    00000188     icall.obj (.text:icall_directAPI)
                  00003368    0000017c     RFCC26XX_singleMode.obj (.text:abortCmd$3)
                  000034e4    00000128     ECCROMCC26XX.obj (.text:ECCROMCC26XX_genKeys)
                  0000360c    00000124     peripheral.obj (.text:GAPRole_GetParameter)
                  00003730    00000118     drivers_cc26x0r2.aem3 : UARTCC26XX.oem3 (.text:UARTCC26XX_read)
                  00003848    00000118     main.obj (.text:main)
                  00003960    00000110     RFCC26XX_singleMode.obj (.text:fsmPowerUpState$3)
                  00003a70    0000010c     RFCC26XX_singleMode.obj (.text:hwiFxnCpe0Active$3)
                  00003b7c    0000010a     drivers_cc26x0r2.aem3 : UARTCC26XX.oem3 (.text:UARTCC26XX_hwiIntFxn)
                  00003c86    00000002     ble_user_config.obj (.text:DefaultAssertCback)
                  00003c88    00000104     RFCC26XX_singleMode.obj (.text:rf_init$3)
                  00003d8c    000000fc     drivers_cc26x0r2.aem3 : UARTCC26XX.oem3 (.text:UARTCC26XX_write)
                  00003e88    000000f8                           : CryptoCC26XX.oem3 (.text:CryptoCC26XX_open)
                  00003f80    000000f8     RFCC26XX_singleMode.obj (.text:radioOpDoneCb$3)
                  00004078    000000f8     app_ble_pem3.oem3 (.text:xdc_runtime_System_printfExtend__I)
                  00004170    000000dc     drivers_cc26x0r2.aem3 : PINCC26XX.oem3 (.text:PINCC26XX_setIoCfg)
                  0000424c    000000dc     simple_gatt_profile.obj (.text:simpleProfile_WriteAttrCB$14)
                  00004328    000000d4     dpl_cc26x0r2.aem3 : PowerCC26XX_tirtos.oem3 (.text:PowerCC26XX_standbyPolicy)
                  000043fc    000000c4     RFCC26XX_singleMode.obj (.text:RF_open)
                  000044c0    000000c0     simple_gatt_profile.obj (.text:SimpleProfile_SetParameter)
                  00004580    000000bc     drivers_cc26x0r2.aem3 : PowerCC26XX.oem3 (.text:Power_releaseDependency)
                  0000463c    000000b8     driverlib.lib : setup.obj (.text:NOROM_SetupTrimDevice)
                  000046f4    000000b4     drivers_cc26x0r2.aem3 : PowerCC26XX.oem3 (.text:Power_setDependency)
                  000047a8    000000b3     display.aem3 : DisplayUart.oem3 (.text:DisplayUartAnsi_open)
                  0000485b    00000001     --HOLE-- [fill = 0]
                  0000485c    000000b0     TRNGCC26XX.obj (.text:TRNGCC26XX_getNumber)
                  0000490c    000000b0     drivers_cc26x0r2.aem3 : UARTCC26XX.oem3 (.text:UARTCC26XX_initHw)
                  000049bc    000000b0     devinfoservice.obj (.text:devInfo_ReadAttrCB$10)
                  00004a6c    000000ac     display.aem3 : DisplayUart.oem3 (.text:DisplayUartAnsi_clearLines)
                  00004b18    000000a0     auto_init.aem3 : auto_init.oem3 (.text)
                  00004bb8    0000009f     display.aem3 : DisplayUart.oem3 (.text:DisplayUartAnsi_vprintf)
                  00004c57    00000001     --HOLE-- [fill = 0]
                  00004c58    0000009e     rom_sysbios.aem3 : rom_sysbios.obj (.text:xdc_runtime_Text_putSite__E)
                  00004cf6    0000009c     rtsv7M3_T_le_eabi.lib : memcpy_t2.obj (.text)
                  00004d92    00000002     display.aem3 : DisplayUart.oem3 (.text:DisplayUartAnsi_init)
                  00004d94    00000098     drivers_cc26x0r2.aem3 : PINCC26XX.oem3 (.text:PIN_open)
                  00004e2c    00000098                           : UARTCC26XX.oem3 (.text:UARTCC26XX_initIO)
                  00004ec4    00000098     rom_sysbios.aem3 : rom_sysbios.obj (.text:ti_sysbios_knl_Clock_workFuncDynamic__E)
                  00004f5c    00000098                      : rom_sysbios.obj (.text:xdc_runtime_Text_putMod__E)
                  00004ff4    00000094     gattservapp_util.obj (.text:gattServApp_SendNotiInd$12)
                  00005088    00000094     drivers_cc26x0r2.aem3 : UARTCC26XX.oem3 (.text:writeFinishedDoCallback)
                  0000511c    00000090     driverlib.lib : crypto.obj (.text:NOROM_CRYPTOAesLoadKey)
                  000051ac    00000090                   : setup.obj (.text:TrimAfterColdResetWakeupFromShutDown$19)
                  0000523c    0000008c     drivers_cc26x0r2.aem3 : UARTCC26XX.oem3 (.text:UARTCC26XX_close)
                  000052c8    0000008c                           : UARTCC26XX.oem3 (.text:UARTCC26XX_writeCancel)
                  00005354    0000008c                           : PowerCC26XX.oem3 (.text:disableLFClockQualifiers)
                  000053e0    00000084     icall.obj (.text:ICall_heapMalloc)
                  00005464    00000084     icall.obj (.text:ICall_setTimer)
                  000054e8    00000084     drivers_cc26x0r2.aem3 : PowerCC26XX.oem3 (.text:switchXOSCHFclockFunc)
                  0000556c    00000080     RFCC26XX_singleMode.obj (.text:RF_pendCmd)
                  000055ec    00000080     peripheral.obj (.text:gapRole_startConnUpdate$13)
                  0000566c    0000007c     RFCC26XX_singleMode.obj (.text:swiFxnHw$3)
                  000056e8    0000007a     drivers_cc26x0r2.aem3 : CryptoCC26XX.oem3 (.text:CryptoCC26XX_allocateKey)
                  00005762    0000007a     rtsv7M3_T_le_eabi.lib : memset_t2.obj (.text)
                  000057dc    00000078     drivers_cc26x0r2.aem3 : UARTCC26XX.oem3 (.text:writeTxFifoFlush)
                  00005854    00000074     rom_sysbios.aem3 : rom_sysbios.obj (.text:ti_sysbios_family_arm_cc26xx_Timer_start__E)
                  000058c8    0000006d                      : rom_sysbios.obj (.text:xdc_runtime_System_formatNum__I)
                  00005935    00000001     --HOLE-- [fill = 0]
                  00005936    00000002     RFCC26XX_singleMode.obj (.text:defaultErrCb$3)
                  00005938    0000006c     icall.obj (.text:ICall_createRemoteTasks)
                  000059a4    0000006c     icall.obj (.text:ICall_send)
                  00005a10    0000006c     driverlib.lib : osc.obj (.text:NOROM_OSCHF_AttemptToSwitchToXosc)
                  00005a7c    0000006c     drivers_cc26x0r2.aem3 : PowerCC26XX.oem3 (.text:PowerCC26XX_calibrate)
                  00005ae8    0000006c                           : PowerCC26XX_calibrateRCOSC.oem3 (.text:PowerCC26XX_initiateCalibration)
                  00005b54    00000068     driverlib.lib : sys_ctrl.obj (.text:NOROM_SysCtrl_DCDC_VoltageConditionalControl)
                  00005bbc    00000068     simple_peripheral.obj (.text:SimpleBLEPeripheral_freeAttRsp$0)
                  00005c24    00000068     drivers_cc26x0r2.aem3 : UARTCC26XX.oem3 (.text:UARTCC26XX_readCancel)
                  00005c8c    00000068                           : PowerCC26XX.oem3 (.text:configureXOSCHF)
                  00005cf4    00000068     RFCC26XX_singleMode.obj (.text:decActiveClientCnt$3)
                  00005d5c    00000068     rtsv7M3_T_le_eabi.lib : copy_decompress_lzss.obj (.text:decompress:lzss)
                  00005dc4    00000064     driverlib.lib : sys_ctrl.obj (.text:NOROM_SysCtrlAdjustRechargeAfterPowerDown)
                  00005e28    00000064     RFCC26XX_singleMode.obj (.text:fsmXOSCState$3)
                  00005e8c    00000060     icall.obj (.text:ICall_enrollService)
                  00005eec    00000060     RFCC26XX_singleMode.obj (.text:RF_getCurrentTime)
                  00005f4c    0000005e     icall.obj (.text:ICall_fetchMsg)
                  00005faa    00000002     drivers_cc26x0r2.aem3 : PowerCC26XX.oem3 (.text:emptyClockFunc)
                  00005fac    0000005c     display.aem3 : Display.oem3 (.text:Display_doOpen)
                  00006008    0000005c     icall.obj (.text:ICall_pwrUpdActivityCounter)
                  00006064    0000005c     drivers_cc26x0r2.aem3 : PowerCC26XX_calibrateRCOSC.oem3 (.text:PowerCC26XX_RCOSC_clockFunc)
                  000060c0    0000005c     simple_gatt_profile.obj (.text:simpleProfile_ReadAttrCB$14)
                  0000611c    0000005c     app_ble_pem3.oem3 (.text:xdc_runtime_Startup_getState__I)
                  00006178    0000005b     rom_sysbios.aem3 : rom_sysbios.obj (.text:xdc_runtime_Text_putLab__E)
                  000061d3    00000001     --HOLE-- [fill = 0]
                  000061d4    00000058     icall.obj (.text:ICall_wait)
                  0000622c    00000058     drivers_cc26x0r2.aem3 : PINCC26XX.oem3 (.text:PIN_remove)
                  00006284    00000058                           : UARTCC26XX.oem3 (.text:UARTCC26XX_control)
                  000062dc    00000054     RFCC26XX_singleMode.obj (.text:hwiFxnHw$3)
                  00006330    00000054     RFCC26XX_singleMode.obj (.text:ratChanFree$3)
                  00006384    00000054     rtsv7M3_T_le_eabi.lib : exit.obj (.text)
                  000063d8    00000050     ECCROMCC26XX.obj (.text:ECCROMCC26XX_Params_init)
                  00006428    00000050     icall.obj (.text:ICall_registerApp)
                  00006478    00000050     RFCC26XX_singleMode.obj (.text:RF_getInfo)
                  000064c8    00000050     util.obj (.text:Util_convertBdAddr2Str)
                  00006518    00000050     drivers_cc26x0r2.aem3 : UARTCC26XX.oem3 (.text:startTxFifoEmptyClk)
                  00006568    0000004c     icall.obj (.text:ICall_newTask$5)
                  000065b4    0000004c     RFCC26XX_singleMode.obj (.text:RF_wakeupNotifyFxn$3)
                  00006600    0000004c     rtsv7M3_T_le_eabi.lib : cpy_tbl.obj (.text)
                  0000664c    0000004c     RFCC26XX_singleMode.obj (.text:syncCb$3)
                  00006698    00000048     ECCROMCC26XX.obj (.text:ECC_initGlobals$2)
                  000066e0    00000048     drivers_cc26x0r2.aem3 : PINCC26XX.oem3 (.text:PIN_setOutputEnable)
                  00006728    00000048     simple_peripheral.obj (.text:SimpleBLEPeripheral_enqueueMsg$0)
                  00006770    00000048     util.obj (.text:Util_constructClock)
                  000067b8    00000044     driverlib.lib : osc.obj (.text:NOROM_OSCHF_SwitchToRcOscTurnOffXosc)
                  000067fc    00000044     drivers_cc26x0r2.aem3 : PINCC26XX.oem3 (.text:PIN_swi)
                  00006840    00000044                           : RingBuf.oem3 (.text:RingBuf_put)
                  00006884    00000044     simple_gatt_profile.obj (.text:SimpleProfile_GetParameter)
                  000068c8    00000044     boot.aem3 : boot.oem3 (.text)
                  0000690c    00000044     drivers_cc26x0r2.aem3 : PowerCC26XX.oem3 (.text:notify)
                  00006950    00000044     rom_sysbios.aem3 : rom_sysbios.obj (.text:xdc_runtime_Text_xprintf__I)
                  00006994    00000040     ECCROMCC26XX.obj (.text:ECCROMCC26XX_init)
                  000069d4    00000040     peripheral.obj (.text:GAPRole_createTask)
                  00006a14    00000040     RFCC26XX_singleMode.obj (.text:RF_getRssi)
                  00006a54    00000040     dpl_cc26x0r2.aem3 : SemaphoreP_tirtos.oem3 (.text:SemaphoreP_create)
                  00006a94    00000040     drivers_cc26x0r2.aem3 : UART.oem3 (.text:UART_init)
                  00006ad4    00000040                           : UART.oem3 (.text:UART_open)
                  00006b14    00000040     rtsv7M3_T_le_eabi.lib : u_divt2.obj (.text)
                  00006b54    0000003e     drivers_cc26x0r2.aem3 : RingBuf.oem3 (.text:RingBuf_get)
                  00006b92    00000002     rtsv7M3_T_le_eabi.lib : i_div0.obj (.text)
                  00006b94    0000003c     driverlib.lib : osc.obj (.text:NOROM_OSC_HPOSCRelativeFrequencyOffsetGet)
                  00006bd0    0000003c     drivers_cc26x0r2.aem3 : PowerCC26XX.oem3 (.text:PowerCC26XX_isStableXOSC_HF)
                  00006c0c    0000003c                           : PowerCC26XX.oem3 (.text:PowerCC26XX_switchXOSC_HF)
                  00006c48    0000003c     RFCC26XX_singleMode.obj (.text:RF_runCmd)
                  00006c84    0000003c     simple_peripheral.obj (.text:SimpleBLEPeripheral_createTask)
                  00006cc0    0000003c     RFCC26XX_singleMode.obj (.text:postDirImmCmd$3)
                  00006cfc    00000038     drivers_cc26x0r2.aem3 : PINCC26XX.oem3 (.text:PIN_setOutputValue)
                  00006d34    00000038                           : UARTCC26XX.oem3 (.text:UARTCC26XX_swiIntFxn)
                  00006d6c    00000038     util.obj (.text:Util_restartClock)
                  00006da4    00000038     RFCC26XX_singleMode.obj (.text:dispatchOpWhen$3)
                  00006ddc    00000038     rom_sysbios.aem3 : rom_sysbios.obj (.text:ti_sysbios_family_arm_cc26xx_Timer_getCurrentTick__E)
                  00006e14    00000038                      : rom_sysbios.obj (.text:ti_sysbios_family_arm_cc26xx_Timer_setThreshold__I)
                  00006e4c    00000036     drivers_cc26x0r2.aem3 : CryptoCC26XX.oem3 (.text:CryptoCC26XX_loadKey)
                  00006e82    00000002     app_ble_pem3.oem3 (.text:ti_sysbios_BIOS_nullFunc__I)
                  00006e84    00000034     icall.obj (.text:ICall_primEntityId2ServiceId$5)
                  00006eb8    00000034     icall.obj (.text:ICall_searchServiceEntity)
                  00006eec    00000034     drivers_cc26x0r2.aem3 : PINCC26XX.oem3 (.text:PIN_setConfig)
                  00006f20    00000034                           : PowerCC26XX.oem3 (.text:Power_releaseConstraint)
                  00006f54    00000034     RFCC26XX_singleMode.obj (.text:Q_push$3)
                  00006f88    00000034     rom_sysbios.aem3 : rom_sysbios.obj (.text:ti_sysbios_family_arm_cc26xx_Timer_initDevice__I)
                  00006fbc    00000032     icall.obj (.text:ICall_fetchServiceMsg)
                  00006fee    00000032     rom_sysbios.aem3 : rom_sysbios.obj (.text:ti_sysbios_family_arm_cc26xx_Timer_setNextTick__E)
                  00007020    00000030     icall.obj (.text:ICall_dispatch$5)
                  00007050    00000030     icall.obj (.text:ICall_msecs2Ticks$5)
                  00007080    00000030     drivers_cc26x0r2.aem3 : PowerCC26XX.oem3 (.text:Power_setConstraint)
                  000070b0    00000030     app_ble_pem3.oem3 (.text:ti_sysbios_BIOS_atExitFunc__I)
                  000070e0    00000030     app_ble_pem3.oem3 (.text:ti_sysbios_BIOS_startFunc__I)
                  00007110    0000002f     rom_sysbios.aem3 : rom_sysbios.obj (.text:xdc_runtime_Text_printVisFxn__I)
                  0000713f    00000001     --HOLE-- [fill = 0]
                  00007140    0000002e     icall_cc2650.obj (.text:ICallPlatform_pwrDispenseImpl$6)
                  0000716e    0000002e     icall_cc2650.obj (.text:ICallPlatform_pwrRequireImpl$6)
                  0000719c    0000002e     drivers_cc26x0r2.aem3 : UARTCC26XX.oem3 (.text:readData)
                  000071ca    0000002e                           : UARTCC26XX.oem3 (.text:writeData)
                  000071f8    0000002c     peripheral.obj (.text:GAPRole_TerminateConnection)
                  00007224    0000002c     icall.obj (.text:ICall_heapFree)
                  00007250    0000002c     icall.obj (.text:ICall_msgEnqueue$5)
                  0000727c    0000002c     icall.obj (.text:ICall_searchTask$5)
                  000072a8    0000002c     driverlib.lib : chipinfo.obj (.text:NOROM_ChipInfo_GetChipFamily)
                  000072d4    0000002c                   : rfc.obj (.text:NOROM_RFCDoorbellSendTo)
                  00007300    0000002c     drivers_cc26x0r2.aem3 : PINCC26XX.oem3 (.text:PINCC26XX_setMux)
                  0000732c    0000002c     RFCC26XX_singleMode.obj (.text:getCmd$3)
                  00007358    0000002c     rom_sysbios.aem3 : rom_sysbios.obj (.text:ti_sysbios_knl_Clock_getTicksUntilInterrupt__E)
                  00007384    0000002a     display.aem3 : DisplayUart.oem3 (.text:DisplayUartAnsi_clear)
                  000073ae    0000002a                  : Display.oem3 (.text:Display_doPrintf)
                  000073d8    0000002a     rom_sysbios.aem3 : rom_sysbios.obj (.text:xdc_runtime_System_putchar__I)
                  00007402    00000002     app_ble_pem3.oem3 (.text:ti_sysbios_rom_cortexm_cc26xx_r2_CC26xx_badRomRevision__E)
                  00007404    00000028     drivers_cc26x0r2.aem3 : CryptoCC26XX.oem3 (.text:CryptoCC26XX_init)
                  0000742c    00000028                           : PowerCC26XX.oem3 (.text:Power_registerNotify)
                  00007454    00000028     driverlib.lib : adi.obj (.text:SafeHapiVoid)
                  0000747c    00000028     TRNGCC26XX.obj (.text:TRNGCC26XX_init)
                  000074a4    00000028     drivers_cc26x0r2.aem3 : UARTCC26XX.oem3 (.text:readData2RingBuf)
                  000074cc    00000026                           : CryptoCC26XX.oem3 (.text:cryptoTransactionPend)
                  000074f2    00000002     rom_sysbios.aem3 : rom_sysbios.obj (.text:xdc_runtime_SysCallback_defaultAbort)
                  000074f4    00000024     drivers_cc26x0r2.aem3 : CryptoCC26XX.oem3 (.text:CryptoCC26XX_hwiIntFxn)
                  00007518    00000024     icall.obj (.text:ICall_getLocalMsgEntityId)
                  0000753c    00000024     driverlib.lib : osc.obj (.text:NOROM_OSCHF_TurnOnXosc)
                  00007560    00000024     drivers_cc26x0r2.aem3 : PINCC26XX.oem3 (.text:PINCC26XX_getPinCount)
                  00007584    00000024     RFCC26XX_singleMode.obj (.text:hwiFxnCpe0PowerFsm$3)
                  000075a8    00000024     app_ble_pem3.oem3 (.text:ti_sysbios_BIOS_registerRTSLock__I)
                  000075cc    00000024     app_ble_pem3.oem3 (.text:ti_sysbios_BIOS_removeRTSLock__I)
                  000075f0    00000024     rom_sysbios.aem3 : rom_sysbios.obj (.text:ti_sysbios_family_arm_cc26xx_Timer_getMaxTicks__E)
                  00007614    00000022     icall.obj (.text:ICall_setTimerMSecs)
                  00007636    00000022     drivers_cc26x0r2.aem3 : List.oem3 (.text:List_put)
                  00007658    00000022     driverlib.lib : uart.obj (.text:NOROM_UARTConfigSetExpClk)
                  0000767a    00000002     rom_sysbios.aem3 : rom_sysbios.obj (.text:xdc_runtime_SysCallback_defaultExit)
                  0000767c    00000020     driverlib.lib : uart.obj (.text:NOROM_UARTDisable)
                  0000769c    00000020     drivers_cc26x0r2.aem3 : PowerCC26XX.oem3 (.text:Power_unregisterNotify)
                  000076bc    00000020     gattservapp_util.obj (.text:gattServApp_FindCharCfgItem$12)
                  000076dc    00000020     app_ble_pem3.oem3 (.text:ti_sysbios_BIOS_rtsLock__I)
                  000076fc    00000020     rom_sysbios.aem3 : rom_sysbios.obj (.text:ti_sysbios_family_arm_cc26xx_Timer_dynamicStub__E)
                  0000771c    00000020                      : rom_sysbios.obj (.text:xdc_runtime_Registry_findById__E)
                  0000773c    0000001e     drivers_cc26x0r2.aem3 : PINCC26XX.oem3 (.text:PIN_close)
                  0000775a    0000001e                           : PowerCC26XX.oem3 (.text:Power_getTransitionLatency)
                  00007778    0000001c     icall.obj (.text:ICall_primRepostSync$5)
                  00007794    0000001c     drivers_cc26x0r2.aem3 : PINCC26XX.oem3 (.text:PIN_hwi)
                  000077b0    0000001c     RFCC26XX_singleMode.obj (.text:RF_runDirectCmd)
                  000077cc    0000001c     TRNGCC26XX.obj (.text:TRNGCC26XX_open)
                  000077e8    0000001c     TRNGCC26XX.obj (.text:openTRNG)
                  00007804    0000001a     icall.obj (.text:ICall_enterCSImpl)
                  0000781e    0000001a     dpl_cc26x0r2.aem3 : SystemP_tirtos.oem3 (.text:SystemP_snprintf)
                  00007838    00000018     icall_api_lite.obj (.text:GATT_bm_free)
                  00007850    00000018     driverlib.lib : chipinfo.obj (.text:NOROM_ChipInfo_GetPackageType)
                  00007868    00000018                   : rfc.obj (.text:NOROM_RFCCpeIntGetAndClear)
                  00007880    00000018     drivers_cc26x0r2.aem3 : PowerCC26XX.oem3 (.text:Power_idleFunc)
                  00007898    00000018     RFCC26XX_singleMode.obj (.text:Q_pop$3)
                  000078b0    00000018     RFCC26XX_singleMode.obj (.text:RF_runImmediateCmd)
                  000078c8    00000018     drivers_cc26x0r2.aem3 : UARTCC26XX.oem3 (.text:UARTCC26XX_init)
                  000078e0    00000018                           : UART.oem3 (.text:UART_Params_init)
                  000078f8    00000018                           : PowerCC26XX.oem3 (.text:configureRFCoreClocks)
                  00007910    00000018                           : CryptoCC26XX.oem3 (.text:cryptoTransactionPoll)
                  00007928    00000018     rtsv7M3_T_le_eabi.lib : args_main.obj (.text)
                  00007940    00000018                           : ll_mul_t2.obj (.text)
                  00007958    00000018     RFCC26XX_singleMode.obj (.text:swiFxnFsm$3)
                  00007970    00000018     app_ble_pem3.oem3 (.text:ti_sysbios_BIOS_rtsUnlock__I)
                  00007988    00000018     rom_sysbios.aem3 : rom_sysbios.obj (.text:ti_sysbios_knl_Clock_getTimeout__E)
                  000079a0    00000018                      : rom_sysbios.obj (.text:ti_sysbios_knl_Swi_or__E)
                  000079b8    00000018     app_ble_pem3.oem3 (.text:ti_sysbios_rom_cortexm_cc26xx_r2_CC26xx_checkRevision__E)
                  000079d0    00000016     display.aem3 : DisplayUart.oem3 (.text:DisplayUartAnsi_close)
                  000079e6    00000016     icall.obj (.text:ICall_leaveCSImpl)
                  000079fc    00000016     icall.obj (.text:ICall_pwrDispense)
                  00007a12    00000016     icall.obj (.text:ICall_pwrRequire)
                  00007a28    00000016     drivers_cc26x0r2.aem3 : List.oem3 (.text:List_remove)
                  00007a3e    00000016     ble_user_config.obj (.text:driverTable_fnSpinlock)
                  00007a54    00000016     app_ble_pem3.oem3 (.text:ti_sysbios_BIOS_errorRaiseHook__I)
                  00007a6a    00000016     app_ble_pem3.oem3 (.text:ti_sysbios_BIOS_exitFunc__I)
                  00007a80    00000014     RFCC26XX_singleMode.obj (.text:RF_Params_init)
                  00007a94    00000014     rtsv7M3_T_le_eabi.lib : _lock.obj (.text)
                  00007aa8    00000014                           : strlen.obj (.text)
                  00007abc    00000014     rom_sysbios.aem3 : rom_sysbios.obj (.text:ti_sysbios_family_arm_cc26xx_Timer_getCount64__E)
                  00007ad0    00000014     app_ble_pem3.oem3 (.text:ti_sysbios_knl_Clock_doTick__I)
                  00007ae4    00000012     RFCC26XX_singleMode.obj (.text:RF_getCmdOp)
                  00007af6    00000012     drivers_cc26x0r2.aem3 : RingBuf.oem3 (.text:RingBuf_construct)
                  00007b08    00000012     dpl_cc26x0r2.aem3 : SemaphoreP_tirtos.oem3 (.text:SemaphoreP_pend)
                  00007b1a    00000012     app_ble_pem3.oem3 (.text:xdc_runtime_Startup_exec__I)
                  00007b2c    00000010     icall.obj (.text:ICall_taskEntry$5)
                  00007b3c    00000010     simple_peripheral.obj (.text:SimpleBLEPeripheral_clockHandler$0)
                  00007b4c    00000010     util.obj (.text:Util_isActive)
                  00007b5c    00000010     RFCC26XX_singleMode.obj (.text:clkPowerUpFxn$3)
                  00007b6c    00000010     peripheral.obj (.text:gapRole_setEvent$13)
                  00007b7c    00000010     rom_sysbios.aem3 : rom_sysbios.obj (.text:ti_sysbios_family_arm_m3_Hwi_post__E)
                  00007b8c    00000010     drivers_cc26x0r2.aem3 : UARTCC26XX.oem3 (.text:uartPostNotify)
                  00007b9c    00000010     rom_sysbios.aem3 : rom_sysbios.obj (.text:xdc_runtime_SysCallback_putch__E)
                  00007bac    00000010                      : rom_sysbios.obj (.text:xdc_runtime_SysCallback_ready__E)
                  00007bbc    00000010                      : rom_sysbios.obj (.text:xdc_runtime_System_vsnprintf__E)
                  00007bcc    0000000e     icall.obj (.text:ICall_signal)
                  00007bda    0000000e     driverlib.lib : uart.obj (.text:NOROM_UARTCharGetNonBlocking)
                  00007be8    0000000e                   : uart.obj (.text:NOROM_UARTCharPutNonBlocking)
                  00007bf6    0000000e     dpl_cc26x0r2.aem3 : SemaphoreP_tirtos.oem3 (.text:SemaphoreP_delete)
                  00007c04    0000000e     rtsv7M3_T_le_eabi.lib : copy_decompress_none.obj (.text:decompress:none)
                  00007c12    0000000e     rom_sysbios.aem3 : rom_sysbios.obj (.text:ti_sysbios_family_arm_cc26xx_TimestampProvider_get32__E)
                  00007c20    0000000c     display.aem3 : Display.oem3 (.text:Display_doClearLines)
                  00007c2c    0000000c     RFCC26XX_singleMode.obj (.text:FsmNextState$3)
                  00007c38    0000000c     icall.obj (.text:ICall_clockFunc$5)
                  00007c44    0000000c     drivers_cc26x0r2.aem3 : List.oem3 (.text:List_empty)
                  00007c50    0000000c     driverlib.lib : cpu.obj (.text:NOROM_CPUcpsid)
                  00007c5c    0000000c                   : cpu.obj (.text:NOROM_CPUcpsie)
                  00007c68    0000000c                   : osc.obj (.text:NOROM_OSC_HPOSCRelativeFrequencyOffsetToRFCoreFormatConvert)
                  00007c74    0000000c     drivers_cc26x0r2.aem3 : PowerCC26XX.oem3 (.text:Power_getConstraintMask)
                  00007c80    0000000c                           : PowerCC26XX.oem3 (.text:Power_getDependencyCount)
                  00007c8c    0000000c     util.obj (.text:Util_startClock)
                  00007c98    0000000c     rtsv7M3_T_le_eabi.lib : copy_zero_init.obj (.text:decompress:ZI)
                  00007ca4    0000000c     icall.obj (.text:matchLiteCS$5)
                  00007cb0    0000000c     rom_sysbios.aem3 : rom_sysbios.obj (.text:ti_sysbios_BIOS_getThreadType__E)
                  00007cbc    0000000c                      : rom_sysbios.obj (.text:ti_sysbios_knl_Swi_getTrigger__E)
                  00007cc8    0000000c     app_ble_pem3.oem3 (.text:xdc_runtime_Startup_reset__I)
                  00007cd4    0000000a     icall.obj (.text:ICall_stopTimer)
                  00007cde    0000000a     dpl_cc26x0r2.aem3 : SemaphoreP_tirtos.oem3 (.text:SemaphoreP_Params_init)
                  00007ce8    0000000a                       : SemaphoreP_tirtos.oem3 (.text:SemaphoreP_post)
                  00007cf2    0000000a     drivers_cc26x0r2.aem3 : UART.oem3 (.text:UART_close)
                  00007cfc    0000000a                           : UART.oem3 (.text:UART_control)
                  00007d06    0000000a                           : UART.oem3 (.text:UART_write)
                  00007d10    00000008                           : CryptoCC26XX.oem3 (.text:CryptoCC26XX_Params_init)
                  00007d18    00000008     RFCC26XX_singleMode.obj (.text:RF_flushCmd)
                  00007d20    00000008     simple_peripheral.obj (.text:SimpleBLEPeripheral_charValueChangeCB$0)
                  00007d28    00000008     simple_peripheral.obj (.text:SimpleBLEPeripheral_stateChangeCB$0)
                  00007d30    00000008     drivers_cc26x0r2.aem3 : CryptoCC26XX.oem3 (.text:cryptoPostNotify)
                  00007d38    00000008                           : UARTCC26XX.oem3 (.text:readSemCallback)
                  00007d40    00000008                           : UARTCC26XX.oem3 (.text:writeSemCallback)
                  00007d48    00000008     app_ble_pem3.oem3 (.text:xdc_runtime_Text_visitRope__I)
                  00007d50    00000006     drivers_cc26x0r2.aem3 : CryptoCC26XX.oem3 (.text:CryptoCC26XX_transact)
                  00007d56    00000006                           : CryptoCC26XX.oem3 (.text:CryptoCC26XX_transactPolling)
                  00007d5c    00000006     display.aem3 : DisplayUart.oem3 (.text:DisplayUartAnsi_control)
                  00007d62    00000006                  : DisplayUart.oem3 (.text:DisplayUartAnsi_getType)
                  00007d68    00000006     icall.obj (.text:ICall_freeMsg)
                  00007d6e    00000006     driverlib.lib : cpu.obj (.text:NOROM_CPUdelay)
                  00007d74    00000006     drivers_cc26x0r2.aem3 : UARTCC26XX.oem3 (.text:UARTCC26XX_readPolling)
                  00007d7a    00000006                           : UARTCC26XX.oem3 (.text:UARTCC26XX_writePolling)
                  00007d80    00000006     RFCC26XX_singleMode.obj (.text:clkInactivityFxn$3)
                  00007d86    00000006     rom_sysbios.aem3 : rom_sysbios.obj (.text:ti_sysbios_family_arm_m3_Hwi_setFunc__E)
                  00007d8c    00000004     dpl_cc26x0r2.aem3 : PowerCC26XX_tirtos.oem3 (.text:CPUwfi)
                  00007d90    00000004                       : HwiP_tirtos.oem3 (.text:HwiP_disable)
                  00007d94    00000004     icall.obj (.text:ICall_abort)
                  00007d98    00000004     drivers_cc26x0r2.aem3 : List.oem3 (.text:List_head)
                  00007d9c    00000004                           : List.oem3 (.text:List_next)
                  00007da0    00000004     RFCC26XX_singleMode.obj (.text:Q_peek$3)
                  00007da4    00000004     dpl_cc26x0r2.aem3 : SystemP_tirtos.oem3 (.text:SystemP_vsnprintf)
                  00007da8    00000004     util.obj (.text:Util_stopClock)
                  00007dac    00000004     drivers_cc26x0r2.aem3 : PowerCC26XX.oem3 (.text:nopResourceHandler)
                  00007db0    00000004     rom_sysbios.aem3 : rom_sysbios.obj (.text:ti_sysbios_knl_Clock_isActive__E)
                  00007db4    00000004                      : rom_sysbios.obj (.text:xdc_runtime_SysCallback_defaultReady)
                  00007db8    00000002                      : rom_sysbios.obj (.text:xdc_runtime_SysCallback_defaultPutch)
                  00007dba    00000002     --HOLE-- [fill = 0]
                  00007dbc    00000008     (.tramp.ti_sysbios_knl_Semaphore_delete.1)
                  00007dc4    00000008     (.tramp.xdc_runtime_Startup_startMods__I.1)
                  00007dcc    00000008     (.tramp.ti_sysbios_knl_Clock_logTick__E.1)
                  00007dd4    00000008     (.tramp.ti_sysbios_BIOS_RtsGateProxy_leave__E.1)
                  00007ddc    00000008     (.tramp.ti_sysbios_BIOS_RtsGateProxy_enter__E.1)
                  00007de4    00000008     (.tramp.ti_sysbios_knl_Task_startup__E.1)
                  00007dec    00000008     (.tramp.ti_sysbios_knl_Swi_startup__E.1)
                  00007df4    00000008     (.tramp.ti_sysbios_hal_Hwi_startup__E.1)
                  00007dfc    00000008     (.tramp.ti_sysbios_family_arm_cc26xx_Timer_startup__E.1)
                  00007e04    00000008     (.tramp.xdc_runtime_System_atexit__E.1)
                  00007e0c    00000008     (.tramp.ti_sysbios_BIOS_linkedWithIncorrectBootLibrary__E.1)
                  00007e14    00000008     (.tramp.xdc_runtime_Startup_rtsDone__E.1)
                  00007e1c    00000008     (.tramp.ti_sysbios_BIOS_setThreadType__E.1)
                  00007e24    00000008     (.tramp.ti_sysbios_knl_Task_construct.1)
                  00007e2c    00000008     (.tramp.ti_sysbios_knl_Semaphore_create.1)
                  00007e34    00000008     (.tramp.xdc_runtime_System_exit__E.1)
                  00007e3c    00000008     (.tramp.ti_sysbios_knl_Queue_put__E.1)
                  00007e44    00000008     (.tramp.ti_sysbios_knl_Event_create.1)
                  00007e4c    00000008     (.tramp.ti_sysbios_knl_Task_create.1)
                  00007e54    00000008     (.tramp.ti_sysbios_knl_Task_Params__init__S.1)
                  00007e5c    00000008     (.tramp.ti_sysbios_knl_Clock_create.1)
                  00007e64    00000008     (.tramp.ti_sysbios_knl_Clock_destruct.1)
                  00007e6c    00000008     (.tramp.ti_sysbios_knl_Semaphore_destruct.1)
                  00007e74    00000008     (.tramp.ti_sysbios_knl_Swi_destruct.1)
                  00007e7c    00000008     (.tramp.ti_sysbios_family_arm_m3_Hwi_destruct.1)
                  00007e84    00000008     (.tramp.ti_sysbios_knl_Clock_scheduleNextTick__E.1)
                  00007e8c    00000008     (.tramp.ti_sysbios_knl_Clock_walkQueueDynamic__E.1)
                  00007e94    00000008     (.tramp.ti_sysbios_knl_Clock_TimerProxy_getCurrentTick__E.1)
                  00007e9c    00000008     (.tramp.ti_sysbios_BIOS_getCpuFreq__E.1)
                  00007ea4    00000008     (.tramp.ti_sysbios_family_arm_m3_Hwi_enableInterrupt__E.1)
                  00007eac    00000008     (.tramp.ti_sysbios_BIOS_start__E.1)
                  00007eb4    00000008     (.tramp.ti_sysbios_knl_Swi_post__E.1)
                  00007ebc    00000008     common_r2.symbols (.tramp.eccRom_genKeys.1)
                  00007ec4    00000008     (.tramp.ti_sysbios_knl_Event_post__E.1)
                  00007ecc    00000008     (.tramp.ti_sysbios_knl_Clock_getTicks__E.1)
                  00007ed4    00000008     (.tramp.ti_sysbios_knl_Task_self__E.1)
                  00007edc    00000008     common_r2.symbols (.tramp.eccRom_genSharedSecret.1)
                  00007ee4    00000008     (.tramp.xdc_runtime_System_abortSpin__E.1)
                  00007eec    00000008     (.tramp.ti_sysbios_knl_Clock_stop__E.1)
                  00007ef4    00000008     (.tramp.ti_sysbios_knl_Swi_construct.1)
                  00007efc    00000008     (.tramp.ti_sysbios_knl_Swi_Params__init__S.1)
                  00007f04    00000008     (.tramp.ti_sysbios_family_arm_m3_Hwi_construct.1)
                  00007f0c    00000008     (.tramp.ti_sysbios_family_arm_m3_Hwi_Params__init__S.1)
                  00007f14    00000008     (.tramp.ti_sysbios_knl_Semaphore_construct.1)
                  00007f1c    00000008     (.tramp.ti_sysbios_knl_Semaphore_Params__init__S.1)
                  00007f24    00000008     (.tramp.ti_sysbios_knl_Swi_restore__E.1)
                  00007f2c    00000008     (.tramp.ti_sysbios_knl_Swi_disable__E.1)
                  00007f34    00000008     (.tramp.ti_sysbios_knl_Task_restore__E.1)
                  00007f3c    00000008     (.tramp.ti_sysbios_knl_Task_disable__E.1)
                  00007f44    00000008     (.tramp.ti_sysbios_knl_Semaphore_pend__E.1)

.const     0    00007f4c    0000045a     
                  00007f4c    0000004c     drivers_cc26x0r2.aem3 : PowerCC26XX.oem3 (.const:resourceDB)
                  00007f98    0000004c     ble_user_config.obj (.const:rfDriverTableBLE)
                  00007fe4    00000048     app_ble_pem3.oem3 (.const:.string)
                  0000802c    00000040     drivers_cc26x0r2.aem3 : UARTCC26XX.oem3 (.const:$O1$$)
                  0000806c    0000003c     board.obj (.const:$O12$$)
                  000080a8    0000003c     icall_user_config.obj (.const:icallServiceTable)
                  000080e4    0000002c     gatt_uuid.obj (.const:$O9$$)
                  00008110    0000002c     ble_user_config.obj (.const:cryptoDriverTableBLE)
                  0000813c    00000028     drivers_cc26x0r2.aem3 : UARTCC26XX.oem3 (.const:UARTCC26XX_fxnTable)
                  00008164    00000027     ble_user_config.obj (.const:TxPowerTable)
                  0000818b    00000001     display.aem3 : Display.oem3 (.const:Display_defaultParams)
                  0000818c    00000024     drivers_cc26x0r2.aem3 : UART.oem3 (.const:UART_defaultParams)
                  000081b0    00000024     app_ble_pem3.oem3 (.const:xdc_runtime_Startup_sfxnTab__A)
                  000081d4    00000020     display.aem3 : DisplayUart.oem3 (.const:DisplayUartAnsi_fxnTable)
                  000081f4    00000020     board.obj (.const:uartCC26XXHWAttrs)
                  00008214    0000001c     RFCC26XX_singleMode.obj (.const:RF_defaultParams$3)
                  00008230    00000018     icall.obj (.const:$O5$$)
                  00008248    00000014     ble_user_config.obj (.const:bleStackConfig)
                  0000825c    00000014     board.obj (.const:displayUartHWAttrs)
                  00008270    00000014     ble_user_config.obj (.const:driverTable)
                  00008284    00000012     app_ble_pem3.oem3 (.const:xdc_runtime_Startup_sfxnRts__A)
                  00008296    00000011     util.obj (.const:.string:$P$T0$2$1)
                  000082a7    00000001     app_ble_pem3.oem3 (.const:xdc_runtime_Text_charTab__A)
                  000082a8    00000010     board.obj (.const:PowerCC26XX_config)
                  000082b8    00000010     board.obj (.const:cryptoCC26XXHWAttrs)
                  000082c8    00000010     icall_user_config.obj (.const:eccDriverTable)
                  000082d8    0000000c     board.obj (.const:Display_config)
                  000082e4    0000000c     board.obj (.const:UART_config)
                  000082f0    0000000c     ble_user_config.obj (.const:boardConfig)
                  000082fc    0000000c     devinfoservice.obj (.const:devInfoCBs)
                  00008308    0000000c     simple_gatt_profile.obj (.const:simpleProfileCBs)
                  00008314    0000000c     icall_user_config.obj (.const:trngDriverTable)
                  00008320    0000000c     app_ble_pem3.oem3 (.const:xdc_runtime_Startup_firstFxns__A)
                  0000832c    00000008     board.obj (.const:CryptoCC26XX_config)
                  00008334    00000008     board.obj (.const:PINCC26XX_hwAttrs)
                  0000833c    00000008     board.obj (.const)
                  00008344    00000008     devinfoservice.obj (.const:devInfoService$10)
                  0000834c    00000008     simple_gatt_profile.obj (.const:simpleProfileService$14)
                  00008354    00000007     display.aem3 : DisplayUart.oem3 (.const:.string:$P$T0$1)
                  0000835b    00000006     ble_user_config.obj (.const:appTxPwrTbl)
                  00008361    00000005     simple_peripheral.obj (.const:.string:$P$T0$1$0)
                  00008366    00000002     devinfoservice.obj (.const:.string:devInfo11073CertUUID)
                  00008368    00000004     board.obj (.const:TRNGCC26XXHWAttrs)
                  0000836c    00000004     app_ble_pem3.oem3 (.const:ti_sysbios_knl_Clock_tickPeriod__C)
                  00008370    00000004     app_ble_pem3.oem3 (.const:ti_sysbios_knl_Idle_funcList__A)
                  00008374    00000004     app_ble_pem3.oem3 (.const:xdc_runtime_SysCallback_putchFxn__C)
                  00008378    00000004     app_ble_pem3.oem3 (.const:xdc_runtime_SysCallback_readyFxn__C)
                  0000837c    00000004     app_ble_pem3.oem3 (.const:xdc_runtime_System_extendFxn__C)
                  00008380    00000004     app_ble_pem3.oem3 (.const:xdc_runtime_Text_visitRopeFxn__C)
                  00008384    00000002     devinfoservice.obj (.const:.string:devInfoFirmwareRevUUID)
                  00008386    00000002     devinfoservice.obj (.const:.string:devInfoHardwareRevUUID)
                  00008388    00000002     devinfoservice.obj (.const:.string:devInfoMfrNameUUID)
                  0000838a    00000002     devinfoservice.obj (.const:.string:devInfoModelNumberUUID)
                  0000838c    00000002     devinfoservice.obj (.const:.string:devInfoPnpIdUUID)
                  0000838e    00000002     devinfoservice.obj (.const:.string:devInfoSerialNumberUUID)
                  00008390    00000002     devinfoservice.obj (.const:.string:devInfoServUUID)
                  00008392    00000002     devinfoservice.obj (.const:.string:devInfoSoftwareRevUUID)
                  00008394    00000002     devinfoservice.obj (.const:.string:devInfoSystemIdUUID)
                  00008396    00000002     simple_gatt_profile.obj (.const:.string:simpleProfileServUUID)
                  00008398    00000002     simple_gatt_profile.obj (.const:.string:simpleProfilechar1UUID)
                  0000839a    00000002     simple_gatt_profile.obj (.const:.string:simpleProfilechar2UUID)
                  0000839c    00000002     simple_gatt_profile.obj (.const:.string:simpleProfilechar3UUID)
                  0000839e    00000002     simple_gatt_profile.obj (.const:.string:simpleProfilechar4UUID)
                  000083a0    00000002     simple_gatt_profile.obj (.const:.string:simpleProfilechar5UUID)
                  000083a2    00000002     app_ble_pem3.oem3 (.const:xdc_runtime_Text_registryModsLastId__C)
                  000083a4    00000002     app_ble_pem3.oem3 (.const:xdc_runtime_Text_unnamedModsLastId__C)

.cinit     0    000083a8    0000045c     
                  000083a8    00000316     (.cinit..data.load) [load image, compression = lzss]
                  000086be    0000002a     (.cinit..data:ti_sysbios_family_arm_m3_Hwi_Module__state__V.load) [load image, compression = lzss]
                  000086e8    00000021     (.cinit..data:ti_sysbios_knl_Task_Module__state__V.load) [load image, compression = lzss]
                  00008709    0000001f     (.cinit..data:ti_sysbios_BIOS_Module__state__V.load) [load image, compression = lzss]
                  00008728    0000001d     (.cinit..data:ti_sysbios_knl_Clock_Module__state__V.load) [load image, compression = lzss]
                  00008745    00000010     (.cinit..data:ti_sysbios_knl_Swi_Module__state__V.load) [load image, compression = lzss]
                  00008755    00000003     --HOLE-- [fill = 0]
                  00008758    0000000c     (__TI_handler_table)
                  00008764    0000000b     (.cinit..data:ti_sysbios_family_arm_cc26xx_Timer_Module__state__V.load) [load image, compression = lzss]
                  0000876f    00000001     --HOLE-- [fill = 0]
                  00008770    00000008     (.cinit..bss.load) [load image, compression = zero_init]
                  00008778    00000008     (.cinit..data:xdc_runtime_Memory_Module__state__V.load) [load image, compression = lzss]
                  00008780    00000007     (.cinit..data:ti_sysbios_family_arm_cc26xx_TimestampProvider_Module__state__V.load) [load image, compression = lzss]
                  00008787    00000007     (.cinit..data:xdc_runtime_Startup_Module__state__V.load) [load image, compression = lzss]
                  0000878e    00000007     (.cinit..data:xdc_runtime_System_Module__state__V.load) [load image, compression = lzss]
                  00008795    00000006     (.cinit..data:xdc_runtime_Error_Module__state__V.load) [load image, compression = lzss]
                  0000879b    00000001     --HOLE-- [fill = 0]
                  0000879c    00000068     (__TI_cinit_table)

.ccfg      0    0001ffa8    00000058     
                  0001ffa8    00000058     ccfg_app_ble.obj (.ccfg:retain)

.vecs      0    20000000    000000c8     NOLOAD SECTION
                  20000000    000000c8     app_ble_pem3.oem3 (.vecs)

.data:ti_sysbios_knl_Task_Module__state__V 
*          0    20000100    00000044     UNINITIALIZED
                  20000100    00000044     app_ble_pem3.oem3 (.data:ti_sysbios_knl_Task_Module__state__V)

.data:ti_sysbios_family_arm_m3_Hwi_Module__state__V 
*          0    20000144    00000034     UNINITIALIZED
                  20000144    00000034     app_ble_pem3.oem3 (.data:ti_sysbios_family_arm_m3_Hwi_Module__state__V)

.data:ti_sysbios_knl_Clock_Module__state__V 
*          0    20000178    0000002c     UNINITIALIZED
                  20000178    0000002c     app_ble_pem3.oem3 (.data:ti_sysbios_knl_Clock_Module__state__V)

.data:ti_sysbios_BIOS_Module__state__V 
*          0    200001a4    00000024     UNINITIALIZED
                  200001a4    00000024     app_ble_pem3.oem3 (.data:ti_sysbios_BIOS_Module__state__V)

.data:ti_sysbios_knl_Swi_Module__state__V 
[...]
1001c0b1  ti_sysbios_gates_GateHwi_query__E                                         
1001c0b1  xdc_runtime_System_Module_GateProxy_query__E                              
1001c0b5  ti_sysbios_gates_GateMutex_delete                                         
1001c0b9  ti_sysbios_gates_GateMutex_destruct                                       
1001c0bd  ti_sysbios_BIOS_RtsGateProxy_query__E                                     
1001c0bd  ti_sysbios_gates_GateMutex_query__E                                       
1001c0bd  ti_sysbios_heaps_HeapMem_Module_GateProxy_query__E                        
1001c0c1  ti_sysbios_hal_Hwi_HwiProxy_delete                                        
1001c0c5  ti_sysbios_hal_Hwi_delete                                                 
1001c0c9  ti_sysbios_heaps_HeapMem_Module_GateProxy_enter__E                        
1001c0cd  ti_sysbios_heaps_HeapMem_Module_GateProxy_leave__E                        
1001c0d1  ti_sysbios_knl_Clock_TimerProxy_getExpiredTicks__E                        
1001c0d5  ti_sysbios_knl_Clock_TimerProxy_getPeriod__E                              
1001c0d9  ti_sysbios_knl_Clock_delete                                               
1001c0dd  ti_sysbios_knl_Clock_destruct                                             
1001c0e1  ti_sysbios_knl_Clock_removeI__E                                           
1001c0e5  ti_sysbios_knl_Clock_setTimeout__E                                        
1001c0e9  ti_sysbios_knl_Event_delete                                               
1001c0ed  ti_sysbios_knl_Event_destruct                                             
1001c0f1  ti_sysbios_knl_Mailbox_delete                                             
1001c0f5  ti_sysbios_knl_Mailbox_destruct                                           
1001c0f9  ti_sysbios_knl_Queue_delete                                               
1001c0fd  ti_sysbios_knl_Queue_destruct                                             
1001c101  ti_sysbios_knl_Queue_head__E                                              
1001c105  ti_sysbios_knl_Queue_next__E                                              
1001c109  ti_sysbios_knl_Semaphore_delete                                           
1001c10d  ti_sysbios_knl_Semaphore_destruct                                         
1001c111  ti_sysbios_knl_Swi_delete                                                 
1001c115  ti_sysbios_knl_Swi_destruct                                               
1001c119  ti_sysbios_knl_Swi_postInit__I                                            
1001c11d  ti_sysbios_knl_Task_delete                                                
1001c121  ti_sysbios_knl_Task_destruct                                              
1001c125  ti_sysbios_knl_Task_startup__E                                            
1001c129  xdc_runtime_Startup_startMods__I                                          
1001c2c9  xdc_runtime_Core_createObject__I                                          
1001c349  xdc_runtime_Memory_alloc__E                                               
1001c3b5  xdc_runtime_Core_deleteObject__I                                          
1001c413  xdc_runtime_Error_policySpin__E                                           
1001c415  xdc_runtime_Startup_exec__E                                               
1001c465  xdc_runtime_Assert_raise__I                                               
1001c4ad  xdc_runtime_Core_assignParams__I                                          
1001c4f5  xdc_runtime_Core_constructObject__I                                       
1001c581  xdc_runtime_System_atexit__E                                              
1001c5b9  xdc_runtime_Core_assignLabel__I                                           
1001c5ed  xdc_runtime_System_processAtExit__E                                       
1001c621  xdc_runtime_Text_cordText__E                                              
1001c64d  xdc_runtime_System_abort__E                                               
1001c66d  xdc_runtime_Error_raiseX__E                                               
1001c689  xdc_runtime_Memory_valloc__E                                              
1001c6a5  xdc_runtime_Core_destructObject__I                                        
1001c6bd  xdc_runtime_Error_check__E                                                
1001c6d5  xdc_runtime_System_exit__E                                                
1001c6ed  xdc_runtime_Text_ropeText__E                                              
1001c705  xdc_runtime_Memory_free__E                                                
1001c715  xdc_runtime_SysCallback_abort__E                                          
1001c725  xdc_runtime_SysCallback_exit__E                                           
1001c735  xdc_runtime_Timestamp_SupportProxy_get32__E                               
1001c735  xdc_runtime_Timestamp_get32__E                                            
1001c751  xdc_runtime_Memory_calloc__E                                              
1001c75d  xdc_runtime_Memory_getMaxDefaultTypeAlign__E                              
1001c769  xdc_runtime_Startup_rtsDone__E                                            
1001c775  xdc_runtime_Memory_HeapProxy_alloc__E                                     
1001c77f  xdc_runtime_Memory_HeapProxy_free__E                                      
1001c789  xdc_runtime_Gate_leaveSystem__E                                           
1001c78f  xdc_runtime_System_Module_startup__E                                      
1001c795  xdc_runtime_Gate_enterSystem__E                                           
1001c799  xdc_runtime_System_Module_GateProxy_enter__E                              
1001c79d  xdc_runtime_System_Module_GateProxy_leave__E                              
1001c7a1  xdc_runtime_System_abortSpin__E                                           
1001c7a3  xdc_runtime_System_exitSpin__E                                            
1001c7a5  ti_sysbios_family_arm_m3_Hwi_dispatch__I                                  
1001c86d  ti_sysbios_family_arm_m3_TaskSupport_buildTaskStack                       
1001c8b9  ti_sysbios_family_arm_m3_Hwi_initStacks__E                                
1001c901  ti_sysbios_family_arm_m3_Hwi_excHandlerAsm__I                             
1001c921  ti_sysbios_family_xxx_Hwi_switchAndRunFunc                                
1001c93f  ti_sysbios_family_arm_m3_Hwi_pendSV__I                                    
1001c957  ti_sysbios_family_arm_m3_Hwi_return                                       
1001c959  ti_sysbios_family_arm_m3_TaskSupport_glue                                 
1001c969  ti_sysbios_family_arm_m3_TaskSupport_swap__E                              
1001c969  ti_sysbios_knl_Task_SupportProxy_swap__E                                  
1001c971  ti_sysbios_knl_Task_swapReturn                                            
1001c978  ti_sysbios_knl_Task_Object__PARAMS__C                                     
1001c9b4  ti_sysbios_knl_Mailbox_Object__PARAMS__C                                  
1001c9e8  ti_sysbios_family_arm_m3_Hwi_Object__PARAMS__C                            
1001ca18  ti_sysbios_hal_Hwi_Object__PARAMS__C                                      
1001ca44  ti_sysbios_knl_Swi_Object__PARAMS__C                                      
1001ca6c  ti_sysbios_heaps_HeapMem_Object__PARAMS__C                                
1001ca90  ti_sysbios_knl_Clock_Object__PARAMS__C                                    
1001cab4  ti_sysbios_knl_Semaphore_Object__PARAMS__C                                
1001cad8  ti_sysbios_gates_GateHwi_Object__PARAMS__C                                
1001caf0  ti_sysbios_gates_GateMutex_Object__PARAMS__C                              
1001cb08  ti_sysbios_knl_Event_Object__PARAMS__C                                    
1001cb20  ti_sysbios_knl_Queue_Object__PARAMS__C                                    
1001cb68  ti_sysbios_gates_GateMutex_Instance_State_sem__O                          
1001cb6c  ti_sysbios_knl_Clock_Module_State_clockQ__O                               
1001cb70  ti_sysbios_knl_Event_Instance_State_pendQ__O                              
1001cb74  ti_sysbios_knl_Mailbox_Instance_State_dataQue__O                          
1001cb78  ti_sysbios_knl_Mailbox_Instance_State_dataSem__O                          
1001cb7c  ti_sysbios_knl_Mailbox_Instance_State_freeQue__O                          
1001cb80  ti_sysbios_knl_Mailbox_Instance_State_freeSem__O                          
1001cb84  ti_sysbios_knl_Semaphore_Instance_State_pendQ__O                          
1001cb88  ti_sysbios_knl_Task_Module_State_inactiveQ__O                             
20000000  ti_sysbios_family_arm_m3_Hwi_ramVectors                                   
20000100  ti_sysbios_knl_Task_Module__state__V                                      
20000144  ti_sysbios_family_arm_m3_Hwi_Module__state__V                             
20000178  ti_sysbios_knl_Clock_Module__state__V                                     
200001a4  ti_sysbios_BIOS_Module__state__V                                          
200001c8  ti_sysbios_knl_Swi_Module__state__V                                       
200001e4  ti_sysbios_family_arm_cc26xx_Timer_Module__state__V                       
200001ec  ti_sysbios_family_arm_cc26xx_TimestampProvider_Module__state__V           
200001f0  xdc_runtime_Startup_Module__state__V                                      
200001f8  xdc_runtime_System_Module__state__V                                       
20000200  xdc_runtime_Memory_Module__state__V                                       
20000204  xdc_runtime_Error_Module__state__V                                        
2000020c  dispHandle                                                                
20000298  sbpTask                                                                   
200002e8  sbpTaskStack                                                              
2000056c  appAssertCback                                                            
20000570  linkDBNumConns                                                            
20000684  gapRoleTask                                                               
200006d8  gapRoleTaskStack                                                          
20000df0  PowerCC26XX_module                                                        
20000f08  ICall_enterCriticalSection                                                
20000f0c  ICall_leaveCriticalSection                                                
20000f24  HEAPMGR_SIZE                                                              
20000f28  ICall_dispatcher                                                          
20000f98  ti_sysbios_knl_Task_Object__table__V                                      
20000fe4  main_func_sp                                                              
20000fe8  ti_sysbios_family_arm_cc26xx_Timer_Object__table__V                       
20001030  ti_sysbios_gates_GateMutex_Object__table__V                               
20001068  ti_sysbios_knl_Swi_Module_State_0_readyQ__A                               
20001098  ti_sysbios_knl_Swi_Object__table__V                                       
200010c8  ti_sysbios_knl_Task_Module_State_0_readyQ__A                              
200010f8  ti_sysbios_knl_Clock_Object__table__V                                     
20001118  xdc_runtime_Error_IgnoreBlock                                             
20001138  ti_sysbios_family_arm_m3_Hwi_Object__table__V                             
20001150  ti_sysbios_heaps_HeapMem_Object__table__V                                 
200011be  ti_sysbios_family_arm_m3_Hwi_Module_State_0_excActive__A                  
200011c0  bleAppServiceInfoTable                                                    
200011d0  rfRegTbl                                                                  
200011e0  user0Cfg                                                                  
200011f0  __TI_cleanup_ptr                                                          
200011f4  __TI_dtors_ptr                                                            
200011f8  __TI_enable_exit_profile_output                                           
20001208  _lock                                                                     
2000120c  _unlock                                                                   
20001220  pfnBMAlloc                                                                
20001224  pfnBMFree                                                                 
20001228  ti_sysbios_family_arm_m3_Hwi_Module__root__V                              
20001230  ti_sysbios_gates_GateHwi_Module__root__V                                  
20001238  ti_sysbios_gates_GateMutex_Module__root__V                                
20001240  ti_sysbios_hal_Hwi_Module__root__V                                        
20001248  ti_sysbios_heaps_HeapMem_Module__root__V                                  
20001250  ti_sysbios_knl_Clock_Module__root__V                                      
20001258  ti_sysbios_knl_Event_Module__root__V                                      
20001260  ti_sysbios_knl_Mailbox_Module__root__V                                    
20001268  ti_sysbios_knl_Queue_Module__root__V                                      
20001270  ti_sysbios_knl_Semaphore_Module__root__V                                  
20001278  ti_sysbios_knl_Swi_Module__root__V                                        
20001280  ti_sysbios_knl_Task_Module__root__V                                       
20001288  xdc_runtime_Registry_Module__state__V                                     
20001298  ti_sysbios_family_arm_m3_Hwi_Module_State_0_excContext__A                 
2000129c  ti_sysbios_family_arm_m3_Hwi_Module_State_0_excStack__A                   
200012a0  ti_sysbios_knl_Task_Module_State_0_idleTask__A                            
200012a8  ti_sysbios_heaps_HeapMem_Instance_State_0_buf__A                          
20001928  ti_sysbios_knl_Task_Instance_State_0_stack__A                             
20001b28  uartCC26XXObjects                                                         
20001c54  PIN_NumPins                                                               
20001ce8  PIN_HandleTable                                                           
20001d64  ti_sysbios_family_arm_m3_Hwi_dispatchTable                                
20001eac  cryptoCC26XXObjects                                                       
20001f6c  displayUartObject                                                         
20001f88  trngCC26XXObjects                                                         
20001f8e  driverlib_release_0_48412                                                 
20001f8f  g_hwiInt                                                                  
20001f90  heapStart                                                                 
20003bf0  __stack                                                                   
20003bf0  heapEnd                                                                   
20003ff0  __STACK_END                                                               
20003ff0  __STACK_TOP                                                               
20004f80  eccRom_param_Gx                                                           
20004f84  eccRom_param_Gy                                                           
20004f88  eccRom_workzone                                                           
20004f8c  eccRom_param_p                                                            
20004f90  eccRom_param_r                                                            
20004f94  eccRom_param_a                                                            
20004f98  eccRom_param_b                                                            
20004f9c  eccRom_windowSize                                                         
e000e000  ti_sysbios_family_arm_m3_Hwi_nvic                                         
ffffffff  __TI_pprof_out_hndl                                                       
ffffffff  __TI_prof_data_size                                                       
ffffffff  __TI_prof_data_start                                                      
ffffffff  __binit__                                                                 
ffffffff  __c_args__                                                                
ffffffff  binit                                                                     
UNDEFED   HwiP_restore                                                              
UNDEFED   ICall_getTicks                                                            
UNDEFED   SHT$$INIT_ARRAY$$Base                                                     
UNDEFED   SHT$$INIT_ARRAY$$Limit                                                    
UNDEFED   ti_sysbios_BIOS_RtsGateProxy_Handle__label__S__mangled__                  
UNDEFED   ti_sysbios_BIOS_RtsGateProxy_Params__init__S__mangled__                   
UNDEFED   ti_sysbios_BIOS_RtsGateProxy_query__E__mangled__                          
UNDEFED   ti_sysbios_hal_Hwi_HwiProxy_Module__startupDone__S__mangled__             
UNDEFED   ti_sysbios_hal_Hwi_HwiProxy_Params__init__S__mangled__                    
UNDEFED   ti_sysbios_hal_Hwi_HwiProxy_disableInterrupt__E__mangled__                
UNDEFED   ti_sysbios_hal_Hwi_HwiProxy_enableInterrupt__E__mangled__                 
UNDEFED   ti_sysbios_hal_Hwi_HwiProxy_getStackInfo__E__mangled__                    
UNDEFED   ti_sysbios_hal_Hwi_HwiProxy_startup__E__mangled__                         
UNDEFED   ti_sysbios_hal_Hwi_HwiProxy_switchFromBootStack__E__mangled__             
UNDEFED   ti_sysbios_hal_Hwi_disableInterrupt__E                                    
UNDEFED   ti_sysbios_hal_Hwi_enableInterrupt__E                                     
UNDEFED   ti_sysbios_hal_Hwi_getStackInfo__E                                        
UNDEFED   ti_sysbios_hal_Hwi_startup__E                                             
UNDEFED   ti_sysbios_hal_Hwi_switchFromBootStack__E                                 
UNDEFED   ti_sysbios_heaps_HeapMem_Module_GateProxy_Handle__label__S__mangled__     
UNDEFED   ti_sysbios_heaps_HeapMem_Module_GateProxy_Params__init__S__mangled__      
UNDEFED   ti_sysbios_heaps_HeapMem_Module_GateProxy_query__E__mangled__             
UNDEFED   ti_sysbios_knl_Clock_TimerProxy_Module__startupDone__S__mangled__         
UNDEFED   ti_sysbios_knl_Clock_TimerProxy_startup__E__mangled__                     
UNDEFED   ti_sysbios_knl_Task_SupportProxy_Module__startupDone__S__mangled__        
UNDEFED   ti_sysbios_knl_Task_SupportProxy_getStackAlignment__E__mangled__          
UNDEFED   ti_sysbios_knl_Task_SupportProxy_start__E__mangled__                      
UNDEFED   ti_sysbios_knl_Task_SupportProxy_swap__E__mangled__                       
UNDEFED   xdc_runtime_Main_Module_GateProxy_Handle__label__S                        
UNDEFED   xdc_runtime_Main_Module_GateProxy_query__E                                
UNDEFED   xdc_runtime_Memory_HeapProxy_Handle__label__S__mangled__                  
UNDEFED   xdc_runtime_System_Module_GateProxy_Handle__label__S__mangled__           
UNDEFED   xdc_runtime_System_Module_GateProxy_query__E__mangled__                   
UNDEFED   xdc_runtime_System_SupportProxy_abort__E                                  
UNDEFED   xdc_runtime_System_SupportProxy_exit__E                                   
UNDEFED   xdc_runtime_Timestamp_SupportProxy_get64__E__mangled__                    
UNDEFED   xdc_runtime_Timestamp_SupportProxy_getFreq__E__mangled__                  
UNDEFED   xdc_runtime_Timestamp_get32__E                                            
UNDEFED   xdc_runtime_Timestamp_get64__E                                            
UNDEFED   xdc_runtime_Timestamp_getFreq__E                                          

[937 symbols]
