<?xml version="1.0"?>
<link_info>
   <banner>TI ARM Linker PC v16.9.1.LTS</banner>
   <copyright>Copyright (c) 1996-2015 Texas Instruments Incorporated</copyright>
   <link_time>0x5915c4ef</link_time>
   <link_errors>0x0</link_errors>
   <output_file>simple_peripheral_cc2640r2lp_stack.out</output_file>
   <entry_point>
      <name>startup_entry</name>
      <address>0x17931</address>
   </entry_point>
   <input_file_list>
      <input_file id="fl-11b">
         <path>C:\Users\gstew\AppData\Local\Temp\</path>
         <kind>object</kind>
         <file>074882</file>
         <name>074882</name>
      </input_file>
      <input_file id="fl-2a">
         <path>C:\Users\gstew\ti_ws\workspace_v7_b - Copy\simple_peripheral_cc2640r2lp_stack\FlashROM\</path>
         <kind>object</kind>
         <file>ble_r2.symbols</file>
         <name>ble_r2.symbols</name>
      </input_file>
      <input_file id="fl-30">
         <path>C:\ti\r2\simplelink_cc2640r2_sdk_1_30_00_25\source\ti\blestack\blelib\ctrl\</path>
         <kind>archive</kind>
         <file>cc2640_hci_pxxx_sc.a</file>
         <name>hci.o</name>
      </input_file>
      <input_file id="fl-31">
         <path>C:\ti\r2\simplelink_cc2640r2_sdk_1_30_00_25\source\ti\blestack\blelib\ctrl\</path>
         <kind>archive</kind>
         <file>cc2640_hci_pxxx_sc.a</file>
         <name>hci_data.o</name>
      </input_file>
      <input_file id="fl-32">
         <path>C:\ti\r2\simplelink_cc2640r2_sdk_1_30_00_25\source\ti\blestack\blelib\ctrl\</path>
         <kind>archive</kind>
         <file>cc2640_hci_pxxx_sc.a</file>
         <name>hci_event.o</name>
      </input_file>
      <input_file id="fl-33">
         <path>C:\ti\r2\simplelink_cc2640r2_sdk_1_30_00_25\source\ti\blestack\blelib\ctrl\</path>
         <kind>archive</kind>
         <file>cc2640_ll_pxxx_sc.a</file>
         <name>ble.o</name>
      </input_file>
      <input_file id="fl-34">
         <path>C:\ti\r2\simplelink_cc2640r2_sdk_1_30_00_25\source\ti\blestack\blelib\ctrl\</path>
         <kind>archive</kind>
         <file>cc2640_ll_pxxx_sc.a</file>
         <name>ll.o</name>
      </input_file>
      <input_file id="fl-35">
         <path>C:\ti\r2\simplelink_cc2640r2_sdk_1_30_00_25\source\ti\blestack\blelib\ctrl\</path>
         <kind>archive</kind>
         <file>cc2640_ll_pxxx_sc.a</file>
         <name>ll_common.o</name>
      </input_file>
      <input_file id="fl-36">
         <path>C:\ti\r2\simplelink_cc2640r2_sdk_1_30_00_25\source\ti\blestack\blelib\ctrl\</path>
         <kind>archive</kind>
         <file>cc2640_ll_pxxx_sc.a</file>
         <name>ll_config.o</name>
      </input_file>
      <input_file id="fl-37">
         <path>C:\ti\r2\simplelink_cc2640r2_sdk_1_30_00_25\source\ti\blestack\blelib\ctrl\</path>
         <kind>archive</kind>
         <file>cc2640_ll_pxxx_sc.a</file>
         <name>ll_data.o</name>
      </input_file>
      <input_file id="fl-38">
         <path>C:\ti\r2\simplelink_cc2640r2_sdk_1_30_00_25\source\ti\blestack\blelib\ctrl\</path>
         <kind>archive</kind>
         <file>cc2640_ll_pxxx_sc.a</file>
         <name>ll_enc.o</name>
      </input_file>
      <input_file id="fl-39">
         <path>C:\ti\r2\simplelink_cc2640r2_sdk_1_30_00_25\source\ti\blestack\blelib\ctrl\</path>
         <kind>archive</kind>
         <file>cc2640_ll_pxxx_sc.a</file>
         <name>ll_isr.o</name>
      </input_file>
      <input_file id="fl-3a">
         <path>C:\ti\r2\simplelink_cc2640r2_sdk_1_30_00_25\source\ti\blestack\blelib\ctrl\</path>
         <kind>archive</kind>
         <file>cc2640_ll_pxxx_sc.a</file>
         <name>ll_privacy.o</name>
      </input_file>
      <input_file id="fl-3b">
         <path>C:\ti\r2\simplelink_cc2640r2_sdk_1_30_00_25\source\ti\blestack\blelib\ctrl\</path>
         <kind>archive</kind>
         <file>cc2640_ll_pxxx_sc.a</file>
         <name>ll_rat.o</name>
      </input_file>
      <input_file id="fl-3c">
         <path>C:\ti\r2\simplelink_cc2640r2_sdk_1_30_00_25\source\ti\blestack\blelib\ctrl\</path>
         <kind>archive</kind>
         <file>cc2640_ll_pxxx_sc.a</file>
         <name>ll_scheduler.o</name>
      </input_file>
      <input_file id="fl-3d">
         <path>C:\ti\r2\simplelink_cc2640r2_sdk_1_30_00_25\source\ti\blestack\blelib\ctrl\</path>
         <kind>archive</kind>
         <file>cc2640_ll_pxxx_sc.a</file>
         <name>ll_slave_end_causes.o</name>
      </input_file>
      <input_file id="fl-3e">
         <path>C:\ti\r2\simplelink_cc2640r2_sdk_1_30_00_25\source\ti\blestack\blelib\ctrl\</path>
         <kind>archive</kind>
         <file>cc2640_ll_pxxx_sc.a</file>
         <name>ll_timer_drift.o</name>
      </input_file>
      <input_file id="fl-3f">
         <path>C:\ti\r2\simplelink_cc2640r2_sdk_1_30_00_25\source\ti\blestack\blelib\ctrl\</path>
         <kind>archive</kind>
         <file>cc2640_ll_pxxx_sc.a</file>
         <name>ll_wl.o</name>
      </input_file>
      <input_file id="fl-40">
         <path>C:\ti\r2\simplelink_cc2640r2_sdk_1_30_00_25\source\ti\blestack\blelib\ctrl\</path>
         <kind>archive</kind>
         <file>cc2640_ll_pxxx_sc.a</file>
         <name>ll_adv_end_causes.o</name>
      </input_file>
      <input_file id="fl-41">
         <path>C:\ti\r2\simplelink_cc2640r2_sdk_1_30_00_25\source\ti\blestack\blelib\ctrl\</path>
         <kind>archive</kind>
         <file>cc2640_ll_pxxx_sc.a</file>
         <name>ll_error_end_causes.o</name>
      </input_file>
      <input_file id="fl-42">
         <path>C:\ti\r2\simplelink_cc2640r2_sdk_1_30_00_25\source\ti\blestack\blelib\hci_tl\</path>
         <kind>archive</kind>
         <file>cc26xx_hci_tl_none.a</file>
         <name>hci_tl.o</name>
      </input_file>
      <input_file id="fl-43">
         <path>C:\ti\r2\simplelink_cc2640r2_sdk_1_30_00_25\source\ti\blestack\blelib\host\</path>
         <kind>archive</kind>
         <file>cc26xx_att_pxxx_sc.a</file>
         <name>att_server.o</name>
      </input_file>
      <input_file id="fl-44">
         <path>C:\ti\r2\simplelink_cc2640r2_sdk_1_30_00_25\source\ti\blestack\blelib\host\</path>
         <kind>archive</kind>
         <file>cc26xx_att_pxxx_sc.a</file>
         <name>att_util.o</name>
      </input_file>
      <input_file id="fl-45">
         <path>C:\ti\r2\simplelink_cc2640r2_sdk_1_30_00_25\source\ti\blestack\blelib\host\</path>
         <kind>archive</kind>
         <file>cc26xx_gap_pxxx_sc.a</file>
         <name>gap_configmgr.o</name>
      </input_file>
      <input_file id="fl-46">
         <path>C:\ti\r2\simplelink_cc2640r2_sdk_1_30_00_25\source\ti\blestack\blelib\host\</path>
         <kind>archive</kind>
         <file>cc26xx_gap_pxxx_sc.a</file>
         <name>gap_devmgr.o</name>
      </input_file>
      <input_file id="fl-47">
         <path>C:\ti\r2\simplelink_cc2640r2_sdk_1_30_00_25\source\ti\blestack\blelib\host\</path>
         <kind>archive</kind>
         <file>cc26xx_gap_pxxx_sc.a</file>
         <name>gap_linkmgr.o</name>
      </input_file>
      <input_file id="fl-48">
         <path>C:\ti\r2\simplelink_cc2640r2_sdk_1_30_00_25\source\ti\blestack\blelib\host\</path>
         <kind>archive</kind>
         <file>cc26xx_gap_pxxx_sc.a</file>
         <name>gap_peridevmgr.o</name>
      </input_file>
      <input_file id="fl-49">
         <path>C:\ti\r2\simplelink_cc2640r2_sdk_1_30_00_25\source\ti\blestack\blelib\host\</path>
         <kind>archive</kind>
         <file>cc26xx_gap_pxxx_sc.a</file>
         <name>gap_perilinkmgr.o</name>
      </input_file>
      <input_file id="fl-4a">
         <path>C:\ti\r2\simplelink_cc2640r2_sdk_1_30_00_25\source\ti\blestack\blelib\host\</path>
         <kind>archive</kind>
         <file>cc26xx_gap_pxxx_sc.a</file>
         <name>gap_task.o</name>
      </input_file>
      <input_file id="fl-4b">
         <path>C:\ti\r2\simplelink_cc2640r2_sdk_1_30_00_25\source\ti\blestack\blelib\host\</path>
         <kind>archive</kind>
         <file>cc26xx_gap_pxxx_sc.a</file>
         <name>linkdb.o</name>
      </input_file>
      <input_file id="fl-4c">
         <path>C:\ti\r2\simplelink_cc2640r2_sdk_1_30_00_25\source\ti\blestack\blelib\host\</path>
         <kind>archive</kind>
         <file>cc26xx_gatt_pxxx_sc.a</file>
         <name>gatt_server.o</name>
      </input_file>
      <input_file id="fl-4d">
         <path>C:\ti\r2\simplelink_cc2640r2_sdk_1_30_00_25\source\ti\blestack\blelib\host\</path>
         <kind>archive</kind>
         <file>cc26xx_gatt_pxxx_sc.a</file>
         <name>gatt_task.o</name>
      </input_file>
      <input_file id="fl-4e">
         <path>C:\ti\r2\simplelink_cc2640r2_sdk_1_30_00_25\source\ti\blestack\blelib\host\</path>
         <kind>archive</kind>
         <file>cc26xx_l2cap_pxxx_sc.a</file>
         <name>l2cap_if.o</name>
      </input_file>
      <input_file id="fl-4f">
         <path>C:\ti\r2\simplelink_cc2640r2_sdk_1_30_00_25\source\ti\blestack\blelib\host\</path>
         <kind>archive</kind>
         <file>cc26xx_l2cap_pxxx_sc.a</file>
         <name>l2cap_task.o</name>
      </input_file>
      <input_file id="fl-50">
         <path>C:\ti\r2\simplelink_cc2640r2_sdk_1_30_00_25\source\ti\blestack\blelib\host\</path>
         <kind>archive</kind>
         <file>cc26xx_l2cap_pxxx_sc.a</file>
         <name>l2cap_util.o</name>
      </input_file>
      <input_file id="fl-51">
         <path>C:\ti\r2\simplelink_cc2640r2_sdk_1_30_00_25\source\ti\blestack\blelib\host\</path>
         <kind>archive</kind>
         <file>cc26xx_profiles_pxxx_sc.a</file>
         <name>gapgattserver.o</name>
      </input_file>
      <input_file id="fl-52">
         <path>C:\ti\r2\simplelink_cc2640r2_sdk_1_30_00_25\source\ti\blestack\blelib\host\</path>
         <kind>archive</kind>
         <file>cc26xx_profiles_pxxx_sc.a</file>
         <name>gattservapp.o</name>
      </input_file>
      <input_file id="fl-53">
         <path>C:\ti\r2\simplelink_cc2640r2_sdk_1_30_00_25\source\ti\blestack\blelib\host\</path>
         <kind>archive</kind>
         <file>cc26xx_smp_pxxx_sc.a</file>
         <name>smp.o</name>
      </input_file>
      <input_file id="fl-54">
         <path>C:\ti\r2\simplelink_cc2640r2_sdk_1_30_00_25\source\ti\blestack\blelib\host\</path>
         <kind>archive</kind>
         <file>cc26xx_sm_pxxx_sc.a</file>
         <name>sm_mgr.o</name>
      </input_file>
      <input_file id="fl-55">
         <path>C:\ti\r2\simplelink_cc2640r2_sdk_1_30_00_25\source\ti\blestack\blelib\host\</path>
         <kind>archive</kind>
         <file>cc26xx_sm_pxxx_sc.a</file>
         <name>sm_pairing.o</name>
      </input_file>
      <input_file id="fl-56">
         <path>C:\ti\r2\simplelink_cc2640r2_sdk_1_30_00_25\source\ti\blestack\blelib\host\</path>
         <kind>archive</kind>
         <file>cc26xx_sm_pxxx_sc.a</file>
         <name>sm_rsppairing.o</name>
      </input_file>
      <input_file id="fl-57">
         <path>C:\ti\r2\simplelink_cc2640r2_sdk_1_30_00_25\source\ti\blestack\blelib\host\</path>
         <kind>archive</kind>
         <file>cc26xx_sm_pxxx_sc.a</file>
         <name>sm_task.o</name>
      </input_file>
      <input_file id="fl-10d">
         <path>C:\ti\ccsv7\tools\compiler\ti-cgt-arm_16.9.1.LTS\lib\</path>
         <kind>archive</kind>
         <file>rtsv7M3_T_le_eabi.lib</file>
         <name>autoinit.obj</name>
      </input_file>
      <input_file id="fl-112">
         <path>C:\ti\ccsv7\tools\compiler\ti-cgt-arm_16.9.1.LTS\lib\</path>
         <kind>archive</kind>
         <file>rtsv7M3_T_le_eabi.lib</file>
         <name>ll_mul_t2.obj</name>
      </input_file>
      <input_file id="fl-115">
         <path>C:\ti\ccsv7\tools\compiler\ti-cgt-arm_16.9.1.LTS\lib\</path>
         <kind>archive</kind>
         <file>rtsv7M3_T_le_eabi.lib</file>
         <name>memcpy_t2.obj</name>
      </input_file>
      <input_file id="fl-116">
         <path>C:\ti\ccsv7\tools\compiler\ti-cgt-arm_16.9.1.LTS\lib\</path>
         <kind>archive</kind>
         <file>rtsv7M3_T_le_eabi.lib</file>
         <name>memset_t2.obj</name>
      </input_file>
      <input_file id="fl-119">
         <path>C:\ti\ccsv7\tools\compiler\ti-cgt-arm_16.9.1.LTS\lib\</path>
         <kind>archive</kind>
         <file>rtsv7M3_T_le_eabi.lib</file>
         <name>ull_div_t2.obj</name>
      </input_file>
      <input_file id="fl-11a">
         <path>C:\ti\r2\simplelink_cc2640r2_sdk_1_30_00_25\source\ti\devices\cc26x0r2\driverlib\bin\ccs\</path>
         <kind>archive</kind>
         <file>driverlib.lib</file>
         <name>cpu.obj</name>
      </input_file>
   </input_file_list>
   <object_component_list>
      <object_component id="oc-28">
         <name>EntrySection:startup_entry</name>
         <load_address>0x17930</load_address>
         <run_address>0x17930</run_address>
         <size>0x2b8</size>
         <input_file_ref idref="fl-1b"/>
      </object_component>
      <object_component id="oc-c30">
         <name>.tramp.__TI_auto_init.1</name>
         <load_address>0x17be8</load_address>
         <run_address>0x17be8</run_address>
         <size>0x8</size>
         <input_file_ref idref="fl-10d"/>
      </object_component>
      <object_component id="oc-c31">
         <name>.tramp.L2CAP_SetUserConfig.1</name>
         <load_address>0x17bf0</load_address>
         <run_address>0x17bf0</run_address>
         <size>0x8</size>
         <input_file_ref idref="fl-2a"/>
      </object_component>
      <object_component id="oc-c32">
         <name>.tramp.halAssertHandlerExt.1</name>
         <load_address>0x17bf8</load_address>
         <run_address>0x17bf8</run_address>
         <size>0x8</size>
         <input_file_ref idref="fl-11b"/>
      </object_component>
      <object_component id="oc-c33">
         <name>.tramp.HalFlashRead.1</name>
         <load_address>0x17c00</load_address>
         <run_address>0x17c00</run_address>
         <size>0x8</size>
         <input_file_ref idref="fl-11b"/>
      </object_component>
      <object_component id="oc-c34">
         <name>.tramp.findOffset$16.1</name>
         <load_address>0x17c08</load_address>
         <run_address>0x17c08</run_address>
         <size>0x8</size>
         <input_file_ref idref="fl-11b"/>
      </object_component>
      <object_component id="oc-c35">
         <name>.tramp.compactPage$16.1</name>
         <load_address>0x17c10</load_address>
         <run_address>0x17c10</run_address>
         <size>0x8</size>
         <input_file_ref idref="fl-11b"/>
      </object_component>
      <object_component id="oc-c36">
         <name>.tramp.erasePage$16.1</name>
         <load_address>0x17c18</load_address>
         <run_address>0x17c18</run_address>
         <size>0x8</size>
         <input_file_ref idref="fl-11b"/>
      </object_component>
      <object_component id="oc-c37">
         <name>.tramp.setActivePage$16.1</name>
         <load_address>0x17c20</load_address>
         <run_address>0x17c20</run_address>
         <size>0x8</size>
         <input_file_ref idref="fl-11b"/>
      </object_component>
      <object_component id="oc-c38">
         <name>.tramp.osal_mem_alloc.1</name>
         <load_address>0x17c28</load_address>
         <run_address>0x17c28</run_address>
         <size>0x8</size>
         <input_file_ref idref="fl-11b"/>
      </object_component>
      <object_component id="oc-c39">
         <name>.tramp.osal_memset.1</name>
         <load_address>0x17c30</load_address>
         <run_address>0x17c30</run_address>
         <size>0x8</size>
         <input_file_ref idref="fl-11b"/>
      </object_component>
      <object_component id="oc-c3a">
         <name>.tramp.LL_Init.1</name>
         <load_address>0x17c38</load_address>
         <run_address>0x17c38</run_address>
         <size>0x8</size>
         <input_file_ref idref="fl-34"/>
      </object_component>
      <object_component id="oc-c3b">
         <name>.tramp.HCI_Init.1</name>
         <load_address>0x17c40</load_address>
         <run_address>0x17c40</run_address>
         <size>0x8</size>
         <input_file_ref idref="fl-42"/>
      </object_component>
      <object_component id="oc-c3c">
         <name>.tramp.L2CAP_Init.1</name>
         <load_address>0x17c48</load_address>
         <run_address>0x17c48</run_address>
         <size>0x8</size>
         <input_file_ref idref="fl-2a"/>
      </object_component>
      <object_component id="oc-c3d">
         <name>.tramp.GAP_Init.1</name>
         <load_address>0x17c50</load_address>
         <run_address>0x17c50</run_address>
         <size>0x8</size>
         <input_file_ref idref="fl-2a"/>
      </object_component>
      <object_component id="oc-c3e">
         <name>.tramp.SM_Init.1</name>
         <load_address>0x17c58</load_address>
         <run_address>0x17c58</run_address>
         <size>0x8</size>
         <input_file_ref idref="fl-2a"/>
      </object_component>
      <object_component id="oc-c3f">
         <name>.tramp.GATT_Init.1</name>
         <load_address>0x17c60</load_address>
         <run_address>0x17c60</run_address>
         <size>0x8</size>
         <input_file_ref idref="fl-2a"/>
      </object_component>
      <object_component id="oc-c40">
         <name>.tramp.GATTServApp_Init.1</name>
         <load_address>0x17c68</load_address>
         <run_address>0x17c68</run_address>
         <size>0x8</size>
         <input_file_ref idref="fl-52"/>
      </object_component>
      <object_component id="oc-c41">
         <name>.tramp.GAP_RegisterBondMgrCBs.1</name>
         <load_address>0x17c70</load_address>
         <run_address>0x17c70</run_address>
         <size>0x8</size>
         <input_file_ref idref="fl-2a"/>
      </object_component>
      <object_component id="oc-c42">
         <name>.tramp.gapBondMgrReadBonds$19.1</name>
         <load_address>0x17c78</load_address>
         <run_address>0x17c78</run_address>
         <size>0x8</size>
         <input_file_ref idref="fl-11b"/>
      </object_component>
      <object_component id="oc-c43">
         <name>.tramp.osal_snv_read.1</name>
         <load_address>0x17c80</load_address>
         <run_address>0x17c80</run_address>
         <size>0x8</size>
         <input_file_ref idref="fl-11b"/>
      </object_component>
      <object_component id="oc-c44">
         <name>.tramp.osal_set_event.1</name>
         <load_address>0x17c88</load_address>
         <run_address>0x17c88</run_address>
         <size>0x8</size>
         <input_file_ref idref="fl-11b"/>
      </object_component>
      <object_component id="oc-c45">
         <name>.tramp.osal_start_system.1</name>
         <load_address>0x17c90</load_address>
         <run_address>0x17c90</run_address>
         <size>0x8</size>
         <input_file_ref idref="fl-11b"/>
      </object_component>
      <object_component id="oc-4c2">
         <name>.text</name>
         <load_address>0x17c98</load_address>
         <run_address>0x17c98</run_address>
         <size>0x59c</size>
         <input_file_ref idref="fl-34"/>
      </object_component>
      <object_component id="oc-9e8">
         <name>.text</name>
         <load_address>0x18234</load_address>
         <run_address>0x18234</run_address>
         <size>0x2b4</size>
         <input_file_ref idref="fl-34"/>
      </object_component>
      <object_component id="oc-7ee">
         <name>.text</name>
         <load_address>0x184e8</load_address>
         <run_address>0x184e8</run_address>
         <size>0x170</size>
         <input_file_ref idref="fl-34"/>
      </object_component>
      <object_component id="oc-a81">
         <name>.text</name>
         <load_address>0x18658</load_address>
         <run_address>0x18658</run_address>
         <size>0x1c0</size>
         <input_file_ref idref="fl-35"/>
      </object_component>
      <object_component id="oc-7fa">
         <name>.text</name>
         <load_address>0x18818</load_address>
         <run_address>0x18818</run_address>
         <size>0x88</size>
         <input_file_ref idref="fl-35"/>
      </object_component>
      <object_component id="oc-83c">
         <name>.text</name>
         <load_address>0x188a0</load_address>
         <run_address>0x188a0</run_address>
         <size>0x74</size>
         <input_file_ref idref="fl-35"/>
      </object_component>
      <object_component id="oc-80c">
         <name>.text</name>
         <load_address>0x18914</load_address>
         <run_address>0x18914</run_address>
         <size>0x14</size>
         <input_file_ref idref="fl-37"/>
      </object_component>
      <object_component id="oc-b74">
         <name>.text</name>
         <load_address>0x18928</load_address>
         <run_address>0x18928</run_address>
         <size>0x10</size>
         <input_file_ref idref="fl-39"/>
      </object_component>
      <object_component id="oc-7f4">
         <name>.text</name>
         <load_address>0x18938</load_address>
         <run_address>0x18938</run_address>
         <size>0x34</size>
         <input_file_ref idref="fl-39"/>
      </object_component>
      <object_component id="oc-a67">
         <name>.text</name>
         <load_address>0x1896c</load_address>
         <run_address>0x1896c</run_address>
         <size>0x10</size>
         <input_file_ref idref="fl-39"/>
      </object_component>
      <object_component id="oc-a61">
         <name>.text</name>
         <load_address>0x1897c</load_address>
         <run_address>0x1897c</run_address>
         <size>0x20c</size>
         <input_file_ref idref="fl-39"/>
      </object_component>
      <object_component id="oc-a4f">
         <name>.text</name>
         <load_address>0x18b88</load_address>
         <run_address>0x18b88</run_address>
         <size>0x20</size>
         <input_file_ref idref="fl-39"/>
      </object_component>
      <object_component id="oc-a55">
         <name>.text</name>
         <load_address>0x18ba8</load_address>
         <run_address>0x18ba8</run_address>
         <size>0x1c0</size>
         <input_file_ref idref="fl-39"/>
      </object_component>
      <object_component id="oc-a5b">
         <name>.text</name>
         <load_address>0x18d68</load_address>
         <run_address>0x18d68</run_address>
         <size>0x1a0</size>
         <input_file_ref idref="fl-39"/>
      </object_component>
      <object_component id="oc-a48">
         <name>.text</name>
         <load_address>0x18f08</load_address>
         <run_address>0x18f08</run_address>
         <size>0x3c</size>
         <input_file_ref idref="fl-3c"/>
      </object_component>
      <object_component id="oc-830">
         <name>.text</name>
         <load_address>0x18f44</load_address>
         <run_address>0x18f44</run_address>
         <size>0x2b8</size>
         <input_file_ref idref="fl-3c"/>
      </object_component>
      <object_component id="oc-a87">
         <name>.text</name>
         <load_address>0x191fc</load_address>
         <run_address>0x191fc</run_address>
         <size>0x48</size>
         <input_file_ref idref="fl-3c"/>
      </object_component>
      <object_component id="oc-a7b">
         <name>.text</name>
         <load_address>0x19244</load_address>
         <run_address>0x19244</run_address>
         <size>0x128</size>
         <input_file_ref idref="fl-3c"/>
      </object_component>
      <object_component id="oc-806">
         <name>.text</name>
         <load_address>0x1936c</load_address>
         <run_address>0x1936c</run_address>
         <size>0x64</size>
         <input_file_ref idref="fl-3c"/>
      </object_component>
      <object_component id="oc-812">
         <name>.text</name>
         <load_address>0x193d0</load_address>
         <run_address>0x193d0</run_address>
         <size>0x30</size>
         <input_file_ref idref="fl-3c"/>
      </object_component>
      <object_component id="oc-818">
         <name>.text</name>
         <load_address>0x19400</load_address>
         <run_address>0x19400</run_address>
         <size>0x14</size>
         <input_file_ref idref="fl-3c"/>
      </object_component>
      <object_component id="oc-824">
         <name>.text</name>
         <load_address>0x19414</load_address>
         <run_address>0x19414</run_address>
         <size>0x34</size>
         <input_file_ref idref="fl-3c"/>
      </object_component>
      <object_component id="oc-800">
         <name>.text</name>
         <load_address>0x19448</load_address>
         <run_address>0x19448</run_address>
         <size>0x38</size>
         <input_file_ref idref="fl-3c"/>
      </object_component>
      <object_component id="oc-a8d">
         <name>.text</name>
         <load_address>0x19480</load_address>
         <run_address>0x19480</run_address>
         <size>0xc</size>
         <input_file_ref idref="fl-3c"/>
      </object_component>
      <object_component id="oc-ba7">
         <name>.text</name>
         <load_address>0x1948c</load_address>
         <run_address>0x1948c</run_address>
         <size>0x38</size>
         <input_file_ref idref="fl-3c"/>
      </object_component>
      <object_component id="oc-81e">
         <name>.text</name>
         <load_address>0x194c4</load_address>
         <run_address>0x194c4</run_address>
         <size>0xc</size>
         <input_file_ref idref="fl-3c"/>
      </object_component>
      <object_component id="oc-836">
         <name>.text</name>
         <load_address>0x194d0</load_address>
         <run_address>0x194d0</run_address>
         <size>0xa4</size>
         <input_file_ref idref="fl-3c"/>
      </object_component>
      <object_component id="oc-b9a">
         <name>.text</name>
         <load_address>0x19574</load_address>
         <run_address>0x19574</run_address>
         <size>0x2</size>
         <input_file_ref idref="fl-41"/>
      </object_component>
      <object_component id="oc-87e">
         <name>.text:SM_p256KeyCB</name>
         <load_address>0x19576</load_address>
         <run_address>0x19576</run_address>
         <size>0x2</size>
         <input_file_ref idref="fl-17"/>
      </object_component>
      <object_component id="oc-4c8">
         <name>.text</name>
         <load_address>0x19578</load_address>
         <run_address>0x19578</run_address>
         <size>0x34</size>
         <input_file_ref idref="fl-42"/>
      </object_component>
      <object_component id="oc-9ee">
         <name>.text</name>
         <load_address>0x195ac</load_address>
         <run_address>0x195ac</run_address>
         <size>0x90</size>
         <input_file_ref idref="fl-42"/>
      </object_component>
      <object_component id="oc-7dc">
         <name>.text</name>
         <load_address>0x1963c</load_address>
         <run_address>0x1963c</run_address>
         <size>0xc</size>
         <input_file_ref idref="fl-42"/>
      </object_component>
      <object_component id="oc-7e2">
         <name>.text</name>
         <load_address>0x19648</load_address>
         <run_address>0x19648</run_address>
         <size>0xc</size>
         <input_file_ref idref="fl-42"/>
      </object_component>
      <object_component id="oc-7e8">
         <name>.text</name>
         <load_address>0x19654</load_address>
         <run_address>0x19654</run_address>
         <size>0xc</size>
         <input_file_ref idref="fl-42"/>
      </object_component>
      <object_component id="oc-b24">
         <name>.text</name>
         <load_address>0x19660</load_address>
         <run_address>0x19660</run_address>
         <size>0x10</size>
         <input_file_ref idref="fl-47"/>
      </object_component>
      <object_component id="oc-872">
         <name>.text</name>
         <load_address>0x19670</load_address>
         <run_address>0x19670</run_address>
         <size>0x7c</size>
         <input_file_ref idref="fl-47"/>
      </object_component>
      <object_component id="oc-842">
         <name>.text</name>
         <load_address>0x196ec</load_address>
         <run_address>0x196ec</run_address>
         <size>0x38</size>
         <input_file_ref idref="fl-50"/>
      </object_component>
      <object_component id="oc-8a4">
         <name>.text</name>
         <load_address>0x19724</load_address>
         <run_address>0x19724</run_address>
         <size>0x88</size>
         <input_file_ref idref="fl-51"/>
      </object_component>
      <object_component id="oc-8b0">
         <name>.text</name>
         <load_address>0x197ac</load_address>
         <run_address>0x197ac</run_address>
         <size>0x3c</size>
         <input_file_ref idref="fl-51"/>
      </object_component>
      <object_component id="oc-8aa">
         <name>.text</name>
         <load_address>0x197e8</load_address>
         <run_address>0x197e8</run_address>
         <size>0x20</size>
         <input_file_ref idref="fl-51"/>
      </object_component>
      <object_component id="oc-ab9">
         <name>.text</name>
         <load_address>0x19808</load_address>
         <run_address>0x19808</run_address>
         <size>0x228</size>
         <input_file_ref idref="fl-51"/>
      </object_component>
      <object_component id="oc-b08">
         <name>.text</name>
         <load_address>0x19a30</load_address>
         <run_address>0x19a30</run_address>
         <size>0xc</size>
         <input_file_ref idref="fl-52"/>
      </object_component>
      <object_component id="oc-4ce">
         <name>.text</name>
         <load_address>0x19a3c</load_address>
         <run_address>0x19a3c</run_address>
         <size>0x5c</size>
         <input_file_ref idref="fl-52"/>
      </object_component>
      <object_component id="oc-9fa">
         <name>.text</name>
         <load_address>0x19a98</load_address>
         <run_address>0x19a98</run_address>
         <size>0x40</size>
         <input_file_ref idref="fl-52"/>
      </object_component>
      <object_component id="oc-8f2">
         <name>.text</name>
         <load_address>0x19ad8</load_address>
         <run_address>0x19ad8</run_address>
         <size>0x2e</size>
         <input_file_ref idref="fl-52"/>
      </object_component>
      <object_component id="oc-8fe">
         <name>.text</name>
         <load_address>0x19b06</load_address>
         <run_address>0x19b06</run_address>
         <size>0x24</size>
         <input_file_ref idref="fl-52"/>
      </object_component>
      <object_component id="oc-904">
         <name>.text</name>
         <load_address>0x19b2a</load_address>
         <run_address>0x19b2a</run_address>
         <size>0x26</size>
         <input_file_ref idref="fl-52"/>
      </object_component>
      <object_component id="oc-90a">
         <name>.text</name>
         <load_address>0x19b50</load_address>
         <run_address>0x19b50</run_address>
         <size>0x18</size>
         <input_file_ref idref="fl-52"/>
      </object_component>
      <object_component id="oc-8f8">
         <name>.text</name>
         <load_address>0x19b68</load_address>
         <run_address>0x19b68</run_address>
         <size>0x1c</size>
         <input_file_ref idref="fl-52"/>
      </object_component>
      <object_component id="oc-854">
         <name>.text</name>
         <load_address>0x19b84</load_address>
         <run_address>0x19b84</run_address>
         <size>0x3c</size>
         <input_file_ref idref="fl-52"/>
      </object_component>
      <object_component id="oc-86c">
         <name>.text</name>
         <load_address>0x19bc0</load_address>
         <run_address>0x19bc0</run_address>
         <size>0x30</size>
         <input_file_ref idref="fl-52"/>
      </object_component>
      <object_component id="oc-860">
         <name>.text</name>
         <load_address>0x19bf0</load_address>
         <run_address>0x19bf0</run_address>
         <size>0x64</size>
         <input_file_ref idref="fl-52"/>
      </object_component>
      <object_component id="oc-84e">
         <name>.text</name>
         <load_address>0x19c54</load_address>
         <run_address>0x19c54</run_address>
         <size>0x50</size>
         <input_file_ref idref="fl-52"/>
      </object_component>
      <object_component id="oc-848">
         <name>.text</name>
         <load_address>0x19ca4</load_address>
         <run_address>0x19ca4</run_address>
         <size>0x48</size>
         <input_file_ref idref="fl-52"/>
      </object_component>
      <object_component id="oc-85a">
         <name>.text</name>
         <load_address>0x19cec</load_address>
         <run_address>0x19cec</run_address>
         <size>0x1f8</size>
         <input_file_ref idref="fl-52"/>
      </object_component>
      <object_component id="oc-866">
         <name>.text</name>
         <load_address>0x19ee4</load_address>
         <run_address>0x19ee4</run_address>
         <size>0x78</size>
         <input_file_ref idref="fl-52"/>
      </object_component>
      <object_component id="oc-afa">
         <name>.text</name>
         <load_address>0x19f5c</load_address>
         <run_address>0x19f5c</run_address>
         <size>0x1e</size>
         <input_file_ref idref="fl-52"/>
      </object_component>
      <object_component id="oc-878">
         <name>.text:SM_dhKeyCB</name>
         <load_address>0x19f7a</load_address>
         <run_address>0x19f7a</run_address>
         <size>0x2</size>
         <input_file_ref idref="fl-17"/>
      </object_component>
      <object_component id="oc-9b4">
         <name>.text</name>
         <load_address>0x19f7c</load_address>
         <run_address>0x19f7c</run_address>
         <size>0x3c</size>
         <input_file_ref idref="fl-52"/>
      </object_component>
      <object_component id="oc-705">
         <name>.text</name>
         <load_address>0x19fb8</load_address>
         <run_address>0x19fb8</run_address>
         <size>0x2c</size>
         <input_file_ref idref="fl-52"/>
      </object_component>
      <object_component id="oc-910">
         <name>.text</name>
         <load_address>0x19fe4</load_address>
         <run_address>0x19fe4</run_address>
         <size>0x3c</size>
         <input_file_ref idref="fl-52"/>
      </object_component>
      <object_component id="oc-884">
         <name>.text</name>
         <load_address>0x1a020</load_address>
         <run_address>0x1a020</run_address>
         <size>0x204</size>
         <input_file_ref idref="fl-55"/>
      </object_component>
      <object_component id="oc-48c">
         <name>.text</name>
         <load_address>0x1a224</load_address>
         <run_address>0x1a224</run_address>
         <size>0x70</size>
         <input_file_ref idref="fl-10d"/>
      </object_component>
      <object_component id="oc-9d0">
         <name>.text</name>
         <load_address>0x1a294</load_address>
         <run_address>0x1a294</run_address>
         <size>0x18</size>
         <input_file_ref idref="fl-112"/>
      </object_component>
      <object_component id="oc-47d">
         <name>.text</name>
         <load_address>0x1a2ac</load_address>
         <run_address>0x1a2ac</run_address>
         <size>0x9c</size>
         <input_file_ref idref="fl-115"/>
      </object_component>
      <object_component id="oc-486">
         <name>.text</name>
         <load_address>0x1a348</load_address>
         <run_address>0x1a348</run_address>
         <size>0x7a</size>
         <input_file_ref idref="fl-116"/>
      </object_component>
      <object_component id="oc-9cb">
         <name>.text</name>
         <load_address>0x1a3c2</load_address>
         <run_address>0x1a3c2</run_address>
         <size>0x1f4</size>
         <input_file_ref idref="fl-119"/>
      </object_component>
      <object_component id="oc-b68">
         <name>.text:NOROM_CPUcpsid</name>
         <load_address>0x1a5b6</load_address>
         <run_address>0x1a5b6</run_address>
         <size>0xc</size>
         <input_file_ref idref="fl-11a"/>
      </object_component>
      <object_component id="oc-82a">
         <name>.text:ROM_Spinlock</name>
         <load_address>0x1a5c2</load_address>
         <run_address>0x1a5c2</run_address>
         <size>0x16</size>
         <input_file_ref idref="fl-19"/>
      </object_component>
      <object_component id="oc-7d6">
         <name>.text:halAssertHandler</name>
         <load_address>0x1a5d8</load_address>
         <run_address>0x1a5d8</run_address>
         <size>0x2</size>
         <input_file_ref idref="fl-2"/>
      </object_component>
      <object_component id="oc-503">
         <name>.text:halAssertSpinlock</name>
         <load_address>0x1a5da</load_address>
         <run_address>0x1a5da</run_address>
         <size>0x2</size>
         <input_file_ref idref="fl-2"/>
      </object_component>
      <object_component id="oc-a29">
         <name>.text:osalFindTimer</name>
         <load_address>0x1a5dc</load_address>
         <run_address>0x1a5dc</run_address>
         <size>0x20</size>
         <input_file_ref idref="fl-13"/>
      </object_component>
      <object_component id="oc-7be">
         <name>.text:osal_rand</name>
         <load_address>0x1a5fc</load_address>
         <run_address>0x1a5fc</run_address>
         <size>0x10</size>
         <input_file_ref idref="fl-c"/>
      </object_component>
      <object_component id="oc-7b8">
         <name>.text:osal_memcmp</name>
         <load_address>0x1a60c</load_address>
         <run_address>0x1a60c</run_address>
         <size>0x20</size>
         <input_file_ref idref="fl-c"/>
      </object_component>
      <object_component id="oc-76a">
         <name>.text:osal_memcpy</name>
         <load_address>0x1a62c</load_address>
         <run_address>0x1a62c</run_address>
         <size>0x18</size>
         <input_file_ref idref="fl-c"/>
      </object_component>
      <object_component id="oc-7b2">
         <name>.text:osal_memdup</name>
         <load_address>0x1a644</load_address>
         <run_address>0x1a644</run_address>
         <size>0x1c</size>
         <input_file_ref idref="fl-c"/>
      </object_component>
      <object_component id="oc-a22">
         <name>.text:osalAddTimer</name>
         <load_address>0x1a660</load_address>
         <run_address>0x1a660</run_address>
         <size>0x48</size>
         <input_file_ref idref="fl-13"/>
      </object_component>
      <object_component id="oc-794">
         <name>.text:osal_isbufset</name>
         <load_address>0x1a6a8</load_address>
         <run_address>0x1a6a8</run_address>
         <size>0x1a</size>
         <input_file_ref idref="fl-c"/>
      </object_component>
      <object_component id="oc-78e">
         <name>.text:osal_build_uint32</name>
         <load_address>0x1a6c2</load_address>
         <run_address>0x1a6c2</run_address>
         <size>0x2e</size>
         <input_file_ref idref="fl-c"/>
      </object_component>
      <object_component id="oc-788">
         <name>.text:osal_buffer_uint32</name>
         <load_address>0x1a6f0</load_address>
         <run_address>0x1a6f0</run_address>
         <size>0x18</size>
         <input_file_ref idref="fl-c"/>
      </object_component>
      <object_component id="oc-a18">
         <name>.text:bm_desc_from_payload$11</name>
         <load_address>0x1a708</load_address>
         <run_address>0x1a708</run_address>
         <size>0x24</size>
         <input_file_ref idref="fl-d"/>
      </object_component>
      <object_component id="oc-782">
         <name>.text:osal_bm_adjust_header</name>
         <load_address>0x1a72c</load_address>
         <run_address>0x1a72c</run_address>
         <size>0x28</size>
         <input_file_ref idref="fl-d"/>
      </object_component>
      <object_component id="oc-722">
         <name>.text:osal_msg_allocate</name>
         <load_address>0x1a754</load_address>
         <run_address>0x1a754</run_address>
         <size>0x24</size>
         <input_file_ref idref="fl-c"/>
      </object_component>
      <object_component id="oc-728">
         <name>.text:osal_self</name>
         <load_address>0x1a778</load_address>
         <run_address>0x1a778</run_address>
         <size>0xc</size>
         <input_file_ref idref="fl-c"/>
      </object_component>
      <object_component id="oc-4bc">
         <name>.text:osal_memset</name>
         <load_address>0x1a784</load_address>
         <run_address>0x1a784</run_address>
         <size>0x4</size>
         <input_file_ref idref="fl-c"/>
      </object_component>
      <object_component id="oc-770">
         <name>.text:osal_revmemcpy</name>
         <load_address>0x1a788</load_address>
         <run_address>0x1a788</run_address>
         <size>0x1c</size>
         <input_file_ref idref="fl-c"/>
      </object_component>
      <object_component id="oc-6b8">
         <name>.text:HalFlashGetAddress</name>
         <load_address>0x1a7a4</load_address>
         <run_address>0x1a7a4</run_address>
         <size>0x20</size>
         <input_file_ref idref="fl-3"/>
      </object_component>
      <object_component id="oc-b10">
         <name>.text:gapBondMgrFindAddr$19</name>
         <load_address>0x1a7c4</load_address>
         <run_address>0x1a7c4</run_address>
         <size>0x2c</size>
         <input_file_ref idref="fl-15"/>
      </object_component>
      <object_component id="oc-ae8">
         <name>.text:gapBondMgrGetStateFlags$19</name>
         <load_address>0x1a7f0</load_address>
         <run_address>0x1a7f0</run_address>
         <size>0x26</size>
         <input_file_ref idref="fl-15"/>
      </object_component>
      <object_component id="oc-92d">
         <name>.text:GAPBondMgr_SupportsEnhancedPriv</name>
         <load_address>0x1a816</load_address>
         <run_address>0x1a816</run_address>
         <size>0x1c</size>
         <input_file_ref idref="fl-15"/>
      </object_component>
      <object_component id="oc-6aa">
         <name>.text</name>
         <load_address>0x1a832</load_address>
         <run_address>0x1a832</run_address>
         <size>0x2</size>
         <input_file_ref idref="fl-117"/>
      </object_component>
      <object_component id="oc-8da">
         <name>.text:GAPBondMgr_ResolveAddr</name>
         <load_address>0x1a834</load_address>
         <run_address>0x1a834</run_address>
         <size>0xa4</size>
         <input_file_ref idref="fl-15"/>
      </object_component>
      <object_component id="oc-af4">
         <name>.text:gapBondMgrInvertCharCfgItem$19</name>
         <load_address>0x1a8d8</load_address>
         <run_address>0x1a8d8</run_address>
         <size>0x1e</size>
         <input_file_ref idref="fl-15"/>
      </object_component>
      <object_component id="oc-bda">
         <name>.text:gapBondMgrFindCharCfgItem$19</name>
         <load_address>0x1a8f6</load_address>
         <run_address>0x1a8f6</run_address>
         <size>0x18</size>
         <input_file_ref idref="fl-15"/>
      </object_component>
      <object_component id="oc-b6e">
         <name>.text:Onboard_soft_reset</name>
         <load_address>0x1a90e</load_address>
         <run_address>0x1a90e</run_address>
         <size>0x2</size>
         <input_file_ref idref="fl-1d"/>
      </object_component>
      <object_component id="oc-91c">
         <name>.text:buildRevision</name>
         <load_address>0x1a910</load_address>
         <run_address>0x1a910</run_address>
         <size>0x28</size>
         <input_file_ref idref="fl-9"/>
      </object_component>
      <object_component id="oc-8ec">
         <name>.text:GAP_DeviceInit</name>
         <load_address>0x1a938</load_address>
         <run_address>0x1a938</run_address>
         <size>0x42</size>
         <input_file_ref idref="fl-14"/>
      </object_component>
      <object_component id="oc-b1e">
         <name>.text:gapBondMgrAuthenticate$19</name>
         <load_address>0x1a97c</load_address>
         <run_address>0x1a97c</run_address>
         <size>0x190</size>
         <input_file_ref idref="fl-15"/>
      </object_component>
      <object_component id="oc-b00">
         <name>.text:gapBondMgrUpdateLruBondList$19</name>
         <load_address>0x1ab0c</load_address>
         <run_address>0x1ab0c</run_address>
         <size>0x48</size>
         <input_file_ref idref="fl-15"/>
      </object_component>
      <object_component id="oc-70e">
         <name>.text:gapBondMgr_SyncWhiteList$19</name>
         <load_address>0x1ab54</load_address>
         <run_address>0x1ab54</run_address>
         <size>0x30</size>
         <input_file_ref idref="fl-15"/>
      </object_component>
      <object_component id="oc-9be">
         <name>.text:gapBondMgrBondTotal$19</name>
         <load_address>0x1ab84</load_address>
         <run_address>0x1ab84</run_address>
         <size>0x28</size>
         <input_file_ref idref="fl-15"/>
      </object_component>
      <object_component id="oc-714">
         <name>.text:gapBondSetupPrivFlag$19</name>
         <load_address>0x1abac</load_address>
         <run_address>0x1abac</run_address>
         <size>0x1e</size>
         <input_file_ref idref="fl-15"/>
      </object_component>
      <object_component id="oc-b2a">
         <name>.text:gapBondMgrAddBond$19</name>
         <load_address>0x1abcc</load_address>
         <run_address>0x1abcc</run_address>
         <size>0x1d0</size>
         <input_file_ref idref="fl-15"/>
      </object_component>
      <object_component id="oc-b87">
         <name>.text:gapBondFreeAuthEvt$19</name>
         <load_address>0x1ad9c</load_address>
         <run_address>0x1ad9c</run_address>
         <size>0x1c</size>
         <input_file_ref idref="fl-15"/>
      </object_component>
      <object_component id="oc-ad4">
         <name>.text:gapBondMgrEraseBonding$19</name>
         <load_address>0x1adb8</load_address>
         <run_address>0x1adb8</run_address>
         <size>0x130</size>
         <input_file_ref idref="fl-15"/>
      </object_component>
      <object_component id="oc-ae0">
         <name>.text:gapBondMgrEraseAllBondings$19</name>
         <load_address>0x1aee8</load_address>
         <run_address>0x1aee8</run_address>
         <size>0x16</size>
         <input_file_ref idref="fl-15"/>
      </object_component>
      <object_component id="oc-8d4">
         <name>.text:GAPBondMgr_PasscodeRsp</name>
         <load_address>0x1af00</load_address>
         <run_address>0x1af00</run_address>
         <size>0x30</size>
         <input_file_ref idref="fl-15"/>
      </object_component>
      <object_component id="oc-8ce">
         <name>.text:GAPBondMgr_Register</name>
         <load_address>0x1af30</load_address>
         <run_address>0x1af30</run_address>
         <size>0x1c</size>
         <input_file_ref idref="fl-15"/>
      </object_component>
      <object_component id="oc-aee">
         <name>.text:gapBondMgrBondReq$19</name>
         <load_address>0x1af4c</load_address>
         <run_address>0x1af4c</run_address>
         <size>0x74</size>
         <input_file_ref idref="fl-15"/>
      </object_component>
      <object_component id="oc-8c2">
         <name>.text:GAPBondMgr_LinkEst</name>
         <load_address>0x1afc0</load_address>
         <run_address>0x1afc0</run_address>
         <size>0xec</size>
         <input_file_ref idref="fl-15"/>
      </object_component>
      <object_component id="oc-8bc">
         <name>.text:GAPBondMgr_GetParameter</name>
         <load_address>0x1b0ac</load_address>
         <run_address>0x1b0ac</run_address>
         <size>0xf8</size>
         <input_file_ref idref="fl-15"/>
      </object_component>
      <object_component id="oc-4d4">
         <name>.text:gapBondMgrReadBonds$19</name>
         <load_address>0x1b1a4</load_address>
         <run_address>0x1b1a4</run_address>
         <size>0x58</size>
         <input_file_ref idref="fl-15"/>
      </object_component>
      <object_component id="oc-8b6">
         <name>.text:GAPBondMgr_SetParameter</name>
         <load_address>0x1b1fc</load_address>
         <run_address>0x1b1fc</run_address>
         <size>0x264</size>
         <input_file_ref idref="fl-15"/>
      </object_component>
      <object_component id="oc-89e">
         <name>.text:icall_liteErrorFunction</name>
         <load_address>0x1b460</load_address>
         <run_address>0x1b460</run_address>
         <size>0x6</size>
         <input_file_ref idref="fl-9"/>
      </object_component>
      <object_component id="oc-6c6">
         <name>.text:enableCache$16</name>
         <load_address>0x1b468</load_address>
         <run_address>0x1b468</run_address>
         <size>0x1c</size>
         <input_file_ref idref="fl-12"/>
      </object_component>
      <object_component id="oc-6db">
         <name>.text:NOROM_FlashSectorErase</name>
         <load_address>0x1b484</load_address>
         <run_address>0x1b484</run_address>
         <size>0x1c</size>
         <input_file_ref idref="fl-2f"/>
      </object_component>
      <object_component id="oc-4aa">
         <name>.text:erasePage$16</name>
         <load_address>0x1b4a0</load_address>
         <run_address>0x1b4a0</run_address>
         <size>0x3c</size>
         <input_file_ref idref="fl-12"/>
      </object_component>
      <object_component id="oc-988">
         <name>.text:NOROM_FlashProgram</name>
         <load_address>0x1b4dc</load_address>
         <run_address>0x1b4dc</run_address>
         <size>0x1c</size>
         <input_file_ref idref="fl-2f"/>
      </object_component>
      <object_component id="oc-6cc">
         <name>.text:HalFlashWrite</name>
         <load_address>0x1b4f8</load_address>
         <run_address>0x1b4f8</run_address>
         <size>0xa</size>
         <input_file_ref idref="fl-3"/>
      </object_component>
      <object_component id="oc-4b0">
         <name>.text:setActivePage$16</name>
         <load_address>0x1b502</load_address>
         <run_address>0x1b502</run_address>
         <size>0x14</size>
         <input_file_ref idref="fl-12"/>
      </object_component>
      <object_component id="oc-4a4">
         <name>.text:compactPage$16</name>
         <load_address>0x1b518</load_address>
         <run_address>0x1b518</run_address>
         <size>0x11c</size>
         <input_file_ref idref="fl-12"/>
      </object_component>
      <object_component id="oc-ada">
         <name>.text:osal_snv_compact</name>
         <load_address>0x1b634</load_address>
         <run_address>0x1b634</run_address>
         <size>0x28</size>
         <input_file_ref idref="fl-12"/>
      </object_component>
      <object_component id="oc-8c8">
         <name>.text:GAPBondMgr_LinkTerm</name>
         <load_address>0x1b65c</load_address>
         <run_address>0x1b65c</run_address>
         <size>0x50</size>
         <input_file_ref idref="fl-15"/>
      </object_component>
      <object_component id="oc-8e6">
         <name>.text:GAPBondMgr_ProcessGAPMsg</name>
         <load_address>0x1b6ac</load_address>
         <run_address>0x1b6ac</run_address>
         <size>0x1f8</size>
         <input_file_ref idref="fl-15"/>
      </object_component>
      <object_component id="oc-9f4">
         <name>.text:osal_CbTimerProcessEvent</name>
         <load_address>0x1b8a4</load_address>
         <run_address>0x1b8a4</run_address>
         <size>0x90</size>
         <input_file_ref idref="fl-e"/>
      </object_component>
      <object_component id="oc-6c0">
         <name>.text:disableCache$16</name>
         <load_address>0x1b934</load_address>
         <run_address>0x1b934</run_address>
         <size>0x38</size>
         <input_file_ref idref="fl-12"/>
      </object_component>
      <object_component id="oc-6e2">
         <name>.text:writeWord$16</name>
         <load_address>0x1b96c</load_address>
         <run_address>0x1b96c</run_address>
         <size>0x88</size>
         <input_file_ref idref="fl-12"/>
      </object_component>
      <object_component id="oc-b3a">
         <name>.text:setXferPage$16</name>
         <load_address>0x1b9f4</load_address>
         <run_address>0x1b9f4</run_address>
         <size>0x10</size>
         <input_file_ref idref="fl-12"/>
      </object_component>
      <object_component id="oc-916">
         <name>.text:osal_snv_write</name>
         <load_address>0x1ba04</load_address>
         <run_address>0x1ba04</run_address>
         <size>0xf8</size>
         <input_file_ref idref="fl-12"/>
      </object_component>
      <object_component id="oc-b17">
         <name>.text:gapBondMgrUpdateCharCfg$19</name>
         <load_address>0x1bafc</load_address>
         <run_address>0x1bafc</run_address>
         <size>0x9e</size>
         <input_file_ref idref="fl-15"/>
      </object_component>
      <object_component id="oc-8e0">
         <name>.text:GAPBondMgr_UpdateCharCfg</name>
         <load_address>0x1bb9a</load_address>
         <run_address>0x1bb9a</run_address>
         <size>0x50</size>
         <input_file_ref idref="fl-15"/>
      </object_component>
      <object_component id="oc-a00">
         <name>.text:GAPBondMgr_ProcessEvent</name>
         <load_address>0x1bbec</load_address>
         <run_address>0x1bbec</run_address>
         <size>0x150</size>
         <input_file_ref idref="fl-15"/>
      </object_component>
      <object_component id="oc-a06">
         <name>.text:ble_dispatch_liteProcess</name>
         <load_address>0x1bd3c</load_address>
         <run_address>0x1bd3c</run_address>
         <size>0x74</size>
         <input_file_ref idref="fl-9"/>
      </object_component>
      <object_component id="oc-498">
         <name>.text:HalFlashRead</name>
         <load_address>0x1bdb0</load_address>
         <run_address>0x1bdb0</run_address>
         <size>0x30</size>
         <input_file_ref idref="fl-3"/>
      </object_component>
      <object_component id="oc-71b">
         <name>.text:findItem$16</name>
         <load_address>0x1bde0</load_address>
         <run_address>0x1bde0</run_address>
         <size>0x58</size>
         <input_file_ref idref="fl-12"/>
      </object_component>
      <object_component id="oc-4da">
         <name>.text:osal_snv_read</name>
         <load_address>0x1be38</load_address>
         <run_address>0x1be38</run_address>
         <size>0x1e</size>
         <input_file_ref idref="fl-12"/>
      </object_component>
      <object_component id="oc-b43">
         <name>.text:GAPBondMgr_syncResolvingList</name>
         <load_address>0x1be58</load_address>
         <run_address>0x1be58</run_address>
         <size>0x78</size>
         <input_file_ref idref="fl-15"/>
      </object_component>
      <object_component id="oc-933">
         <name>.text:gapBondMgr_gapIdle$19</name>
         <load_address>0x1bed0</load_address>
         <run_address>0x1bed0</run_address>
         <size>0x14</size>
         <input_file_ref idref="fl-15"/>
      </object_component>
      <object_component id="oc-776">
         <name>.text:osal_msg_receive</name>
         <load_address>0x1bee4</load_address>
         <run_address>0x1bee4</run_address>
         <size>0x94</size>
         <input_file_ref idref="fl-c"/>
      </object_component>
      <object_component id="oc-734">
         <name>.text:osal_proxy2alien$10</name>
         <load_address>0x1bf78</load_address>
         <run_address>0x1bf78</run_address>
         <size>0x24</size>
         <input_file_ref idref="fl-c"/>
      </object_component>
      <object_component id="oc-4e0">
         <name>.text:osal_set_event</name>
         <load_address>0x1bf9c</load_address>
         <run_address>0x1bf9c</run_address>
         <size>0xc0</size>
         <input_file_ref idref="fl-c"/>
      </object_component>
      <object_component id="oc-9d5">
         <name>.text:osalTimerUpdate</name>
         <load_address>0x1c05c</load_address>
         <run_address>0x1c05c</run_address>
         <size>0xec</size>
         <input_file_ref idref="fl-13"/>
      </object_component>
      <object_component id="oc-741">
         <name>.text:osal_timer_refTimeUpdate</name>
         <load_address>0x1c148</load_address>
         <run_address>0x1c148</run_address>
         <size>0x90</size>
         <input_file_ref idref="fl-13"/>
      </object_component>
      <object_component id="oc-79a">
         <name>.text:osal_start_timerEx</name>
         <load_address>0x1c1d8</load_address>
         <run_address>0x1c1d8</run_address>
         <size>0x44</size>
         <input_file_ref idref="fl-13"/>
      </object_component>
      <object_component id="oc-7a6">
         <name>.text:osal_start_reload_timer</name>
         <load_address>0x1c21c</load_address>
         <run_address>0x1c21c</run_address>
         <size>0x38</size>
         <input_file_ref idref="fl-13"/>
      </object_component>
      <object_component id="oc-7ac">
         <name>.text:osal_clear_event</name>
         <load_address>0x1c254</load_address>
         <run_address>0x1c254</run_address>
         <size>0x34</size>
         <input_file_ref idref="fl-c"/>
      </object_component>
      <object_component id="oc-a35">
         <name>.text:cbTimerSetup$12</name>
         <load_address>0x1c288</load_address>
         <run_address>0x1c288</run_address>
         <size>0x9c</size>
         <input_file_ref idref="fl-e"/>
      </object_component>
      <object_component id="oc-7c4">
         <name>.text:osal_CbTimerStart</name>
         <load_address>0x1c324</load_address>
         <run_address>0x1c324</run_address>
         <size>0xc</size>
         <input_file_ref idref="fl-e"/>
      </object_component>
      <object_component id="oc-7a0">
         <name>.text:osal_stop_timerEx</name>
         <load_address>0x1c330</load_address>
         <run_address>0x1c330</run_address>
         <size>0x34</size>
         <input_file_ref idref="fl-13"/>
      </object_component>
      <object_component id="oc-7ca">
         <name>.text:osal_CbTimerStop</name>
         <load_address>0x1c364</load_address>
         <run_address>0x1c364</run_address>
         <size>0x58</size>
         <input_file_ref idref="fl-e"/>
      </object_component>
      <object_component id="oc-a3d">
         <name>.text:osal_get_timeoutEx</name>
         <load_address>0x1c3bc</load_address>
         <run_address>0x1c3bc</run_address>
         <size>0x2c</size>
         <input_file_ref idref="fl-13"/>
      </object_component>
      <object_component id="oc-7d0">
         <name>.text:osal_CbTimerUpdate</name>
         <load_address>0x1c3e8</load_address>
         <run_address>0x1c3e8</run_address>
         <size>0x68</size>
         <input_file_ref idref="fl-e"/>
      </object_component>
      <object_component id="oc-492">
         <name>.text:halAssertHandlerExt</name>
         <load_address>0x1c450</load_address>
         <run_address>0x1c450</run_address>
         <size>0x1c</size>
         <input_file_ref idref="fl-2"/>
      </object_component>
      <object_component id="oc-753">
         <name>.text:osal_msec_timer_cback$10</name>
         <load_address>0x1c46c</load_address>
         <run_address>0x1c46c</run_address>
         <size>0x34</size>
         <input_file_ref idref="fl-c"/>
      </object_component>
      <object_component id="oc-4b6">
         <name>.text:osal_mem_alloc</name>
         <load_address>0x1c4a0</load_address>
         <run_address>0x1c4a0</run_address>
         <size>0x10</size>
         <input_file_ref idref="fl-10"/>
      </object_component>
      <object_component id="oc-77c">
         <name>.text:osal_bm_alloc</name>
         <load_address>0x1c4b0</load_address>
         <run_address>0x1c4b0</run_address>
         <size>0x38</size>
         <input_file_ref idref="fl-d"/>
      </object_component>
      <object_component id="oc-4f2">
         <name>.text:bleDispatch_BMAlloc</name>
         <load_address>0x1c4e8</load_address>
         <run_address>0x1c4e8</run_address>
         <size>0x2c</size>
         <input_file_ref idref="fl-9"/>
      </object_component>
      <object_component id="oc-764">
         <name>.text:osal_bm_free</name>
         <load_address>0x1c514</load_address>
         <run_address>0x1c514</run_address>
         <size>0x4c</size>
         <input_file_ref idref="fl-d"/>
      </object_component>
      <object_component id="oc-4f8">
         <name>.text:bleDispatch_BMFree</name>
         <load_address>0x1c560</load_address>
         <run_address>0x1c560</run_address>
         <size>0x18</size>
         <input_file_ref idref="fl-9"/>
      </object_component>
      <object_component id="oc-747">
         <name>.text:osal_alien2proxy</name>
         <load_address>0x1c578</load_address>
         <run_address>0x1c578</run_address>
         <size>0x38</size>
         <input_file_ref idref="fl-c"/>
      </object_component>
      <object_component id="oc-50f">
         <name>.text:osal_service_entry</name>
         <load_address>0x1c5b0</load_address>
         <run_address>0x1c5b0</run_address>
         <size>0x24</size>
         <input_file_ref idref="fl-c"/>
      </object_component>
      <object_component id="oc-6eb">
         <name>.text:osal_mem_free</name>
         <load_address>0x1c5d4</load_address>
         <run_address>0x1c5d4</run_address>
         <size>0x10</size>
         <input_file_ref idref="fl-10"/>
      </object_component>
      <object_component id="oc-72e">
         <name>.text:osal_msg_deallocate</name>
         <load_address>0x1c5e4</load_address>
         <run_address>0x1c5e4</run_address>
         <size>0x20</size>
         <input_file_ref idref="fl-c"/>
      </object_component>
      <object_component id="oc-9e0">
         <name>.text:osal_msg_enqueue_push$10</name>
         <load_address>0x1c604</load_address>
         <run_address>0x1c604</run_address>
         <size>0xa4</size>
         <input_file_ref idref="fl-c"/>
      </object_component>
      <object_component id="oc-74d">
         <name>.text:osal_msg_send</name>
         <load_address>0x1c6a8</load_address>
         <run_address>0x1c6a8</run_address>
         <size>0x6c</size>
         <input_file_ref idref="fl-c"/>
      </object_component>
      <object_component id="oc-51b">
         <name>.text:icall_liteMsgParser</name>
         <load_address>0x1c714</load_address>
         <run_address>0x1c714</run_address>
         <size>0x18</size>
         <input_file_ref idref="fl-9"/>
      </object_component>
      <object_component id="oc-49e">
         <name>.text:findOffset$16</name>
         <load_address>0x1c72c</load_address>
         <run_address>0x1c72c</run_address>
         <size>0x2c</size>
         <input_file_ref idref="fl-12"/>
      </object_component>
      <object_component id="oc-73b">
         <name>.text:osal_next_timeout</name>
         <load_address>0x1c758</load_address>
         <run_address>0x1c758</run_address>
         <size>0x28</size>
         <input_file_ref idref="fl-13"/>
      </object_component>
      <object_component id="oc-4e6">
         <name>.text:osal_start_system</name>
         <load_address>0x1c780</load_address>
         <run_address>0x1c780</run_address>
         <size>0x1c0</size>
         <input_file_ref idref="fl-c"/>
      </object_component>
      <object_component id="oc-aa3">
         <name>.text:osal_strlen</name>
         <load_address>0x1c940</load_address>
         <run_address>0x1c940</run_address>
         <size>0x14</size>
         <input_file_ref idref="fl-c"/>
      </object_component>
      <object_component id="oc-6a4">
         <name>.text</name>
         <load_address>0x1c954</load_address>
         <run_address>0x1c954</run_address>
         <size>0x4c</size>
         <input_file_ref idref="fl-111"/>
      </object_component>
      <object_component id="oc-22">
         <name>.text:decompress:ZI</name>
         <load_address>0x1c9a0</load_address>
         <run_address>0x1c9a0</run_address>
         <size>0xc</size>
         <input_file_ref idref="fl-110"/>
      </object_component>
      <object_component id="oc-1c">
         <name>.text:decompress:none</name>
         <load_address>0x1c9ac</load_address>
         <run_address>0x1c9ac</run_address>
         <size>0xe</size>
         <input_file_ref idref="fl-10f"/>
      </object_component>
      <object_component id="oc-16">
         <name>.text:decompress:lzss</name>
         <load_address>0x1c9ba</load_address>
         <run_address>0x1c9ba</run_address>
         <size>0x68</size>
         <input_file_ref idref="fl-10e"/>
      </object_component>
      <object_component id="oc-b7d">
         <name>.text:NPI_WriteTransport</name>
         <load_address>0x1ca24</load_address>
         <run_address>0x1ca24</run_address>
         <size>0x50</size>
         <input_file_ref idref="fl-b"/>
      </object_component>
      <object_component id="oc-bb4">
         <name>.text:gattServApp_FindCharCfgItem$20</name>
         <load_address>0x1ca74</load_address>
         <run_address>0x1ca74</run_address>
         <size>0x20</size>
         <input_file_ref idref="fl-16"/>
      </object_component>
      <object_component id="oc-a9d">
         <name>.text:GATTServApp_ReadCharCfg</name>
         <load_address>0x1ca94</load_address>
         <run_address>0x1ca94</run_address>
         <size>0x10</size>
         <input_file_ref idref="fl-16"/>
      </object_component>
      <object_component id="oc-b55">
         <name>.text:GATTServApp_InitCharCfg</name>
         <load_address>0x1caa4</load_address>
         <run_address>0x1caa4</run_address>
         <size>0x34</size>
         <input_file_ref idref="fl-16"/>
      </object_component>
      <object_component id="oc-c48">
         <name>.tramp.LL_ENC_GenerateTrueRandNum.1</name>
         <load_address>0x1cad8</load_address>
         <run_address>0x1cad8</run_address>
         <size>0x8</size>
         <input_file_ref idref="fl-2a"/>
      </object_component>
      <object_component id="oc-c49">
         <name>.tramp.LL_PRIV_GenerateRSA.1</name>
         <load_address>0x1cae0</load_address>
         <run_address>0x1cae0</run_address>
         <size>0x8</size>
         <input_file_ref idref="fl-2a"/>
      </object_component>
      <object_component id="oc-c4a">
         <name>.tramp.LL_ENC_Init.1</name>
         <load_address>0x1cae8</load_address>
         <run_address>0x1cae8</run_address>
         <size>0x8</size>
         <input_file_ref idref="fl-2a"/>
      </object_component>
      <object_component id="oc-c4d">
         <name>.tramp.LL_EnhancedConnectionCompleteCback.1</name>
         <load_address>0x1caf0</load_address>
         <run_address>0x1caf0</run_address>
         <size>0x8</size>
         <input_file_ref idref="fl-2a"/>
      </object_component>
      <object_component id="oc-c4f">
         <name>.tramp.LL_PRIV_IsZeroIRK.1</name>
         <load_address>0x1caf8</load_address>
         <run_address>0x1caf8</run_address>
         <size>0x8</size>
         <input_file_ref idref="fl-2a"/>
      </object_component>
      <object_component id="oc-c50">
         <name>.tramp.LL_PRIV_IsRPA.1</name>
         <load_address>0x1cb00</load_address>
         <run_address>0x1cb00</run_address>
         <size>0x8</size>
         <input_file_ref idref="fl-2a"/>
      </object_component>
      <object_component id="oc-c51">
         <name>.tramp.LL_PRIV_IsResolvable.1</name>
         <load_address>0x1cb08</load_address>
         <run_address>0x1cb08</run_address>
         <size>0x8</size>
         <input_file_ref idref="fl-2a"/>
      </object_component>
      <object_component id="oc-c52">
         <name>.tramp.LL_PRIV_FindPeerInRL.1</name>
         <load_address>0x1cb10</load_address>
         <run_address>0x1cb10</run_address>
         <size>0x8</size>
         <input_file_ref idref="fl-2a"/>
      </object_component>
      <object_component id="oc-c54">
         <name>.tramp.LL_PRIV_IsIDA.1</name>
         <load_address>0x1cb18</load_address>
         <run_address>0x1cb18</run_address>
         <size>0x8</size>
         <input_file_ref idref="fl-2a"/>
      </object_component>
      <object_component id="oc-c55">
         <name>.tramp.LL_PRIV_GenerateRPA.1</name>
         <load_address>0x1cb20</load_address>
         <run_address>0x1cb20</run_address>
         <size>0x8</size>
         <input_file_ref idref="fl-2a"/>
      </object_component>
      <object_component id="oc-c57">
         <name>.tramp.HCI_HardwareErrorEvent.1</name>
         <load_address>0x1cb28</load_address>
         <run_address>0x1cb28</run_address>
         <size>0x8</size>
         <input_file_ref idref="fl-2a"/>
      </object_component>
      <object_component id="oc-c5a">
         <name>.tramp.llRfSetup.1</name>
         <load_address>0x1cb30</load_address>
         <run_address>0x1cb30</run_address>
         <size>0x8</size>
         <input_file_ref idref="fl-2a"/>
      </object_component>
      <object_component id="oc-c5c">
         <name>.tramp.llRfInit.1</name>
         <load_address>0x1cb38</load_address>
         <run_address>0x1cb38</run_address>
         <size>0x8</size>
         <input_file_ref idref="fl-2a"/>
      </object_component>
      <object_component id="oc-c5d">
         <name>.tramp.WL_Init.1</name>
         <load_address>0x1cb40</load_address>
         <run_address>0x1cb40</run_address>
         <size>0x8</size>
         <input_file_ref idref="fl-2a"/>
      </object_component>
      <object_component id="oc-c5e">
         <name>.tramp.LL_ClearWhiteList.1</name>
         <load_address>0x1cb48</load_address>
         <run_address>0x1cb48</run_address>
         <size>0x8</size>
         <input_file_ref idref="fl-2a"/>
      </object_component>
      <object_component id="oc-c5f">
         <name>.tramp.llConnCleanup.1</name>
         <load_address>0x1cb50</load_address>
         <run_address>0x1cb50</run_address>
         <size>0x8</size>
         <input_file_ref idref="fl-2a"/>
      </object_component>
      <object_component id="oc-c60">
         <name>.tramp.llReleaseAllConnId.1</name>
         <load_address>0x1cb58</load_address>
         <run_address>0x1cb58</run_address>
         <size>0x8</size>
         <input_file_ref idref="fl-2a"/>
      </object_component>
      <object_component id="oc-c62">
         <name>.tramp.llInitFeatureSet.1</name>
         <load_address>0x1cb60</load_address>
         <run_address>0x1cb60</run_address>
         <size>0x8</size>
         <input_file_ref idref="fl-2a"/>
      </object_component>
      <object_component id="oc-c63">
         <name>.tramp.LL_PRIV_Init.1</name>
         <load_address>0x1cb68</load_address>
         <run_address>0x1cb68</run_address>
         <size>0x8</size>
         <input_file_ref idref="fl-2a"/>
      </object_component>
      <object_component id="oc-c64">
         <name>.tramp.llGetCurrentTime.1</name>
         <load_address>0x1cb70</load_address>
         <run_address>0x1cb70</run_address>
         <size>0x8</size>
         <input_file_ref idref="fl-2a"/>
      </object_component>
      <object_component id="oc-c65">
         <name>.tramp.llRealignConn.1</name>
         <load_address>0x1cb78</load_address>
         <run_address>0x1cb78</run_address>
         <size>0x8</size>
         <input_file_ref idref="fl-2a"/>
      </object_component>
      <object_component id="oc-c66">
         <name>.tramp.llHardwareError.1</name>
         <load_address>0x1cb80</load_address>
         <run_address>0x1cb80</run_address>
         <size>0x8</size>
         <input_file_ref idref="fl-2a"/>
      </object_component>
      <object_component id="oc-c67">
         <name>.tramp.llSortActiveConns.1</name>
         <load_address>0x1cb88</load_address>
         <run_address>0x1cb88</run_address>
         <size>0x8</size>
         <input_file_ref idref="fl-2a"/>
      </object_component>
      <object_component id="oc-c68">
         <name>.tramp.llGetMinCI.1</name>
         <load_address>0x1cb90</load_address>
         <run_address>0x1cb90</run_address>
         <size>0x8</size>
         <input_file_ref idref="fl-2a"/>
      </object_component>
      <object_component id="oc-c69">
         <name>.tramp.llTimeCompare.1</name>
         <load_address>0x1cb98</load_address>
         <run_address>0x1cb98</run_address>
         <size>0x8</size>
         <input_file_ref idref="fl-2a"/>
      </object_component>
      <object_component id="oc-c6a">
         <name>.tramp.LL_TX_bm_alloc.1</name>
         <load_address>0x1cba0</load_address>
         <run_address>0x1cba0</run_address>
         <size>0x8</size>
         <input_file_ref idref="fl-2a"/>
      </object_component>
      <object_component id="oc-c6b">
         <name>.tramp.LL_ENC_Encrypt.1</name>
         <load_address>0x1cba8</load_address>
         <run_address>0x1cba8</run_address>
         <size>0x8</size>
         <input_file_ref idref="fl-2a"/>
      </object_component>
      <object_component id="oc-c6c">
         <name>.tramp.llAddTxDataEntry.1</name>
         <load_address>0x1cbb0</load_address>
         <run_address>0x1cbb0</run_address>
         <size>0x8</size>
         <input_file_ref idref="fl-2a"/>
      </object_component>
      <object_component id="oc-c6d">
         <name>.tramp.llVerifyConnParamReqParams.1</name>
         <load_address>0x1cbb8</load_address>
         <run_address>0x1cbb8</run_address>
         <size>0x8</size>
         <input_file_ref idref="fl-2a"/>
      </object_component>
      <object_component id="oc-c73">
         <name>.tramp.llResetRadio.1</name>
         <load_address>0x1cbc0</load_address>
         <run_address>0x1cbc0</run_address>
         <size>0x8</size>
         <input_file_ref idref="fl-2a"/>
      </object_component>
      <object_component id="oc-c74">
         <name>.tramp.llProcessTxData.1</name>
         <load_address>0x1cbc8</load_address>
         <run_address>0x1cbc8</run_address>
         <size>0x8</size>
         <input_file_ref idref="fl-2a"/>
      </object_component>
      <object_component id="oc-c76">
         <name>.tramp.WL_FindEntry.1</name>
         <load_address>0x1cbd0</load_address>
         <run_address>0x1cbd0</run_address>
         <size>0x8</size>
         <input_file_ref idref="fl-2a"/>
      </object_component>
      <object_component id="oc-c77">
         <name>.tramp.LL_PRIV_UpdateExtWLEntry.1</name>
         <load_address>0x1cbd8</load_address>
         <run_address>0x1cbd8</run_address>
         <size>0x8</size>
         <input_file_ref idref="fl-2a"/>
      </object_component>
      <object_component id="oc-c78">
         <name>.tramp.llHaltRadio.1</name>
         <load_address>0x1cbe0</load_address>
         <run_address>0x1cbe0</run_address>
         <size>0x8</size>
         <input_file_ref idref="fl-2a"/>
      </object_component>
      <object_component id="oc-c79">
         <name>.tramp.RFHAL_GetNextDataEntry.1</name>
         <load_address>0x1cbe8</load_address>
         <run_address>0x1cbe8</run_address>
         <size>0x8</size>
         <input_file_ref idref="fl-2a"/>
      </object_component>
      <object_component id="oc-c7a">
         <name>.tramp.LL_ENC_Decrypt.1</name>
         <load_address>0x1cbf0</load_address>
         <run_address>0x1cbf0</run_address>
         <size>0x8</size>
         <input_file_ref idref="fl-2a"/>
      </object_component>
      <object_component id="oc-c7b">
         <name>.tramp.LL_PRIV_UpdateRL.1</name>
         <load_address>0x1cbf8</load_address>
         <run_address>0x1cbf8</run_address>
         <size>0x8</size>
         <input_file_ref idref="fl-2a"/>
      </object_component>
      <object_component id="oc-c7d">
         <name>.tramp.LL_RxDataCompleteCback.1</name>
         <load_address>0x1cc00</load_address>
         <run_address>0x1cc00</run_address>
         <size>0x8</size>
         <input_file_ref idref="fl-2a"/>
      </object_component>
      <object_component id="oc-c7e">
         <name>.tramp.llCombinePDU.1</name>
         <load_address>0x1cc08</load_address>
         <run_address>0x1cc08</run_address>
         <size>0x8</size>
         <input_file_ref idref="fl-2a"/>
      </object_component>
      <object_component id="oc-c7f">
         <name>.tramp.llProcessSlaveControlPacket.1</name>
         <load_address>0x1cc10</load_address>
         <run_address>0x1cc10</run_address>
         <size>0x8</size>
         <input_file_ref idref="fl-2a"/>
      </object_component>
      <object_component id="oc-c81">
         <name>.tramp.RFHAL_NextDataEntryDone.1</name>
         <load_address>0x1cc18</load_address>
         <run_address>0x1cc18</run_address>
         <size>0x8</size>
         <input_file_ref idref="fl-2a"/>
      </object_component>
      <object_component id="oc-c82">
         <name>.tramp.llCreateRxBuffer.1</name>
         <load_address>0x1cc20</load_address>
         <run_address>0x1cc20</run_address>
         <size>0x8</size>
         <input_file_ref idref="fl-2a"/>
      </object_component>
      <object_component id="oc-c83">
         <name>.tramp.llProcessPostRfOps.1</name>
         <load_address>0x1cc28</load_address>
         <run_address>0x1cc28</run_address>
         <size>0x8</size>
         <input_file_ref idref="fl-2a"/>
      </object_component>
      <object_component id="oc-c89">
         <name>.tramp.llTimeDelta.1</name>
         <load_address>0x1cc30</load_address>
         <run_address>0x1cc30</run_address>
         <size>0x8</size>
         <input_file_ref idref="fl-2a"/>
      </object_component>
      <object_component id="oc-c8c">
         <name>.tramp.hciInitEventMasks.1</name>
         <load_address>0x1cc38</load_address>
         <run_address>0x1cc38</run_address>
         <size>0x8</size>
         <input_file_ref idref="fl-2a"/>
      </object_component>
      <object_component id="oc-c90">
         <name>.tramp.linkDB_Find.1</name>
         <load_address>0x1cc40</load_address>
         <run_address>0x1cc40</run_address>
         <size>0x8</size>
         <input_file_ref idref="fl-2a"/>
      </object_component>
      <object_component id="oc-c91">
         <name>.tramp.linkDB_Role.1</name>
         <load_address>0x1cc48</load_address>
         <run_address>0x1cc48</run_address>
         <size>0x8</size>
         <input_file_ref idref="fl-2a"/>
      </object_component>
      <object_component id="oc-c92">
         <name>.tramp.linkDB_Remove.1</name>
         <load_address>0x1cc50</load_address>
         <run_address>0x1cc50</run_address>
         <size>0x8</size>
         <input_file_ref idref="fl-2a"/>
      </object_component>
      <object_component id="oc-c93">
         <name>.tramp.disconnectNext.1</name>
         <load_address>0x1cc58</load_address>
         <run_address>0x1cc58</run_address>
         <size>0x8</size>
         <input_file_ref idref="fl-2a"/>
      </object_component>
      <object_component id="oc-c94">
         <name>.tramp.sendTerminateEvent.1</name>
         <load_address>0x1cc60</load_address>
         <run_address>0x1cc60</run_address>
         <size>0x8</size>
         <input_file_ref idref="fl-2a"/>
      </object_component>
      <object_component id="oc-c95">
         <name>.tramp.gapFreeAuthLink.1</name>
         <load_address>0x1cc68</load_address>
         <run_address>0x1cc68</run_address>
         <size>0x8</size>
         <input_file_ref idref="fl-2a"/>
      </object_component>
      <object_component id="oc-c9d">
         <name>.tramp.gattServApp_SetNumPrepareWrites.1</name>
         <load_address>0x1cc70</load_address>
         <run_address>0x1cc70</run_address>
         <size>0x8</size>
         <input_file_ref idref="fl-2a"/>
      </object_component>
      <object_component id="oc-c9e">
         <name>.tramp.GATT_RegisterForReq.1</name>
         <load_address>0x1cc78</load_address>
         <run_address>0x1cc78</run_address>
         <size>0x8</size>
         <input_file_ref idref="fl-2a"/>
      </object_component>
      <object_component id="oc-c9f">
         <name>.tramp.linkDB_Register.1</name>
         <load_address>0x1cc80</load_address>
         <run_address>0x1cc80</run_address>
         <size>0x8</size>
         <input_file_ref idref="fl-2a"/>
      </object_component>
      <object_component id="oc-ca0">
         <name>.tramp.gattServApp_ProcessMsg.1</name>
         <load_address>0x1cc88</load_address>
         <run_address>0x1cc88</run_address>
         <size>0x8</size>
         <input_file_ref idref="fl-2a"/>
      </object_component>
      <object_component id="oc-ca1">
         <name>.tramp.GATT_bm_free.1</name>
[...]
      </symbol>
      <symbol id="sm-d46">
         <name>eccRom_param_a</name>
         <value>0x20004f94</value>
      </symbol>
      <symbol id="sm-d47">
         <name>eccRom_param_b</name>
         <value>0x20004f98</value>
      </symbol>
      <symbol id="sm-d48">
         <name>eccRom_windowSize</name>
         <value>0x20004f9c</value>
      </symbol>
      <symbol id="sm-d49">
         <name>aux64</name>
         <value>0x20004fa0</value>
      </symbol>
      <symbol id="sm-d4a">
         <name>MOD</name>
         <value>0x20004fa8</value>
      </symbol>
      <symbol id="sm-d4b">
         <name>LEN</name>
         <value>0x20004fac</value>
      </symbol>
      <symbol id="sm-d4c">
         <name>inScalar</name>
         <value>0x20004fb0</value>
      </symbol>
      <symbol id="sm-d4d">
         <name>inPointX</name>
         <value>0x20004fb4</value>
      </symbol>
      <symbol id="sm-d4e">
         <name>inPointY</name>
         <value>0x20004fb8</value>
      </symbol>
      <symbol id="sm-d4f">
         <name>outPointX</name>
         <value>0x20004fbc</value>
      </symbol>
      <symbol id="sm-d50">
         <name>outPointY</name>
         <value>0x20004fc0</value>
      </symbol>
      <symbol id="sm-d51">
         <name>SCAL</name>
         <value>0x20004fc4</value>
      </symbol>
      <symbol id="sm-d52">
         <name>EXPX</name>
         <value>0x20004fc8</value>
      </symbol>
      <symbol id="sm-d53">
         <name>EXPY</name>
         <value>0x20004fcc</value>
      </symbol>
      <symbol id="sm-d54">
         <name>EXPZ</name>
         <value>0x20004fd0</value>
      </symbol>
      <symbol id="sm-d55">
         <name>EXPW</name>
         <value>0x20004fd4</value>
      </symbol>
      <symbol id="sm-d56">
         <name>ACCX</name>
         <value>0x20004fd8</value>
      </symbol>
      <symbol id="sm-d57">
         <name>ACCY</name>
         <value>0x20004fdc</value>
      </symbol>
      <symbol id="sm-d58">
         <name>ACCZ</name>
         <value>0x20004fe0</value>
      </symbol>
      <symbol id="sm-d59">
         <name>TMP1</name>
         <value>0x20004fe4</value>
      </symbol>
      <symbol id="sm-d5a">
         <name>TMP2</name>
         <value>0x20004fe8</value>
      </symbol>
      <symbol id="sm-d5b">
         <name>TMP3</name>
         <value>0x20004fec</value>
      </symbol>
      <symbol id="sm-d5c">
         <name>TMP4</name>
         <value>0x20004ff0</value>
      </symbol>
      <symbol id="sm-d5d">
         <name>TMP5</name>
         <value>0x20004ff4</value>
      </symbol>
      <symbol id="sm-d5e">
         <name>TMP6</name>
         <value>0x20004ff8</value>
      </symbol>
      <symbol id="sm-d5f">
         <name>MSBMOD</name>
         <value>0x20004ffc</value>
      </symbol>
      <symbol id="sm-d60">
         <name>ECC_DATA$$Limit</name>
         <value>0x20005000</value>
      </symbol>
      <symbol id="sm-d61">
         <name>__checksum_begin</name>
         <value>0x10004940</value>
      </symbol>
      <symbol id="sm-d62">
         <name>ROM_BASE_ADDR</name>
         <value>0x10004941</value>
      </symbol>
      <symbol id="sm-d63">
         <name>__checksum_end</name>
         <value>0x10019afd</value>
      </symbol>
      <symbol id="sm-d64">
         <name>RAM_BASE_ADDR</name>
         <value>0x200044f8</value>
      </symbol>
      <symbol id="sm-d65">
         <name>__checksum_value</name>
         <value>0x81d7</value>
      </symbol>
      <symbol id="sm-d86">
         <name>LL_Init</name>
         <value>0x17c99</value>
         <object_component_ref idref="oc-4c2"/>
      </symbol>
      <symbol id="sm-d87">
         <name>LL_ProcessEvent</name>
         <value>0x18235</value>
         <object_component_ref idref="oc-9e8"/>
      </symbol>
      <symbol id="sm-d88">
         <name>LL_Reset</name>
         <value>0x184e9</value>
         <object_component_ref idref="oc-7ee"/>
      </symbol>
      <symbol id="sm-d89">
         <name>rfObject</name>
         <value>0x20003ff0</value>
         <object_component_ref idref="oc-b7a"/>
      </symbol>
      <symbol id="sm-da3">
         <name>llGetNextConn</name>
         <value>0x18659</value>
         <object_component_ref idref="oc-a81"/>
      </symbol>
      <symbol id="sm-da4">
         <name>llSetupLenCtrlPkt</name>
         <value>0x18819</value>
         <object_component_ref idref="oc-7fa"/>
      </symbol>
      <symbol id="sm-da5">
         <name>llValidateConnParams</name>
         <value>0x188a1</value>
         <object_component_ref idref="oc-83c"/>
      </symbol>
      <symbol id="sm-dc7">
         <name>advPktSuffix</name>
         <value>0x1dc30</value>
         <object_component_ref idref="oc-99e"/>
      </symbol>
      <symbol id="sm-dc8">
         <name>connEvtCutoff</name>
         <value>0x1dc48</value>
         <object_component_ref idref="oc-9aa"/>
      </symbol>
      <symbol id="sm-dc9">
         <name>cryptoMode</name>
         <value>0x1dc3d</value>
         <object_component_ref idref="oc-9a8"/>
      </symbol>
      <symbol id="sm-dca">
         <name>initPktSuffix</name>
         <value>0x1dc38</value>
         <object_component_ref idref="oc-9a2"/>
      </symbol>
      <symbol id="sm-dcb">
         <name>llConfigTable</name>
         <value>0x1dc4c</value>
         <object_component_ref idref="oc-6f3"/>
      </symbol>
      <symbol id="sm-dcc">
         <name>llUserConfig</name>
         <value>0x200040ec</value>
         <object_component_ref idref="oc-4fe"/>
      </symbol>
      <symbol id="sm-dcd">
         <name>maxPktsPerEvt</name>
         <value>0x1dc40</value>
         <object_component_ref idref="oc-9a6"/>
      </symbol>
      <symbol id="sm-dce">
         <name>rfCfgVal</name>
         <value>0x1dc28</value>
         <object_component_ref idref="oc-99a"/>
      </symbol>
      <symbol id="sm-dcf">
         <name>rfOpLoc</name>
         <value>0x1dc44</value>
         <object_component_ref idref="oc-998"/>
      </symbol>
      <symbol id="sm-dd0">
         <name>rxPktSuffix</name>
         <value>0x1dc2c</value>
         <object_component_ref idref="oc-99c"/>
      </symbol>
      <symbol id="sm-dd1">
         <name>scanPktSuffix</name>
         <value>0x1dc34</value>
         <object_component_ref idref="oc-9a0"/>
      </symbol>
      <symbol id="sm-dd2">
         <name>txPowerTable</name>
         <value>0x1dc1c</value>
         <object_component_ref idref="oc-ab6"/>
      </symbol>
      <symbol id="sm-dd3">
         <name>txPwrTbl</name>
         <value>0x1dc20</value>
         <object_component_ref idref="oc-88e"/>
      </symbol>
      <symbol id="sm-dd4">
         <name>wlSize</name>
         <value>0x1dc3c</value>
         <object_component_ref idref="oc-9a4"/>
      </symbol>
      <symbol id="sm-de3">
         <name>llDataGetConnPtr</name>
         <value>0x18915</value>
         <object_component_ref idref="oc-80c"/>
      </symbol>
      <symbol id="sm-de4">
         <name>sizeInfo</name>
         <value>0x2000410c</value>
         <object_component_ref idref="oc-6f1"/>
      </symbol>
      <symbol id="sm-e1d">
         <name>LL_DoorbellErrorCback</name>
         <value>0x1896d</value>
         <object_component_ref idref="oc-a67"/>
      </symbol>
      <symbol id="sm-e1e">
         <name>LL_LastCmdDoneCback</name>
         <value>0x1897d</value>
         <object_component_ref idref="oc-a61"/>
      </symbol>
      <symbol id="sm-e1f">
         <name>LL_RxEntryDoneCback</name>
         <value>0x18d69</value>
         <object_component_ref idref="oc-a5b"/>
      </symbol>
      <symbol id="sm-e20">
         <name>LL_RxIgnoredCback</name>
         <value>0x18ba9</value>
         <object_component_ref idref="oc-a55"/>
      </symbol>
      <symbol id="sm-e21">
         <name>LL_TxEntryDoneCback</name>
         <value>0x18b89</value>
         <object_component_ref idref="oc-a4f"/>
      </symbol>
      <symbol id="sm-e22">
         <name>rfCallback</name>
         <value>0x18939</value>
         <object_component_ref idref="oc-7f4"/>
      </symbol>
      <symbol id="sm-e23">
         <name>rfPUpCallback</name>
         <value>0x18929</value>
         <object_component_ref idref="oc-b74"/>
      </symbol>
      <symbol id="sm-e88">
         <name>llActiveTask</name>
         <value>0x19449</value>
         <object_component_ref idref="oc-800"/>
      </symbol>
      <symbol id="sm-e89">
         <name>llAllocTask</name>
         <value>0x1936d</value>
         <object_component_ref idref="oc-806"/>
      </symbol>
      <symbol id="sm-e8a">
         <name>llFindNextSecTask</name>
         <value>0x19245</value>
         <object_component_ref idref="oc-a7b"/>
      </symbol>
      <symbol id="sm-e8b">
         <name>llFindStartType</name>
         <value>0x191fd</value>
         <object_component_ref idref="oc-a87"/>
      </symbol>
      <symbol id="sm-e8c">
         <name>llFreeTask</name>
         <value>0x193d1</value>
         <object_component_ref idref="oc-812"/>
      </symbol>
      <symbol id="sm-e8d">
         <name>llGetActiveTasks</name>
         <value>0x19481</value>
         <object_component_ref idref="oc-a8d"/>
      </symbol>
      <symbol id="sm-e8e">
         <name>llGetCurrentTask</name>
         <value>0x19401</value>
         <object_component_ref idref="oc-818"/>
      </symbol>
      <symbol id="sm-e8f">
         <name>llGetNumTasks</name>
         <value>0x194c5</value>
         <object_component_ref idref="oc-81e"/>
      </symbol>
      <symbol id="sm-e90">
         <name>llGetTask</name>
         <value>0x1948d</value>
         <object_component_ref idref="oc-ba7"/>
      </symbol>
      <symbol id="sm-e91">
         <name>llGetTaskState</name>
         <value>0x19415</value>
         <object_component_ref idref="oc-824"/>
      </symbol>
      <symbol id="sm-e92">
         <name>llScheduleTask</name>
         <value>0x194d1</value>
         <object_component_ref idref="oc-836"/>
      </symbol>
      <symbol id="sm-e93">
         <name>llScheduler</name>
         <value>0x18f45</value>
         <object_component_ref idref="oc-830"/>
      </symbol>
      <symbol id="sm-e94">
         <name>llSchedulerInit</name>
         <value>0x18f09</value>
         <object_component_ref idref="oc-a48"/>
      </symbol>
      <symbol id="sm-e95">
         <name>llTaskList</name>
         <value>0x200040b8</value>
         <object_component_ref idref="oc-6f5"/>
      </symbol>
      <symbol id="sm-ea5">
         <name>llTaskError</name>
         <value>0x19575</value>
         <object_component_ref idref="oc-b9a"/>
      </symbol>
      <symbol id="sm-edc">
         <name>HCI_GAPTaskRegister</name>
         <value>0x1963d</value>
         <object_component_ref idref="oc-7dc"/>
      </symbol>
      <symbol id="sm-edd">
         <name>HCI_Init</name>
         <value>0x19579</value>
         <object_component_ref idref="oc-4c8"/>
      </symbol>
      <symbol id="sm-ede">
         <name>HCI_L2CAPTaskRegister</name>
         <value>0x19649</value>
         <object_component_ref idref="oc-7e2"/>
      </symbol>
      <symbol id="sm-edf">
         <name>HCI_ProcessEvent</name>
         <value>0x195ad</value>
         <object_component_ref idref="oc-9ee"/>
      </symbol>
      <symbol id="sm-ee0">
         <name>HCI_SMPTaskRegister</name>
         <value>0x19655</value>
         <object_component_ref idref="oc-7e8"/>
      </symbol>
      <symbol id="sm-ee1">
         <name>hciGapTaskID</name>
         <value>0x200040c6</value>
         <object_component_ref idref="oc-6fc"/>
      </symbol>
      <symbol id="sm-ee2">
         <name>hciL2capTaskID</name>
         <value>0x200040c7</value>
         <object_component_ref idref="oc-6fe"/>
      </symbol>
      <symbol id="sm-ee3">
         <name>hciSmpTaskID</name>
         <value>0x200040c8</value>
         <object_component_ref idref="oc-700"/>
      </symbol>
      <symbol id="sm-ee4">
         <name>hciTaskID</name>
         <value>0x200040c4</value>
         <object_component_ref idref="oc-75f"/>
      </symbol>
      <symbol id="sm-ee5">
         <name>hciTestTaskID</name>
         <value>0x200040c5</value>
         <object_component_ref idref="oc-6fa"/>
      </symbol>
      <symbol id="sm-efd">
         <name>GAP_isPairing</name>
         <value>0x19661</value>
         <object_component_ref idref="oc-b24"/>
      </symbol>
      <symbol id="sm-efe">
         <name>gapProcessDisconnectCompleteEvt</name>
         <value>0x19671</value>
         <object_component_ref idref="oc-872"/>
      </symbol>
      <symbol id="sm-f13">
         <name>L2CAP_SendDataPkt</name>
         <value>0x196ed</value>
         <object_component_ref idref="oc-842"/>
      </symbol>
      <symbol id="sm-f56">
         <name>GGS_AddService</name>
         <value>0x197e9</value>
         <object_component_ref idref="oc-8aa"/>
      </symbol>
      <symbol id="sm-f57">
         <name>GGS_GetParameter</name>
         <value>0x197ad</value>
         <object_component_ref idref="oc-8b0"/>
      </symbol>
      <symbol id="sm-f58">
         <name>GGS_SetParameter</name>
         <value>0x19725</value>
         <object_component_ref idref="oc-8a4"/>
      </symbol>
      <symbol id="sm-f59">
         <name>gapServiceCBs</name>
         <value>0x1dc9c</value>
         <object_component_ref idref="oc-ad0"/>
      </symbol>
      <symbol id="sm-fe3">
         <name>GATTServApp_AddService</name>
         <value>0x19b69</value>
         <object_component_ref idref="oc-8f8"/>
      </symbol>
      <symbol id="sm-fe4">
         <name>GATTServApp_DeregisterService</name>
         <value>0x19b07</value>
         <object_component_ref idref="oc-8fe"/>
      </symbol>
      <symbol id="sm-fe5">
         <name>GATTServApp_GetParameter</name>
         <value>0x19b51</value>
         <object_component_ref idref="oc-90a"/>
      </symbol>
      <symbol id="sm-fe6">
         <name>GATTServApp_Init</name>
         <value>0x19a3d</value>
         <object_component_ref idref="oc-4ce"/>
      </symbol>
      <symbol id="sm-fe7">
         <name>GATTServApp_ProcessEvent</name>
         <value>0x19a99</value>
         <object_component_ref idref="oc-9fa"/>
      </symbol>
      <symbol id="sm-fe8">
         <name>GATTServApp_ReadAttr</name>
         <value>0x19ced</value>
         <object_component_ref idref="oc-85a"/>
      </symbol>
      <symbol id="sm-fe9">
         <name>GATTServApp_RegisterForMsg</name>
         <value>0x19a31</value>
         <object_component_ref idref="oc-b08"/>
      </symbol>
      <symbol id="sm-fea">
         <name>GATTServApp_RegisterService</name>
         <value>0x19ad9</value>
         <object_component_ref idref="oc-8f2"/>
      </symbol>
      <symbol id="sm-feb">
         <name>GATTServApp_SendCCCUpdatedEvent</name>
         <value>0x19fe5</value>
         <object_component_ref idref="oc-910"/>
      </symbol>
      <symbol id="sm-fec">
         <name>GATTServApp_SetParameter</name>
         <value>0x19b2b</value>
         <object_component_ref idref="oc-904"/>
      </symbol>
      <symbol id="sm-fed">
         <name>GATTServApp_UpdateCharCfg</name>
         <value>0x19f5d</value>
         <object_component_ref idref="oc-afa"/>
      </symbol>
      <symbol id="sm-fee">
         <name>GATTServApp_WriteAttr</name>
         <value>0x19ee5</value>
         <object_component_ref idref="oc-866"/>
      </symbol>
      <symbol id="sm-fef">
         <name>gattAttrTbl</name>
         <value>0x200041ac</value>
         <object_component_ref idref="oc-b33"/>
      </symbol>
      <symbol id="sm-ff0">
         <name>gattServApp_ClearPrepareWriteQ</name>
         <value>0x19ca5</value>
         <object_component_ref idref="oc-848"/>
      </symbol>
      <symbol id="sm-ff1">
         <name>gattServApp_EnqueuePrepareWriteReq</name>
         <value>0x19c55</value>
         <object_component_ref idref="oc-84e"/>
      </symbol>
      <symbol id="sm-ff2">
         <name>gattServApp_HandleConnStatusCB</name>
         <value>0x19fb9</value>
         <object_component_ref idref="oc-705"/>
      </symbol>
      <symbol id="sm-ff3">
         <name>gattServApp_ProcessExchangeMTUReq</name>
         <value>0x19b85</value>
         <object_component_ref idref="oc-854"/>
      </symbol>
      <symbol id="sm-ff4">
         <name>gattServApp_ProcessReliableWrites</name>
         <value>0x19bf1</value>
         <object_component_ref idref="oc-860"/>
      </symbol>
      <symbol id="sm-ff5">
         <name>gattServApp_ProcessWriteLong</name>
         <value>0x19bc1</value>
         <object_component_ref idref="oc-86c"/>
      </symbol>
      <symbol id="sm-ff6">
         <name>gattServApp_ResetCharCfg</name>
         <value>0x19f7d</value>
         <object_component_ref idref="oc-9b4"/>
      </symbol>
      <symbol id="sm-ff7">
         <name>gattService</name>
         <value>0x1dcb0</value>
         <object_component_ref idref="oc-be4"/>
      </symbol>
      <symbol id="sm-1006">
         <name>smSavePairInfo</name>
         <value>0x1a021</value>
         <object_component_ref idref="oc-884"/>
      </symbol>
      <symbol id="sm-102d">
         <name>__TI_auto_init</name>
         <value>0x1a225</value>
         <object_component_ref idref="oc-48c"/>
      </symbol>
      <symbol id="sm-1036">
         <name>__aeabi_lmul</name>
         <value>0x1a295</value>
         <object_component_ref idref="oc-9d0"/>
      </symbol>
      <symbol id="sm-1051">
         <name>memcpy</name>
         <value>0x1a2ad</value>
         <object_component_ref idref="oc-47d"/>
      </symbol>
      <symbol id="sm-1052">
         <name>__aeabi_memcpy</name>
         <value>0x1a2ad</value>
         <object_component_ref idref="oc-47d"/>
      </symbol>
      <symbol id="sm-1053">
         <name>__aeabi_memcpy8</name>
         <value>0x1a2ad</value>
         <object_component_ref idref="oc-47d"/>
      </symbol>
      <symbol id="sm-1054">
         <name>__aeabi_memcpy4</name>
         <value>0x1a2ad</value>
         <object_component_ref idref="oc-47d"/>
      </symbol>
      <symbol id="sm-1063">
         <name>__aeabi_memset</name>
         <value>0x1a34b</value>
         <object_component_ref idref="oc-486"/>
      </symbol>
      <symbol id="sm-1064">
         <name>memset</name>
         <value>0x1a351</value>
         <object_component_ref idref="oc-486"/>
      </symbol>
      <symbol id="sm-1065">
         <name>__aeabi_memset8</name>
         <value>0x1a34b</value>
         <object_component_ref idref="oc-486"/>
      </symbol>
      <symbol id="sm-1066">
         <name>__aeabi_memset4</name>
         <value>0x1a34b</value>
         <object_component_ref idref="oc-486"/>
      </symbol>
      <symbol id="sm-1067">
         <name>__aeabi_memclr8</name>
         <value>0x1a349</value>
         <object_component_ref idref="oc-486"/>
      </symbol>
      <symbol id="sm-1068">
         <name>__aeabi_memclr4</name>
         <value>0x1a349</value>
         <object_component_ref idref="oc-486"/>
      </symbol>
      <symbol id="sm-1069">
         <name>__aeabi_memclr</name>
         <value>0x1a349</value>
         <object_component_ref idref="oc-486"/>
      </symbol>
      <symbol id="sm-1085">
         <name>__aeabi_uldivmod</name>
         <value>0x1a3c3</value>
         <object_component_ref idref="oc-9cb"/>
      </symbol>
      <symbol id="sm-1094">
         <name>NOROM_CPUcpsid</name>
         <value>0x1a5b7</value>
         <object_component_ref idref="oc-b68"/>
      </symbol>
      <symbol id="sm-1095">
         <name>__TI_static_base__</name>
         <value>0x17930</value>
      </symbol>
      <symbol id="sm-11f9">
         <name>SHT$$INIT_ARRAY$$Limit</name>
         <value>0x0</value>
      </symbol>
      <symbol id="sm-11fa">
         <name>SHT$$INIT_ARRAY$$Base</name>
         <value>0x0</value>
      </symbol>
   </symbol_table>
   <title>Link successful</title>
</link_info>
