******************************************************************************
                  TI ARM Linker PC v16.9.1                     
******************************************************************************
>> Linked Fri May 12 07:21:35 2017

OUTPUT FILE NAME:   <simple_peripheral_cc2640r2lp_stack.out>
ENTRY POINT SYMBOL: "startup_entry"  address: 00017931


MEMORY CONFIGURATION

         name            origin    length      used     unused   attr    fill
----------------------  --------  ---------  --------  --------  ----  --------
  FLASH                 00000000   0001f000  000076d0  00017930  R  X
  SRAM                  20000000   00004400  00000410  00003ff0  RW X


SEGMENT ALLOCATION MAP

run origin  load origin   length   init length attrs members
----------  ----------- ---------- ----------- ----- -------
00017930    00017930    000066d0   000066d0    r-x
  00017930    00017930    00000368   00000368    r-x EntrySection
  00017c98    00017c98    00005160   00005160    r-x .text
  0001cdf8    0001cdf8    00000e24   00000e24    r-- .const
  0001dc1c    0001dc1c    0000009c   0000009c    r-- .rodata
  0001dcb8    0001dcb8    00000348   00000348    r-- .cinit
0001e000    0001e000    00001000   00001000    r--
  0001e000    0001e000    00001000   00001000    r-- .TI.bound:NV_FLASH
20003ff0    20003ff0    00000410   00000000    rw-
  20003ff0    20003ff0    000000fc   00000000    rw- .bss
  200040ec    200040ec    00000314   00000000    rw- .data


SECTION ALLOCATION MAP

 output                                  attributes/
section   page    origin      length       input sections
--------  ----  ----------  ----------   ----------------
EntrySection 
*          0    00017930    00000368     
                  00017930    000002b8     icall_startup.obj (EntrySection:startup_entry)
                  00017be8    00000008     rtsv7M3_T_le_eabi.lib : autoinit.obj (.tramp.__TI_auto_init.1)
                  00017bf0    00000008     ble_r2.symbols (.tramp.L2CAP_SetUserConfig.1)
                  00017bf8    00000008     <whole-program> (.tramp.halAssertHandlerExt.1)
                  00017c00    00000008     <whole-program> (.tramp.HalFlashRead.1)
                  00017c08    00000008     <whole-program> (.tramp.findOffset$16.1)
                  00017c10    00000008     <whole-program> (.tramp.compactPage$16.1)
                  00017c18    00000008     <whole-program> (.tramp.erasePage$16.1)
                  00017c20    00000008     <whole-program> (.tramp.setActivePage$16.1)
                  00017c28    00000008     <whole-program> (.tramp.osal_mem_alloc.1)
                  00017c30    00000008     <whole-program> (.tramp.osal_memset.1)
                  00017c38    00000008     cc2640_ll_pxxx_sc.a : ll.o (.tramp.LL_Init.1)
                  00017c40    00000008     cc26xx_hci_tl_none.a : hci_tl.o (.tramp.HCI_Init.1)
                  00017c48    00000008     ble_r2.symbols (.tramp.L2CAP_Init.1)
                  00017c50    00000008     ble_r2.symbols (.tramp.GAP_Init.1)
                  00017c58    00000008     ble_r2.symbols (.tramp.SM_Init.1)
                  00017c60    00000008     ble_r2.symbols (.tramp.GATT_Init.1)
                  00017c68    00000008     cc26xx_profiles_pxxx_sc.a : gattservapp.o (.tramp.GATTServApp_Init.1)
                  00017c70    00000008     ble_r2.symbols (.tramp.GAP_RegisterBondMgrCBs.1)
                  00017c78    00000008     <whole-program> (.tramp.gapBondMgrReadBonds$19.1)
                  00017c80    00000008     <whole-program> (.tramp.osal_snv_read.1)
                  00017c88    00000008     <whole-program> (.tramp.osal_set_event.1)
                  00017c90    00000008     <whole-program> (.tramp.osal_start_system.1)

.text      0    00017c98    00005160     
                  00017c98    0000059c     cc2640_ll_pxxx_sc.a : ll.o (.text)
                  00018234    000002b4                         : ll.o (.text)
                  000184e8    00000170                         : ll.o (.text)
                  00018658    000001c0                         : ll_common.o (.text)
                  00018818    00000088                         : ll_common.o (.text)
                  000188a0    00000074                         : ll_common.o (.text)
                  00018914    00000014                         : ll_data.o (.text)
                  00018928    00000010                         : ll_isr.o (.text)
                  00018938    00000034                         : ll_isr.o (.text)
                  0001896c    00000010                         : ll_isr.o (.text)
                  0001897c    0000020c                         : ll_isr.o (.text)
                  00018b88    00000020                         : ll_isr.o (.text)
                  00018ba8    000001c0                         : ll_isr.o (.text)
                  00018d68    000001a0                         : ll_isr.o (.text)
                  00018f08    0000003c                         : ll_scheduler.o (.text)
                  00018f44    000002b8                         : ll_scheduler.o (.text)
                  000191fc    00000048                         : ll_scheduler.o (.text)
                  00019244    00000128                         : ll_scheduler.o (.text)
                  0001936c    00000064                         : ll_scheduler.o (.text)
                  000193d0    00000030                         : ll_scheduler.o (.text)
                  00019400    00000014                         : ll_scheduler.o (.text)
                  00019414    00000034                         : ll_scheduler.o (.text)
                  00019448    00000038                         : ll_scheduler.o (.text)
                  00019480    0000000c                         : ll_scheduler.o (.text)
                  0001948c    00000038                         : ll_scheduler.o (.text)
                  000194c4    0000000c                         : ll_scheduler.o (.text)
                  000194d0    000000a4                         : ll_scheduler.o (.text)
                  00019574    00000002                         : ll_error_end_causes.o (.text)
                  00019576    00000002     sm_ecc.obj (.text:SM_p256KeyCB)
                  00019578    00000034     cc26xx_hci_tl_none.a : hci_tl.o (.text)
                  000195ac    00000090                          : hci_tl.o (.text)
                  0001963c    0000000c                          : hci_tl.o (.text)
                  00019648    0000000c                          : hci_tl.o (.text)
                  00019654    0000000c                          : hci_tl.o (.text)
                  00019660    00000010     cc26xx_gap_pxxx_sc.a : gap_linkmgr.o (.text)
                  00019670    0000007c                          : gap_linkmgr.o (.text)
                  000196ec    00000038     cc26xx_l2cap_pxxx_sc.a : l2cap_util.o (.text)
                  00019724    00000088     cc26xx_profiles_pxxx_sc.a : gapgattserver.o (.text)
                  000197ac    0000003c                               : gapgattserver.o (.text)
                  000197e8    00000020                               : gapgattserver.o (.text)
                  00019808    00000228                               : gapgattserver.o (.text)
                  00019a30    0000000c                               : gattservapp.o (.text)
                  00019a3c    0000005c                               : gattservapp.o (.text)
                  00019a98    00000040                               : gattservapp.o (.text)
                  00019ad8    0000002e                               : gattservapp.o (.text)
                  00019b06    00000024                               : gattservapp.o (.text)
                  00019b2a    00000026                               : gattservapp.o (.text)
                  00019b50    00000018                               : gattservapp.o (.text)
                  00019b68    0000001c                               : gattservapp.o (.text)
                  00019b84    0000003c                               : gattservapp.o (.text)
                  00019bc0    00000030                               : gattservapp.o (.text)
                  00019bf0    00000064                               : gattservapp.o (.text)
                  00019c54    00000050                               : gattservapp.o (.text)
                  00019ca4    00000048                               : gattservapp.o (.text)
                  00019cec    000001f8                               : gattservapp.o (.text)
                  00019ee4    00000078                               : gattservapp.o (.text)
                  00019f5c    0000001e                               : gattservapp.o (.text)
                  00019f7a    00000002     sm_ecc.obj (.text:SM_dhKeyCB)
                  00019f7c    0000003c     cc26xx_profiles_pxxx_sc.a : gattservapp.o (.text)
                  00019fb8    0000002c                               : gattservapp.o (.text)
                  00019fe4    0000003c                               : gattservapp.o (.text)
                  0001a020    00000204     cc26xx_sm_pxxx_sc.a : sm_pairing.o (.text)
                  0001a224    00000070     rtsv7M3_T_le_eabi.lib : autoinit.obj (.text)
                  0001a294    00000018                           : ll_mul_t2.obj (.text)
                  0001a2ac    0000009c                           : memcpy_t2.obj (.text)
                  0001a348    0000007a                           : memset_t2.obj (.text)
                  0001a3c2    000001f4                           : ull_div_t2.obj (.text)
                  0001a5b6    0000000c     driverlib.lib : cpu.obj (.text:NOROM_CPUcpsid)
                  0001a5c2    00000016     rom_init.obj (.text:ROM_Spinlock)
                  0001a5d8    00000002     hal_assert.obj (.text:halAssertHandler)
                  0001a5da    00000002     hal_assert.obj (.text:halAssertSpinlock)
                  0001a5dc    00000020     osal_timers.obj (.text:osalFindTimer)
                  0001a5fc    00000010     osal.obj (.text:osal_rand)
                  0001a60c    00000020     osal.obj (.text:osal_memcmp)
                  0001a62c    00000018     osal.obj (.text:osal_memcpy)
                  0001a644    0000001c     osal.obj (.text:osal_memdup)
                  0001a660    00000048     osal_timers.obj (.text:osalAddTimer)
                  0001a6a8    0000001a     osal.obj (.text:osal_isbufset)
                  0001a6c2    0000002e     osal.obj (.text:osal_build_uint32)
                  0001a6f0    00000018     osal.obj (.text:osal_buffer_uint32)
                  0001a708    00000024     osal_bufmgr.obj (.text:bm_desc_from_payload$11)
                  0001a72c    00000028     osal_bufmgr.obj (.text:osal_bm_adjust_header)
                  0001a754    00000024     osal.obj (.text:osal_msg_allocate)
                  0001a778    0000000c     osal.obj (.text:osal_self)
                  0001a784    00000004     osal.obj (.text:osal_memset)
                  0001a788    0000001c     osal.obj (.text:osal_revmemcpy)
                  0001a7a4    00000020     hal_flash_wrapper.obj (.text:HalFlashGetAddress)
                  0001a7c4    0000002c     gapbondmgr.obj (.text:gapBondMgrFindAddr$19)
                  0001a7f0    00000026     gapbondmgr.obj (.text:gapBondMgrGetStateFlags$19)
                  0001a816    0000001c     gapbondmgr.obj (.text:GAPBondMgr_SupportsEnhancedPriv)
                  0001a832    00000002     rtsv7M3_T_le_eabi.lib : startup.obj (.text)
                  0001a834    000000a4     gapbondmgr.obj (.text:GAPBondMgr_ResolveAddr)
                  0001a8d8    0000001e     gapbondmgr.obj (.text:gapBondMgrInvertCharCfgItem$19)
                  0001a8f6    00000018     gapbondmgr.obj (.text:gapBondMgrFindCharCfgItem$19)
                  0001a90e    00000002     onboard.obj (.text:Onboard_soft_reset)
                  0001a910    00000028     ble_dispatch_lite.obj (.text:buildRevision)
                  0001a938    00000042     gap.obj (.text:GAP_DeviceInit)
                  0001a97a    00000002     --HOLE-- [fill = 0]
                  0001a97c    00000190     gapbondmgr.obj (.text:gapBondMgrAuthenticate$19)
                  0001ab0c    00000048     gapbondmgr.obj (.text:gapBondMgrUpdateLruBondList$19)
                  0001ab54    00000030     gapbondmgr.obj (.text:gapBondMgr_SyncWhiteList$19)
                  0001ab84    00000028     gapbondmgr.obj (.text:gapBondMgrBondTotal$19)
                  0001abac    0000001e     gapbondmgr.obj (.text:gapBondSetupPrivFlag$19)
                  0001abca    00000002     --HOLE-- [fill = 0]
                  0001abcc    000001d0     gapbondmgr.obj (.text:gapBondMgrAddBond$19)
                  0001ad9c    0000001c     gapbondmgr.obj (.text:gapBondFreeAuthEvt$19)
                  0001adb8    00000130     gapbondmgr.obj (.text:gapBondMgrEraseBonding$19)
                  0001aee8    00000016     gapbondmgr.obj (.text:gapBondMgrEraseAllBondings$19)
                  0001aefe    00000002     --HOLE-- [fill = 0]
                  0001af00    00000030     gapbondmgr.obj (.text:GAPBondMgr_PasscodeRsp)
                  0001af30    0000001c     gapbondmgr.obj (.text:GAPBondMgr_Register)
                  0001af4c    00000074     gapbondmgr.obj (.text:gapBondMgrBondReq$19)
                  0001afc0    000000ec     gapbondmgr.obj (.text:GAPBondMgr_LinkEst)
                  0001b0ac    000000f8     gapbondmgr.obj (.text:GAPBondMgr_GetParameter)
                  0001b1a4    00000058     gapbondmgr.obj (.text:gapBondMgrReadBonds$19)
                  0001b1fc    00000264     gapbondmgr.obj (.text:GAPBondMgr_SetParameter)
                  0001b460    00000006     ble_dispatch_lite.obj (.text:icall_liteErrorFunction)
                  0001b466    00000002     --HOLE-- [fill = 0]
                  0001b468    0000001c     osal_snv_wrapper.obj (.text:enableCache$16)
                  0001b484    0000001c     driverlib.lib : flash.obj (.text:NOROM_FlashSectorErase)
                  0001b4a0    0000003c     osal_snv_wrapper.obj (.text:erasePage$16)
                  0001b4dc    0000001c     driverlib.lib : flash.obj (.text:NOROM_FlashProgram)
                  0001b4f8    0000000a     hal_flash_wrapper.obj (.text:HalFlashWrite)
                  0001b502    00000014     osal_snv_wrapper.obj (.text:setActivePage$16)
                  0001b516    00000002     --HOLE-- [fill = 0]
                  0001b518    0000011c     osal_snv_wrapper.obj (.text:compactPage$16)
                  0001b634    00000028     osal_snv_wrapper.obj (.text:osal_snv_compact)
                  0001b65c    00000050     gapbondmgr.obj (.text:GAPBondMgr_LinkTerm)
                  0001b6ac    000001f8     gapbondmgr.obj (.text:GAPBondMgr_ProcessGAPMsg)
                  0001b8a4    00000090     osal_cbtimer.obj (.text:osal_CbTimerProcessEvent)
                  0001b934    00000038     osal_snv_wrapper.obj (.text:disableCache$16)
                  0001b96c    00000088     osal_snv_wrapper.obj (.text:writeWord$16)
                  0001b9f4    00000010     osal_snv_wrapper.obj (.text:setXferPage$16)
                  0001ba04    000000f8     osal_snv_wrapper.obj (.text:osal_snv_write)
                  0001bafc    0000009e     gapbondmgr.obj (.text:gapBondMgrUpdateCharCfg$19)
                  0001bb9a    00000050     gapbondmgr.obj (.text:GAPBondMgr_UpdateCharCfg)
                  0001bbea    00000002     --HOLE-- [fill = 0]
                  0001bbec    00000150     gapbondmgr.obj (.text:GAPBondMgr_ProcessEvent)
                  0001bd3c    00000074     ble_dispatch_lite.obj (.text:ble_dispatch_liteProcess)
                  0001bdb0    00000030     hal_flash_wrapper.obj (.text:HalFlashRead)
                  0001bde0    00000058     osal_snv_wrapper.obj (.text:findItem$16)
                  0001be38    0000001e     osal_snv_wrapper.obj (.text:osal_snv_read)
                  0001be56    00000002     --HOLE-- [fill = 0]
                  0001be58    00000078     gapbondmgr.obj (.text:GAPBondMgr_syncResolvingList)
                  0001bed0    00000014     gapbondmgr.obj (.text:gapBondMgr_gapIdle$19)
                  0001bee4    00000094     osal.obj (.text:osal_msg_receive)
                  0001bf78    00000024     osal.obj (.text:osal_proxy2alien$10)
                  0001bf9c    000000c0     osal.obj (.text:osal_set_event)
                  0001c05c    000000ec     osal_timers.obj (.text:osalTimerUpdate)
                  0001c148    00000090     osal_timers.obj (.text:osal_timer_refTimeUpdate)
                  0001c1d8    00000044     osal_timers.obj (.text:osal_start_timerEx)
                  0001c21c    00000038     osal_timers.obj (.text:osal_start_reload_timer)
                  0001c254    00000034     osal.obj (.text:osal_clear_event)
                  0001c288    0000009c     osal_cbtimer.obj (.text:cbTimerSetup$12)
                  0001c324    0000000c     osal_cbtimer.obj (.text:osal_CbTimerStart)
                  0001c330    00000034     osal_timers.obj (.text:osal_stop_timerEx)
                  0001c364    00000058     osal_cbtimer.obj (.text:osal_CbTimerStop)
                  0001c3bc    0000002c     osal_timers.obj (.text:osal_get_timeoutEx)
                  0001c3e8    00000068     osal_cbtimer.obj (.text:osal_CbTimerUpdate)
                  0001c450    0000001c     hal_assert.obj (.text:halAssertHandlerExt)
                  0001c46c    00000034     osal.obj (.text:osal_msec_timer_cback$10)
                  0001c4a0    00000010     osal_memory_icall.obj (.text:osal_mem_alloc)
                  0001c4b0    00000038     osal_bufmgr.obj (.text:osal_bm_alloc)
                  0001c4e8    0000002c     ble_dispatch_lite.obj (.text:bleDispatch_BMAlloc)
                  0001c514    0000004c     osal_bufmgr.obj (.text:osal_bm_free)
                  0001c560    00000018     ble_dispatch_lite.obj (.text:bleDispatch_BMFree)
                  0001c578    00000038     osal.obj (.text:osal_alien2proxy)
                  0001c5b0    00000024     osal.obj (.text:osal_service_entry)
                  0001c5d4    00000010     osal_memory_icall.obj (.text:osal_mem_free)
                  0001c5e4    00000020     osal.obj (.text:osal_msg_deallocate)
                  0001c604    000000a4     osal.obj (.text:osal_msg_enqueue_push$10)
                  0001c6a8    0000006c     osal.obj (.text:osal_msg_send)
                  0001c714    00000018     ble_dispatch_lite.obj (.text:icall_liteMsgParser)
                  0001c72c    0000002c     osal_snv_wrapper.obj (.text:findOffset$16)
                  0001c758    00000028     osal_timers.obj (.text:osal_next_timeout)
                  0001c780    000001c0     osal.obj (.text:osal_start_system)
                  0001c940    00000014     osal.obj (.text:osal_strlen)
                  0001c954    0000004c     rtsv7M3_T_le_eabi.lib : cpy_tbl.obj (.text)
                  0001c9a0    0000000c                           : copy_zero_init.obj (.text:decompress:ZI)
                  0001c9ac    0000000e                           : copy_decompress_none.obj (.text:decompress:none)
                  0001c9ba    00000068                           : copy_decompress_lzss.obj (.text:decompress:lzss)
                  0001ca22    00000002     --HOLE-- [fill = 0]
                  0001ca24    00000050     npi.obj (.text:NPI_WriteTransport)
                  0001ca74    00000020     gattservapp_util.obj (.text:gattServApp_FindCharCfgItem$20)
                  0001ca94    00000010     gattservapp_util.obj (.text:GATTServApp_ReadCharCfg)
                  0001caa4    00000034     gattservapp_util.obj (.text:GATTServApp_InitCharCfg)
                  0001cad8    00000008     ble_r2.symbols (.tramp.LL_ENC_GenerateTrueRandNum.1)
                  0001cae0    00000008     ble_r2.symbols (.tramp.LL_PRIV_GenerateRSA.1)
                  0001cae8    00000008     ble_r2.symbols (.tramp.LL_ENC_Init.1)
                  0001caf0    00000008     ble_r2.symbols (.tramp.LL_EnhancedConnectionCompleteCback.1)
                  0001caf8    00000008     ble_r2.symbols (.tramp.LL_PRIV_IsZeroIRK.1)
                  0001cb00    00000008     ble_r2.symbols (.tramp.LL_PRIV_IsRPA.1)
                  0001cb08    00000008     ble_r2.symbols (.tramp.LL_PRIV_IsResolvable.1)
                  0001cb10    00000008     ble_r2.symbols (.tramp.LL_PRIV_FindPeerInRL.1)
                  0001cb18    00000008     ble_r2.symbols (.tramp.LL_PRIV_IsIDA.1)
                  0001cb20    00000008     ble_r2.symbols (.tramp.LL_PRIV_GenerateRPA.1)
                  0001cb28    00000008     ble_r2.symbols (.tramp.HCI_HardwareErrorEvent.1)
                  0001cb30    00000008     ble_r2.symbols (.tramp.llRfSetup.1)
                  0001cb38    00000008     ble_r2.symbols (.tramp.llRfInit.1)
                  0001cb40    00000008     ble_r2.symbols (.tramp.WL_Init.1)
                  0001cb48    00000008     ble_r2.symbols (.tramp.LL_ClearWhiteList.1)
                  0001cb50    00000008     ble_r2.symbols (.tramp.llConnCleanup.1)
                  0001cb58    00000008     ble_r2.symbols (.tramp.llReleaseAllConnId.1)
                  0001cb60    00000008     ble_r2.symbols (.tramp.llInitFeatureSet.1)
                  0001cb68    00000008     ble_r2.symbols (.tramp.LL_PRIV_Init.1)
                  0001cb70    00000008     ble_r2.symbols (.tramp.llGetCurrentTime.1)
                  0001cb78    00000008     ble_r2.symbols (.tramp.llRealignConn.1)
                  0001cb80    00000008     ble_r2.symbols (.tramp.llHardwareError.1)
                  0001cb88    00000008     ble_r2.symbols (.tramp.llSortActiveConns.1)
                  0001cb90    00000008     ble_r2.symbols (.tramp.llGetMinCI.1)
                  0001cb98    00000008     ble_r2.symbols (.tramp.llTimeCompare.1)
                  0001cba0    00000008     ble_r2.symbols (.tramp.LL_TX_bm_alloc.1)
                  0001cba8    00000008     ble_r2.symbols (.tramp.LL_ENC_Encrypt.1)
                  0001cbb0    00000008     ble_r2.symbols (.tramp.llAddTxDataEntry.1)
                  0001cbb8    00000008     ble_r2.symbols (.tramp.llVerifyConnParamReqParams.1)
                  0001cbc0    00000008     ble_r2.symbols (.tramp.llResetRadio.1)
                  0001cbc8    00000008     ble_r2.symbols (.tramp.llProcessTxData.1)
                  0001cbd0    00000008     ble_r2.symbols (.tramp.WL_FindEntry.1)
                  0001cbd8    00000008     ble_r2.symbols (.tramp.LL_PRIV_UpdateExtWLEntry.1)
                  0001cbe0    00000008     ble_r2.symbols (.tramp.llHaltRadio.1)
                  0001cbe8    00000008     ble_r2.symbols (.tramp.RFHAL_GetNextDataEntry.1)
                  0001cbf0    00000008     ble_r2.symbols (.tramp.LL_ENC_Decrypt.1)
                  0001cbf8    00000008     ble_r2.symbols (.tramp.LL_PRIV_UpdateRL.1)
                  0001cc00    00000008     ble_r2.symbols (.tramp.LL_RxDataCompleteCback.1)
                  0001cc08    00000008     ble_r2.symbols (.tramp.llCombinePDU.1)
                  0001cc10    00000008     ble_r2.symbols (.tramp.llProcessSlaveControlPacket.1)
                  0001cc18    00000008     ble_r2.symbols (.tramp.RFHAL_NextDataEntryDone.1)
                  0001cc20    00000008     ble_r2.symbols (.tramp.llCreateRxBuffer.1)
                  0001cc28    00000008     ble_r2.symbols (.tramp.llProcessPostRfOps.1)
                  0001cc30    00000008     ble_r2.symbols (.tramp.llTimeDelta.1)
                  0001cc38    00000008     ble_r2.symbols (.tramp.hciInitEventMasks.1)
                  0001cc40    00000008     ble_r2.symbols (.tramp.linkDB_Find.1)
                  0001cc48    00000008     ble_r2.symbols (.tramp.linkDB_Role.1)
                  0001cc50    00000008     ble_r2.symbols (.tramp.linkDB_Remove.1)
                  0001cc58    00000008     ble_r2.symbols (.tramp.disconnectNext.1)
                  0001cc60    00000008     ble_r2.symbols (.tramp.sendTerminateEvent.1)
                  0001cc68    00000008     ble_r2.symbols (.tramp.gapFreeAuthLink.1)
                  0001cc70    00000008     ble_r2.symbols (.tramp.gattServApp_SetNumPrepareWrites.1)
                  0001cc78    00000008     ble_r2.symbols (.tramp.GATT_RegisterForReq.1)
                  0001cc80    00000008     ble_r2.symbols (.tramp.linkDB_Register.1)
                  0001cc88    00000008     ble_r2.symbols (.tramp.gattServApp_ProcessMsg.1)
                  0001cc90    00000008     ble_r2.symbols (.tramp.GATT_bm_free.1)
                  0001cc98    00000008     ble_r2.symbols (.tramp.GATT_RegisterService.1)
                  0001cca0    00000008     ble_r2.symbols (.tramp.gattServApp_RegisterServiceCBs.1)
                  0001cca8    00000008     ble_r2.symbols (.tramp.gattServApp_DeregisterServiceCBs.1)
                  0001ccb0    00000008     ble_r2.symbols (.tramp.GATT_DeregisterService.1)
                  0001ccb8    00000008     ble_r2.symbols (.tramp.gattServApp_PrepareWriteQInUse.1)
                  0001ccc0    00000008     ble_r2.symbols (.tramp.L2CAP_GetMTU.1)
                  0001ccc8    00000008     ble_r2.symbols (.tramp.ATT_ExchangeMTURsp.1)
                  0001ccd0    00000008     ble_r2.symbols (.tramp.GATT_UpdateMTU.1)
                  0001ccd8    00000008     ble_r2.symbols (.tramp.gattServApp_FindPrepareWriteQ.1)
                  0001cce0    00000008     ble_r2.symbols (.tramp.gattServApp_FindAuthorizeAttrCB.1)
                  0001cce8    00000008     ble_r2.symbols (.tramp.GATT_FindHandle.1)
                  0001ccf0    00000008     ble_r2.symbols (.tramp.GATT_FindNextAttr.1)
                  0001ccf8    00000008     ble_r2.symbols (.tramp.ATT_CompareUUID.1)
                  0001cd00    00000008     ble_r2.symbols (.tramp.gattServApp_FindReadAttrCB.1)
                  0001cd08    00000008     ble_r2.symbols (.tramp.gattServApp_FindWriteAttrCB.1)
                  0001cd10    00000008     ble_r2.symbols (.tramp.GATT_FindHandleUUID.1)
                  0001cd18    00000008     ble_r2.symbols (.tramp.linkDB_State.1)
                  0001cd20    00000008     ble_r2.symbols (.tramp.smDetermineIOCaps.1)
                  0001cd28    00000008     ble_r2.symbols (.tramp.LL_PseudoRand.1)
                  0001cd30    00000008     ble_r2.symbols (.tramp.GAP_ParamsInit.1)
                  0001cd38    00000008     ble_r2.symbols (.tramp.GAP_SecParamsInit.1)
                  0001cd40    00000008     ble_r2.symbols (.tramp.GAP_PrivacyInit.1)
                  0001cd48    00000008     ble_r2.symbols (.tramp.GAP_PeriDevMgrInit.1)
                  0001cd50    00000008     ble_r2.symbols (.tramp.GAP_PeriConnRegister.1)
                  0001cd58    00000008     ble_r2.symbols (.tramp.SM_ResponderInit.1)
                  0001cd60    00000008     ble_r2.symbols (.tramp.GAP_Authenticate.1)
                  0001cd68    00000008     ble_r2.symbols (.tramp.HCI_LE_ClearWhiteListCmd.1)
                  0001cd70    00000008     ble_r2.symbols (.tramp.HCI_LE_AddWhiteListCmd.1)
                  0001cd78    00000008     ble_r2.symbols (.tramp.HCI_LE_RemoveDeviceFromResolvingListCmd.1)
                  0001cd80    00000008     ble_r2.symbols (.tramp.HCI_LE_AddDeviceToResolvingListCmd.1)
                  0001cd88    00000008     ble_r2.symbols (.tramp.GAP_PasscodeUpdate.1)
                  0001cd90    00000008     ble_r2.symbols (.tramp.GAP_TerminateAuth.1)
                  0001cd98    00000008     ble_r2.symbols (.tramp.GAP_SetParamValue.1)
                  0001cda0    00000008     ble_r2.symbols (.tramp.GAP_Bond.1)
                  0001cda8    00000008     ble_r2.symbols (.tramp.GAP_Signable.1)
                  0001cdb0    00000008     ble_r2.symbols (.tramp.GAP_SendSlaveSecurityRequest.1)
                  0001cdb8    00000008     ble_r2.symbols (.tramp.GAP_GetParamValue.1)
                  0001cdc0    00000008     ble_r2.symbols (.tramp.SM_SetECCRegenerationCount.1)
                  0001cdc8    00000008     ble_r2.symbols (.tramp.linkDB_SecurityModeSCOnly.1)
                  0001cdd0    00000008     ble_r2.symbols (.tramp.GAP_NumActiveConnections.1)
                  0001cdd8    00000008     ble_r2.symbols (.tramp.HCI_LE_ClearResolvingListCmd.1)
                  0001cde0    00000008     ble_r2.symbols (.tramp.GAP_GetIRK.1)
                  0001cde8    00000008     ble_r2.symbols (.tramp.L2CAP_bm_alloc.1)
                  0001cdf0    00000008     ble_r2.symbols (.tramp.GATT_bm_alloc.1)

.const     0    0001cdf8    00000e24     
                  0001cdf8    000003c0     ble_dispatch_JT.obj (.const:bleAPItable)
                  0001d1b8    00000028     osal_icall_ble.obj (.const:tasksArr)
                  0001d1e0    00000a10     rom_init.obj (.const:ROM_Flash_JT)
                  0001dbf0    0000002c     gatt_uuid.obj (.const:$O3$$)

.constdata 
*          0    0001dc1c    00000000     UNINITIALIZED

.rodata    0    0001dc1c    0000009c     
                  0001dc1c    00000004     cc2640_ll_pxxx_sc.a : ll_config.o (.rodata)
                  0001dc20    00000008                         : ll_config.o (.rodata)
                  0001dc28    00000004                         : ll_config.o (.rodata)
                  0001dc2c    00000004                         : ll_config.o (.rodata)
                  0001dc30    00000004                         : ll_config.o (.rodata)
                  0001dc34    00000004                         : ll_config.o (.rodata)
                  0001dc38    00000004                         : ll_config.o (.rodata)
                  0001dc3c    00000001                         : ll_config.o (.rodata)
                  0001dc3d    00000001                         : ll_config.o (.rodata)
                  0001dc3e    00000002     --HOLE-- [fill = 0]
                  0001dc40    00000004                         : ll_config.o (.rodata)
                  0001dc44    00000004                         : ll_config.o (.rodata)
                  0001dc48    00000004                         : ll_config.o (.rodata)
                  0001dc4c    00000038                         : ll_config.o (.rodata)
                  0001dc84    00000018     cc26xx_hci_tl_none.a : hci_tl.o (.rodata)
                  0001dc9c    0000000c     cc26xx_profiles_pxxx_sc.a : gapgattserver.o (.rodata)
                  0001dca8    00000008                               : gapgattserver.o (.rodata)
                  0001dcb0    00000008                               : gattservapp.o (.rodata)

.cinit     0    0001dcb8    00000348     
                  0001dcb8    0000000c     (__TI_handler_table)
                  0001dcc4    00000010     (__TI_cinit_table)
                  0001dcd4    00000004     --HOLE-- [fill = 0]
                  0001dcd8    0000031c     (.cinit..data.load) [load image]
                  0001dff4    00000004     --HOLE-- [fill = 0]
                  0001dff8    00000008     (.cinit..bss.load) [load image, compression = zero_init]

.pinit     0    0001e000    00000000     UNINITIALIZED

.init_array 
*          0    0001e000    00000000     UNINITIALIZED

.emb_text 
*          0    0001e000    00000000     UNINITIALIZED

.TI.bound:NV_FLASH 
*          0    0001e000    00001000     
                  0001e000    00001000     osal_snv_wrapper.obj (.TI.bound:NV_FLASH)

.bss       0    20003ff0    000000fc     UNINITIALIZED
                  20003ff0    000000c8     cc2640_ll_pxxx_sc.a : ll.o (.bss)
                  200040b8    0000000c                         : ll_scheduler.o (.bss)
                  200040c4    00000001     cc26xx_hci_tl_none.a : hci_tl.o (.bss)
                  200040c5    00000001                          : hci_tl.o (.bss)
                  200040c6    00000001                          : hci_tl.o (.bss)
                  200040c7    00000001                          : hci_tl.o (.bss)
                  200040c8    00000001                          : hci_tl.o (.bss)
                  200040c9    00000001     (.common:icall_liteTaskId)
                  200040ca    00000002     --HOLE--
                  200040cc    00000004     cc26xx_profiles_pxxx_sc.a : gapgattserver.o (.bss)
                  200040d0    0000000c     osal_timers.obj (.bss:$O9$$)
                  200040dc    0000000c     icall_startup.obj (.bss:$O11$$)
                  200040e8    00000004     (.common:tasksEvents)

.data      0    200040ec    00000314     UNINITIALIZED
                  200040ec    00000020     cc2640_ll_pxxx_sc.a : ll_config.o (.data)
                  2000410c    00000008                         : ll_data.o (.data)
                  20004114    00000001     cc26xx_profiles_pxxx_sc.a : gapgattserver.o (.data)
                  20004115    00000001                               : gapgattserver.o (.data)
                  20004116    00000001                               : gapgattserver.o (.data)
                  20004117    00000001     npi.obj (.data)
                  20004118    00000024     cc26xx_profiles_pxxx_sc.a : gapgattserver.o (.data)
                  2000413c    00000070                               : gapgattserver.o (.data)
                  200041ac    00000010                               : gattservapp.o (.data)
                  200041bc    00000004     icall_lite_translation.obj (.data)
                  200041c0    00000004     ble_user_config.obj (.data)
                  200041c4    00000004     osal_bufmgr.obj (.data)
                  200041c8    00000008     hal_assert.obj (.data:$O1$$)
                  200041d0    0000002c     osal.obj (.data:$O4$$)
                  200041fc    0000007c     osal_cbtimer.obj (.data:$O5$$)
                  20004278    00000008     osal_clock.obj (.data:$O6$$)
                  20004280    00000004     osal_pwrmgr.obj (.data:$O7$$)
                  20004284    00000004     osal_snv_wrapper.obj (.data:$O8$$)
                  20004288    00000178     gapbondmgr.obj (.data:$O10$$)

MODULE SUMMARY

       Module                       code    ro data   rw data
       ------                       ----    -------   -------
    .\HAL\Common\
       hal_assert.obj               32      0         8      
    +--+----------------------------+-------+---------+---------+
       Total:                       32      0         8      
                                                             
    .\HAL\Target\CC2650\Drivers\
       hal_flash_wrapper.obj        90      0         0      
    +--+----------------------------+-------+---------+---------+
       Total:                       90      0         0      
                                                             
    .\Host\
       gatt_uuid.obj                0       44        0      
    +--+----------------------------+-------+---------+---------+
       Total:                       0       44        0      
                                                             
    .\ICallBLE\
       ble_dispatch_JT.obj          0       960       0      
       ble_dispatch_lite.obj        254     0         0      
       icall_lite_translation.obj   0       0         4      
    +--+----------------------------+-------+---------+---------+
       Total:                       254     960       4      
                                                             
    .\NPI\
       npi.obj                      80      0         1      
    +--+----------------------------+-------+---------+---------+
       Total:                       80      0         1      
                                                             
    .\OSAL\
       osal_snv_wrapper.obj         1050    4096      4      
       osal.obj                     1620    0         44     
       osal_timers.obj              744     0         12     
       osal_cbtimer.obj             504     0         124    
       osal_bufmgr.obj              208     0         4      
       osal_memory_icall.obj        32      0         0      
       osal_clock.obj               0       0         8      
       osal_pwrmgr.obj              0       0         4      
    +--+----------------------------+-------+---------+---------+
       Total:                       4158    4096      200    
                                                             
    .\PROFILES\
       gapbondmgr.obj               4410    0         376    
       gattservapp_util.obj         100     0         0      
       gap.obj                      66      0         0      
       sm_ecc.obj                   4       0         0      
    +--+----------------------------+-------+---------+---------+
       Total:                       4580    0         376    
                                                             
    .\ROM\
       rom_init.obj                 22      2576      0      
    +--+----------------------------+-------+---------+---------+
       Total:                       22      2576      0      
                                                             
    .\Startup\
       icall_startup.obj            696     0         12     
       osal_icall_ble.obj           0       40        0      
       ble_user_config.obj          0       0         4      
    +--+----------------------------+-------+---------+---------+
       Total:                       696     40        16     
                                                             
    .\TOOLS\
       onboard.obj                  2       0         0      
    +--+----------------------------+-------+---------+---------+
       Total:                       2       0         0      
                                                             
    C:\Users\gstew\AppData\Local\Temp\
       074882                       96      0         5      
    +--+----------------------------+-------+---------+---------+
       Total:                       96      0         5      
                                                             
    C:\Users\gstew\ti_ws\workspace_v7_b - Copy\simple_peripheral_cc2640r2lp_stack\FlashROM\
       ble_r2.symbols               848     0         0      
    +--+----------------------------+-------+---------+---------+
       Total:                       848     0         0      
                                                             
    C:/ti/r2/simplelink_cc2640r2_sdk_1_30_00_25/source/ti/devices/cc26x0r2/driverlib/bin/ccs/driverlib.lib
       flash.obj                    56      0         0      
       cpu.obj                      12      0         0      
    +--+----------------------------+-------+---------+---------+
       Total:                       68      0         0      
                                                             
    C:\ti\ccsv7\tools\compiler\ti-cgt-arm_16.9.1.LTS\lib\rtsv7M3_T_le_eabi.lib
       ull_div_t2.obj               500     0         0      
       memcpy_t2.obj                156     0         0      
       memset_t2.obj                122     0         0      
       autoinit.obj                 120     0         0      
       copy_decompress_lzss.obj     104     0         0      
       cpy_tbl.obj                  76      0         0      
       ll_mul_t2.obj                24      0         0      
       copy_decompress_none.obj     14      0         0      
       copy_zero_init.obj           12      0         0      
       startup.obj                  2       0         0      
    +--+----------------------------+-------+---------+---------+
       Total:                       1130    0         0      
                                                             
    C:\ti\r2\simplelink_cc2640r2_sdk_1_30_00_25\source\ti\blestack\blelib\ctrl\cc2640_ll_pxxx_sc.a
       ll.o                         2504    0         200    
       ll_scheduler.o               1644    0         12     
       ll_isr.o                     1504    0         0      
       ll_common.o                  700     0         0      
       ll_config.o                  0       102       32     
       ll_data.o                    20      0         8      
       ll_error_end_causes.o        2       0         0      
    +--+----------------------------+-------+---------+---------+
       Total:                       6374    102       252    
                                                             
    C:\ti\r2\simplelink_cc2640r2_sdk_1_30_00_25\source\ti\blestack\blelib\hci_tl\cc26xx_hci_tl_none.a
       hci_tl.o                     240     24        5      
    +--+----------------------------+-------+---------+---------+
       Total:                       240     24        5      
                                                             
    C:\ti\r2\simplelink_cc2640r2_sdk_1_30_00_25\source\ti\blestack\blelib\host\cc26xx_gap_pxxx_sc.a
       gap_linkmgr.o                140     0         0      
    +--+----------------------------+-------+---------+---------+
       Total:                       140     0         0      
                                                             
    C:\ti\r2\simplelink_cc2640r2_sdk_1_30_00_25\source\ti\blestack\blelib\host\cc26xx_l2cap_pxxx_sc.a
       l2cap_util.o                 56      0         0      
    +--+----------------------------+-------+---------+---------+
       Total:                       56      0         0      
                                                             
    C:\ti\r2\simplelink_cc2640r2_sdk_1_30_00_25\source\ti\blestack\blelib\host\cc26xx_profiles_pxxx_sc.a
       gattservapp.o                1526    8         16     
       gapgattserver.o              780     20        155    
    +--+----------------------------+-------+---------+---------+
       Total:                       2306    28        171    
                                                             
    C:\ti\r2\simplelink_cc2640r2_sdk_1_30_00_25\source\ti\blestack\blelib\host\cc26xx_sm_pxxx_sc.a
       sm_pairing.o                 516     0         0      
    +--+----------------------------+-------+---------+---------+
       Total:                       516     0         0      
                                                             
       Linker Generated:            0       832       0      
    +--+----------------------------+-------+---------+---------+
       Grand Total:                 21688   8702      1038   


LINKER GENERATED COPY TABLES

__TI_cinit_table @ 0001dcc4 records: 2, size/record: 8, table size: 16
	.data: load addr=0001dcd8, load size=0000031c bytes, run addr=200040ec, run size=00000314 bytes, compression=copy
	.bss: load addr=0001dff8, load size=00000008 bytes, run addr=20003ff0, run size=000000fc bytes, compression=zero_init


LINKER GENERATED HANDLER TABLE

__TI_handler_table @ 0001dcb8 records: 3, size/record: 4, table size: 12
	index: 0, handler: __TI_decompress_lzss
	index: 1, handler: __TI_decompress_none
	index: 2, handler: __TI_zero_init


FAR CALL TRAMPOLINES

callee name               trampoline name
   callee addr  tramp addr   call addr  call info
--------------  -----------  ---------  ----------------
__TI_auto_init            $Tramp$TT$S$$__TI_auto_init
   0001a225     00017be8     00017938   icall_startup.obj (EntrySection:startup_entry)
L2CAP_SetUserConfig       $Tramp$TT$L$PI$$L2CAP_SetUserConfig
   100192b9     00017bf0     0001797e   icall_startup.obj (EntrySection:startup_entry)
halAssertHandlerExt       $Tramp$TT$S$$halAssertHandlerExt
   0001c451     00017bf8     000179bc   icall_startup.obj (EntrySection:startup_entry)
                             000179cc   icall_startup.obj (EntrySection:startup_entry)
                             000179dc   icall_startup.obj (EntrySection:startup_entry)
                             00017a04   icall_startup.obj (EntrySection:startup_entry)
                             00017a22   icall_startup.obj (EntrySection:startup_entry)
HalFlashRead              $Tramp$TT$S$$HalFlashRead
   0001bdb1     00017c00     00017a66   icall_startup.obj (EntrySection:startup_entry)
findOffset$16             $Tramp$TT$S$$findOffset$16
   0001c72d     00017c08     00017a74   icall_startup.obj (EntrySection:startup_entry)
                             00017a8c   icall_startup.obj (EntrySection:startup_entry)
compactPage$16            $Tramp$TT$S$$compactPage$16
   0001b519     00017c10     00017a78   icall_startup.obj (EntrySection:startup_entry)
erasePage$16              $Tramp$TT$S$$erasePage$16
   0001b4a1     00017c18     00017a7e   icall_startup.obj (EntrySection:startup_entry)
setActivePage$16          $Tramp$TT$S$$setActivePage$16
   0001b503     00017c20     00017a82   icall_startup.obj (EntrySection:startup_entry)
osal_mem_alloc            $Tramp$TT$S$$osal_mem_alloc
   0001c4a1     00017c28     00017aac   icall_startup.obj (EntrySection:startup_entry)
                             00017ac6   icall_startup.obj (EntrySection:startup_entry)
osal_memset               $Tramp$TT$S$$osal_memset
   0001a785     00017c30     00017ab6   icall_startup.obj (EntrySection:startup_entry)
                             00017ac0   icall_startup.obj (EntrySection:startup_entry)
                             00017ad4   icall_startup.obj (EntrySection:startup_entry)
                             00017af6   icall_startup.obj (EntrySection:startup_entry)
LL_Init                   $Tramp$TT$S$$LL_Init
   00017c99     00017c38     00017ada   icall_startup.obj (EntrySection:startup_entry)
HCI_Init                  $Tramp$TT$S$$HCI_Init
   00019579     00017c40     00017ae0   icall_startup.obj (EntrySection:startup_entry)
L2CAP_Init                $Tramp$TT$L$PI$$L2CAP_Init
   100179c9     00017c48     00017afc   icall_startup.obj (EntrySection:startup_entry)
GAP_Init                  $Tramp$TT$L$PI$$GAP_Init
   10018859     00017c50     00017b02   icall_startup.obj (EntrySection:startup_entry)
SM_Init                   $Tramp$TT$L$PI$$SM_Init
   100175d9     00017c58     00017b08   icall_startup.obj (EntrySection:startup_entry)
GATT_Init                 $Tramp$TT$L$PI$$GATT_Init
   1001817d     00017c60     00017b0e   icall_startup.obj (EntrySection:startup_entry)
GATTServApp_Init          $Tramp$TT$S$$GATTServApp_Init
   00019a3d     00017c68     00017b14   icall_startup.obj (EntrySection:startup_entry)
GAP_RegisterBondMgrCBs    $Tramp$TT$L$PI$$GAP_RegisterBondMgrCBs
   10018b51     00017c70     00017b22   icall_startup.obj (EntrySection:startup_entry)
gapBondMgrReadBonds$19    $Tramp$TT$S$$gapBondMgrReadBonds$19
   0001b1a5     00017c78     00017b26   icall_startup.obj (EntrySection:startup_entry)
osal_snv_read             $Tramp$TT$S$$osal_snv_read
   0001be39     00017c80     00017b34   icall_startup.obj (EntrySection:startup_entry)
osal_set_event            $Tramp$TT$S$$osal_set_event
   0001bf9d     00017c88     00017b4e   icall_startup.obj (EntrySection:startup_entry)
osal_start_system         $Tramp$TT$S$$osal_start_system
   0001c781     00017c90     00017b88   icall_startup.obj (EntrySection:startup_entry)
LL_ENC_GenerateTrueRandNum  $Tramp$TT$L$PI$$LL_ENC_GenerateTrueRandNum
   100171e5     0001cad8     00018174   cc2640_ll_pxxx_sc.a : ll.o (.text)
LL_PRIV_GenerateRSA       $Tramp$TT$L$PI$$LL_PRIV_GenerateRSA
   10016e1d     0001cae0     0001817a   cc2640_ll_pxxx_sc.a : ll.o (.text)
LL_ENC_Init               $Tramp$TT$L$PI$$LL_ENC_Init
   1001714d     0001cae8     0001817e   cc2640_ll_pxxx_sc.a : ll.o (.text)
LL_EnhancedConnectionCompleteCback  $Tramp$TT$L$PI$$LL_EnhancedConnectionCompleteCback
   1000c1c9     0001caf0     00018276   cc2640_ll_pxxx_sc.a : ll.o (.text)
                             0001838c                       : ll.o (.text)
                             000183b2                       : ll.o (.text)
LL_PRIV_IsZeroIRK         $Tramp$TT$L$PI$$LL_PRIV_IsZeroIRK
   10016f01     0001caf8     000182ba   cc2640_ll_pxxx_sc.a : ll.o (.text)
                             00018352                       : ll.o (.text)
                             000183fe                       : ll.o (.text)
LL_PRIV_IsRPA             $Tramp$TT$L$PI$$LL_PRIV_IsRPA
   10016e89     0001cb00     000182c8   cc2640_ll_pxxx_sc.a : ll.o (.text)
                             00018c1e                       : ll_isr.o (.text)
                             00018c96                       : ll_isr.o (.text)
LL_PRIV_IsResolvable      $Tramp$TT$L$PI$$LL_PRIV_IsResolvable
   10016ecd     0001cb08     000182de   cc2640_ll_pxxx_sc.a : ll.o (.text)
                             00018c2a                       : ll_isr.o (.text)
                             00018ca2                       : ll_isr.o (.text)
LL_PRIV_FindPeerInRL      $Tramp$TT$L$PI$$LL_PRIV_FindPeerInRL
   10016f19     0001cb10     000182ea   cc2640_ll_pxxx_sc.a : ll.o (.text)
                             00018344                       : ll.o (.text)
                             000183ee                       : ll.o (.text)
LL_PRIV_IsIDA             $Tramp$TT$L$PI$$LL_PRIV_IsIDA
   10016eb5     0001cb18     00018338   cc2640_ll_pxxx_sc.a : ll.o (.text)
LL_PRIV_GenerateRPA       $Tramp$TT$L$PI$$LL_PRIV_GenerateRPA
   10016d71     0001cb20     000183c6   cc2640_ll_pxxx_sc.a : ll.o (.text)
                             0001840a                       : ll.o (.text)
HCI_HardwareErrorEvent    $Tramp$TT$L$PI$$HCI_HardwareErrorEvent
   1000bced     0001cb28     0001842e   cc2640_ll_pxxx_sc.a : ll.o (.text)
                             0001845c                       : ll.o (.text)
llRfSetup                 $Tramp$TT$L$PI$$llRfSetup
   10006f99     0001cb30     00018474   cc2640_ll_pxxx_sc.a : ll.o (.text)
llRfInit                  $Tramp$TT$L$PI$$llRfInit
   10006fed     0001cb38     00018510   cc2640_ll_pxxx_sc.a : ll.o (.text)
WL_Init                   $Tramp$TT$L$PI$$WL_Init
   10018b81     0001cb40     00018516   cc2640_ll_pxxx_sc.a : ll.o (.text)
LL_ClearWhiteList         $Tramp$TT$L$PI$$LL_ClearWhiteList
   100049d9     0001cb48     0001851a   cc2640_ll_pxxx_sc.a : ll.o (.text)
llConnCleanup             $Tramp$TT$L$PI$$llConnCleanup
   10008479     0001cb50     00018574   cc2640_ll_pxxx_sc.a : ll.o (.text)
llReleaseAllConnId        $Tramp$TT$L$PI$$llReleaseAllConnId
   100082cd     0001cb58     00018582   cc2640_ll_pxxx_sc.a : ll.o (.text)
llInitFeatureSet          $Tramp$TT$L$PI$$llInitFeatureSet
   10008621     0001cb60     00018592   cc2640_ll_pxxx_sc.a : ll.o (.text)
LL_PRIV_Init              $Tramp$TT$L$PI$$LL_PRIV_Init
   10016cb5     0001cb68     000185e6   cc2640_ll_pxxx_sc.a : ll.o (.text)
llGetCurrentTime          $Tramp$TT$L$PI$$llGetCurrentTime
   100197b1     0001cb70     0001865c   cc2640_ll_pxxx_sc.a : ll_common.o (.text)
                             00018fd2                       : ll_scheduler.o (.text)
                             00019078                       : ll_scheduler.o (.text)
                             00019086                       : ll_scheduler.o (.text)
                             000190f2                       : ll_scheduler.o (.text)
                             000191ac                       : ll_scheduler.o (.text)
                             000191ba                       : ll_scheduler.o (.text)
                             00019204                       : ll_scheduler.o (.text)
                             000194ee                       : ll_scheduler.o (.text)
llRealignConn             $Tramp$TT$L$PI$$llRealignConn
   10009071     0001cb78     0001868c   cc2640_ll_pxxx_sc.a : ll_common.o (.text)
llHardwareError           $Tramp$TT$L$PI$$llHardwareError
   1000929d     0001cb80     000186a4   cc2640_ll_pxxx_sc.a : ll_common.o (.text)
                             000186ce                       : ll_common.o (.text)
                             00018970                       : ll_isr.o (.text)
                             00018a9c                       : ll_isr.o (.text)
                             00018b32                       : ll_isr.o (.text)
                             00018d34                       : ll_isr.o (.text)
                             00018eda                       : ll_isr.o (.text)
llSortActiveConns         $Tramp$TT$L$PI$$llSortActiveConns
   10008fdd     0001cb88     000186d6   cc2640_ll_pxxx_sc.a : ll_common.o (.text)
llGetMinCI                $Tramp$TT$L$PI$$llGetMinCI
   10008301     0001cb90     0001875a   cc2640_ll_pxxx_sc.a : ll_common.o (.text)
llTimeCompare             $Tramp$TT$L$PI$$llTimeCompare
   100197b9     0001cb98     000187f4   cc2640_ll_pxxx_sc.a : ll_common.o (.text)
                             00019080                       : ll_scheduler.o (.text)
                             000191b4                       : ll_scheduler.o (.text)
                             00019224                       : ll_scheduler.o (.text)
                             00019232                       : ll_scheduler.o (.text)
                             000192be                       : ll_scheduler.o (.text)
                             00019346                       : ll_scheduler.o (.text)
LL_TX_bm_alloc            $Tramp$TT$L$PI$$LL_TX_bm_alloc
   10004945     0001cba0     00018820   cc2640_ll_pxxx_sc.a : ll_common.o (.text)
LL_ENC_Encrypt            $Tramp$TT$L$PI$$LL_ENC_Encrypt
   10017485     0001cba8     00018888   cc2640_ll_pxxx_sc.a : ll_common.o (.text)
llAddTxDataEntry          $Tramp$TT$L$PI$$llAddTxDataEntry
   1000a4f5     0001cbb0     00018890   cc2640_ll_pxxx_sc.a : ll_common.o (.text)
llVerifyConnParamReqParams  $Tramp$TT$L$PI$$llVerifyConnParamReqParams
   10008e45     0001cbb8     00018904   cc2640_ll_pxxx_sc.a : ll_common.o (.text)
llResetRadio              $Tramp$TT$L$PI$$llResetRadio
   10007071     0001cbc0     00018978   cc2640_ll_pxxx_sc.a : ll_isr.o (.text)
llProcessTxData           $Tramp$TT$L$PI$$llProcessTxData
   100086dd     0001cbc8     00018b9c   cc2640_ll_pxxx_sc.a : ll_isr.o (.text)
WL_FindEntry              $Tramp$TT$L$PI$$WL_FindEntry
   10018c51     0001cbd0     00018c52   cc2640_ll_pxxx_sc.a : ll_isr.o (.text)
                             00018ccc                       : ll_isr.o (.text)
LL_PRIV_UpdateExtWLEntry  $Tramp$TT$L$PI$$LL_PRIV_UpdateExtWLEntry
   10017051     0001cbd8     00018c62   cc2640_ll_pxxx_sc.a : ll_isr.o (.text)
                             00018ce4                       : ll_isr.o (.text)
llHaltRadio               $Tramp$TT$L$PI$$llHaltRadio
   10007075     0001cbe0     00018cd8   cc2640_ll_pxxx_sc.a : ll_isr.o (.text)
RFHAL_GetNextDataEntry    $Tramp$TT$L$PI$$RFHAL_GetNextDataEntry
   1000a5a9     0001cbe8     00018d96   cc2640_ll_pxxx_sc.a : ll_isr.o (.text)
LL_ENC_Decrypt            $Tramp$TT$L$PI$$LL_ENC_Decrypt
   100174f9     0001cbf0     00018df8   cc2640_ll_pxxx_sc.a : ll_isr.o (.text)
LL_PRIV_UpdateRL          $Tramp$TT$L$PI$$LL_PRIV_UpdateRL
   10016f8d     0001cbf8     00018e12   cc2640_ll_pxxx_sc.a : ll_isr.o (.text)
LL_RxDataCompleteCback    $Tramp$TT$L$PI$$LL_RxDataCompleteCback
   10019465     0001cc00     00018e98   cc2640_ll_pxxx_sc.a : ll_isr.o (.text)
llCombinePDU              $Tramp$TT$L$PI$$llCombinePDU
   10008c01     0001cc08     00018ea6   cc2640_ll_pxxx_sc.a : ll_isr.o (.text)
llProcessSlaveControlPacket  $Tramp$TT$L$PI$$llProcessSlaveControlPacket
   10009609     0001cc10     00018eb8   cc2640_ll_pxxx_sc.a : ll_isr.o (.text)
RFHAL_NextDataEntryDone   $Tramp$TT$L$PI$$RFHAL_NextDataEntryDone
   1000a5b1     0001cc18     00018ec4   cc2640_ll_pxxx_sc.a : ll_isr.o (.text)
llCreateRxBuffer          $Tramp$TT$L$PI$$llCreateRxBuffer
   10009371     0001cc20     00018ed0   cc2640_ll_pxxx_sc.a : ll_isr.o (.text)
llProcessPostRfOps        $Tramp$TT$L$PI$$llProcessPostRfOps
   1000713d     0001cc28     00018f58   cc2640_ll_pxxx_sc.a : ll_scheduler.o (.text)
llTimeDelta               $Tramp$TT$L$PI$$llTimeDelta
   100197dd     0001cc30     00019210   cc2640_ll_pxxx_sc.a : ll_scheduler.o (.text)
hciInitEventMasks         $Tramp$TT$L$PI$$hciInitEventMasks
   1000ba41     0001cc38     0001958c   cc26xx_hci_tl_none.a : hci_tl.o (.text)
linkDB_Find               $Tramp$TT$L$PI$$linkDB_Find
   10017f55     0001cc40     00019678   cc26xx_gap_pxxx_sc.a : gap_linkmgr.o (.text)
                             0001a98a   gapbondmgr.obj (.text:gapBondMgrAuthenticate$19)
                             0001b6e8   gapbondmgr.obj (.text:GAPBondMgr_ProcessGAPMsg)
                             0001b7c2   gapbondmgr.obj (.text:GAPBondMgr_ProcessGAPMsg)
                             0001bbaa   gapbondmgr.obj (.text:GAPBondMgr_UpdateCharCfg)
linkDB_Role               $Tramp$TT$L$PI$$linkDB_Role
   10017fd5     0001cc48     00019680   cc26xx_gap_pxxx_sc.a : gap_linkmgr.o (.text)
linkDB_Remove             $Tramp$TT$L$PI$$linkDB_Remove
   10017e91     0001cc50     0001969e   cc26xx_gap_pxxx_sc.a : gap_linkmgr.o (.text)
disconnectNext            $Tramp$TT$L$PI$$disconnectNext
   10011c8d     0001cc58     000196b2   cc26xx_gap_pxxx_sc.a : gap_linkmgr.o (.text)
sendTerminateEvent        $Tramp$TT$L$PI$$sendTerminateEvent
   10011bf9     0001cc60     000196c8   cc26xx_gap_pxxx_sc.a : gap_linkmgr.o (.text)
gapFreeAuthLink           $Tramp$TT$L$PI$$gapFreeAuthLink
   10011dc1     0001cc68     000196d6   cc26xx_gap_pxxx_sc.a : gap_linkmgr.o (.text)
gattServApp_SetNumPrepareWrites  $Tramp$TT$L$PI$$gattServApp_SetNumPrepareWrites
   100107d1     0001cc70     00019a70   cc26xx_profiles_pxxx_sc.a : gattservapp.o (.text)
                             00019b40                             : gattservapp.o (.text)
GATT_RegisterForReq       $Tramp$TT$L$PI$$GATT_RegisterForReq
   1000fc09     0001cc78     00019a76   cc26xx_profiles_pxxx_sc.a : gattservapp.o (.text)
linkDB_Register           $Tramp$TT$L$PI$$linkDB_Register
   10017de5     0001cc80     00019a80   cc26xx_profiles_pxxx_sc.a : gattservapp.o (.text)
gattServApp_ProcessMsg    $Tramp$TT$L$PI$$gattServApp_ProcessMsg
   10010911     0001cc88     00019ab4   cc26xx_profiles_pxxx_sc.a : gattservapp.o (.text)
GATT_bm_free              $Tramp$TT$L$PI$$GATT_bm_free
   10018489     0001cc90     00019ac0   cc26xx_profiles_pxxx_sc.a : gattservapp.o (.text)
                             0001bd1e   gapbondmgr.obj (.text:GAPBondMgr_ProcessEvent)
                             0001c56c   ble_dispatch_lite.obj (.text:bleDispatch_BMFree)
GATT_RegisterService      $Tramp$TT$L$PI$$GATT_RegisterService
   1000fb09     0001cc98     00019aee   cc26xx_profiles_pxxx_sc.a : gattservapp.o (.text)
gattServApp_RegisterServiceCBs  $Tramp$TT$L$PI$$gattServApp_RegisterServiceCBs
   10010881     0001cca0     00019afc   cc26xx_profiles_pxxx_sc.a : gattservapp.o (.text)
gattServApp_DeregisterServiceCBs  $Tramp$TT$L$PI$$gattServApp_DeregisterServiceCBs
   100108c1     0001cca8     00019b0e   cc26xx_profiles_pxxx_sc.a : gattservapp.o (.text)
GATT_DeregisterService    $Tramp$TT$L$PI$$GATT_DeregisterService
   1000fbc1     0001ccb0     00019b1a   cc26xx_profiles_pxxx_sc.a : gattservapp.o (.text)
gattServApp_PrepareWriteQInUse  $Tramp$TT$L$PI$$gattServApp_PrepareWriteQInUse
   1001143d     0001ccb8     00019b34   cc26xx_profiles_pxxx_sc.a : gattservapp.o (.text)
L2CAP_GetMTU              $Tramp$TT$L$PI$$L2CAP_GetMTU
   1001929d     0001ccc0     00019b8a   cc26xx_profiles_pxxx_sc.a : gattservapp.o (.text)
                             0001a9fa   gapbondmgr.obj (.text:gapBondMgrAuthenticate$19)
ATT_ExchangeMTURsp        $Tramp$TT$L$PI$$ATT_ExchangeMTURsp
   10018e59     0001ccc8     00019b94   cc26xx_profiles_pxxx_sc.a : gattservapp.o (.text)
GATT_UpdateMTU            $Tramp$TT$L$PI$$GATT_UpdateMTU
   1001835d     0001ccd0     00019bb4   cc26xx_profiles_pxxx_sc.a : gattservapp.o (.text)
gattServApp_FindPrepareWriteQ  $Tramp$TT$L$PI$$gattServApp_FindPrepareWriteQ
   10011409     0001ccd8     00019c5a   cc26xx_profiles_pxxx_sc.a : gattservapp.o (.text)
                             00019c64                             : gattservapp.o (.text)
                             00019fce                             : gattservapp.o (.text)
gattServApp_FindAuthorizeAttrCB  $Tramp$TT$L$PI$$gattServApp_FindAuthorizeAttrCB
   100114d5     0001cce0     00019d04   cc26xx_profiles_pxxx_sc.a : gattservapp.o (.text)
GATT_FindHandle           $Tramp$TT$L$PI$$GATT_FindHandle
   1000fdbd     0001cce8     00019d88   cc26xx_profiles_pxxx_sc.a : gattservapp.o (.text)
                             00019dd2                             : gattservapp.o (.text)
                             00019ef4                             : gattservapp.o (.text)
GATT_FindNextAttr         $Tramp$TT$L$PI$$GATT_FindNextAttr
   1000fe05     0001ccf0     00019de8   cc26xx_profiles_pxxx_sc.a : gattservapp.o (.text)
                             00019faa                             : gattservapp.o (.text)
                             0001bc88   gapbondmgr.obj (.text:GAPBondMgr_ProcessEvent)
ATT_CompareUUID           $Tramp$TT$L$PI$$ATT_CompareUUID
   10016111     0001ccf8     00019df6   cc26xx_profiles_pxxx_sc.a : gattservapp.o (.text)
gattServApp_FindReadAttrCB  $Tramp$TT$L$PI$$gattServApp_FindReadAttrCB
   10011489     0001cd00     00019eb4   cc26xx_profiles_pxxx_sc.a : gattservapp.o (.text)
gattServApp_FindWriteAttrCB  $Tramp$TT$L$PI$$gattServApp_FindWriteAttrCB
   10011499     0001cd08     00019f00   cc26xx_profiles_pxxx_sc.a : gattservapp.o (.text)
GATT_FindHandleUUID       $Tramp$TT$L$PI$$GATT_FindHandleUUID
   1000fd55     0001cd10     00019f90   cc26xx_profiles_pxxx_sc.a : gattservapp.o (.text)
                             0001bc3c   gapbondmgr.obj (.text:GAPBondMgr_ProcessEvent)
linkDB_State              $Tramp$TT$L$PI$$linkDB_State
   10017fb1     0001cd18     00019fc6   cc26xx_profiles_pxxx_sc.a : gattservapp.o (.text)
smDetermineIOCaps         $Tramp$TT$L$PI$$smDetermineIOCaps
   1000f819     0001cd20     0001a204   cc26xx_sm_pxxx_sc.a : sm_pairing.o (.text)
LL_PseudoRand             $Tramp$TT$L$PI$$LL_PseudoRand
   10004ac1     0001cd28     0001a602   osal.obj (.text:osal_rand)
GAP_ParamsInit            $Tramp$TT$L$PI$$GAP_ParamsInit
   10018505     0001cd30     0001a950   gap.obj (.text:GAP_DeviceInit)
GAP_SecParamsInit         $Tramp$TT$L$PI$$GAP_SecParamsInit
   10018539     0001cd38     0001a95c   gap.obj (.text:GAP_DeviceInit)
GAP_PrivacyInit           $Tramp$TT$L$PI$$GAP_PrivacyInit
   10018565     0001cd40     0001a962   gap.obj (.text:GAP_DeviceInit)
GAP_PeriDevMgrInit        $Tramp$TT$L$PI$$GAP_PeriDevMgrInit
   100146b1     0001cd48     0001a966   gap.obj (.text:GAP_DeviceInit)
GAP_PeriConnRegister      $Tramp$TT$L$PI$$GAP_PeriConnRegister
   1001930d     0001cd50     0001a96a   gap.obj (.text:GAP_DeviceInit)
SM_ResponderInit          $Tramp$TT$L$PI$$SM_ResponderInit
   10012dfd     0001cd58     0001a96e   gap.obj (.text:GAP_DeviceInit)
GAP_Authenticate          $Tramp$TT$L$PI$$GAP_Authenticate
   10011701     0001cd60     0001aaf4   gapbondmgr.obj (.text:gapBondMgrAuthenticate$19)
HCI_LE_ClearWhiteListCmd  $Tramp$TT$L$PI$$HCI_LE_ClearWhiteListCmd
   1000ada9     0001cd68     0001ab56   gapbondmgr.obj (.text:gapBondMgr_SyncWhiteList$19)
HCI_LE_AddWhiteListCmd    $Tramp$TT$L$PI$$HCI_LE_AddWhiteListCmd
   1000adc9     0001cd70     0001ab70   gapbondmgr.obj (.text:gapBondMgr_SyncWhiteList$19)
HCI_LE_RemoveDeviceFromResolvingListCmd  $Tramp$TT$L$PI$$HCI_LE_RemoveDeviceFromResolvingListCmd
   1000b191     0001cd78     0001ac38   gapbondmgr.obj (.text:gapBondMgrAddBond$19)
                             0001ae54   gapbondmgr.obj (.text:gapBondMgrEraseBonding$19)
HCI_LE_AddDeviceToResolvingListCmd  $Tramp$TT$L$PI$$HCI_LE_AddDeviceToResolvingListCmd
   1000b16d     0001cd80     0001ace0   gapbondmgr.obj (.text:gapBondMgrAddBond$19)
                             0001be70   gapbondmgr.obj (.text:GAPBondMgr_syncResolvingList)
                             0001beb2   gapbondmgr.obj (.text:GAPBondMgr_syncResolvingList)
GAP_PasscodeUpdate        $Tramp$TT$L$PI$$GAP_PasscodeUpdate
   10011829     0001cd88     0001af14   gapbondmgr.obj (.text:GAPBondMgr_PasscodeRsp)
                             0001b77e   gapbondmgr.obj (.text:GAPBondMgr_ProcessGAPMsg)
GAP_TerminateAuth         $Tramp$TT$L$PI$$GAP_TerminateAuth
   100117c1     0001cd90     0001af24   gapbondmgr.obj (.text:GAPBondMgr_PasscodeRsp)
                             0001b710   gapbondmgr.obj (.text:GAPBondMgr_ProcessGAPMsg)
GAP_SetParamValue         $Tramp$TT$L$PI$$GAP_SetParamValue
   100184bd     0001cd98     0001af3a   gapbondmgr.obj (.text:GAPBondMgr_Register)
                             0001b252   gapbondmgr.obj (.text:GAPBondMgr_SetParameter)
GAP_Bond                  $Tramp$TT$L$PI$$GAP_Bond
   1001187d     0001cda0     0001afb4   gapbondmgr.obj (.text:gapBondMgrBondReq$19)
GAP_Signable              $Tramp$TT$L$PI$$GAP_Signable
   100116ad     0001cda8     0001b03c   gapbondmgr.obj (.text:GAPBondMgr_LinkEst)
GAP_SendSlaveSecurityRequest  $Tramp$TT$L$PI$$GAP_SendSlaveSecurityRequest
   100192bd     0001cdb0     0001b09c   gapbondmgr.obj (.text:GAPBondMgr_LinkEst)
GAP_GetParamValue         $Tramp$TT$L$PI$$GAP_GetParamValue
   100184f5     0001cdb8     0001b128   gapbondmgr.obj (.text:GAPBondMgr_GetParameter)
SM_SetECCRegenerationCount  $Tramp$TT$L$PI$$SM_SetECCRegenerationCount
   1000f551     0001cdc0     0001b2f2   gapbondmgr.obj (.text:GAPBondMgr_SetParameter)
linkDB_SecurityModeSCOnly  $Tramp$TT$L$PI$$linkDB_SecurityModeSCOnly
   10018105     0001cdc8     0001b316   gapbondmgr.obj (.text:GAPBondMgr_SetParameter)
GAP_NumActiveConnections  $Tramp$TT$L$PI$$GAP_NumActiveConnections
   100188fd     0001cdd0     0001b33c   gapbondmgr.obj (.text:GAPBondMgr_SetParameter)
                             0001b3b0   gapbondmgr.obj (.text:GAPBondMgr_SetParameter)
                             0001b65e   gapbondmgr.obj (.text:GAPBondMgr_LinkTerm)
HCI_LE_ClearResolvingListCmd  $Tramp$TT$L$PI$$HCI_LE_ClearResolvingListCmd
   1000b1b1     0001cdd8     0001be60   gapbondmgr.obj (.text:GAPBondMgr_syncResolvingList)
GAP_GetIRK                $Tramp$TT$L$PI$$GAP_GetIRK
   100185a5     0001cde0     0001be64   gapbondmgr.obj (.text:GAPBondMgr_syncResolvingList)
L2CAP_bm_alloc            $Tramp$TT$L$PI$$L2CAP_bm_alloc
   1001542d     0001cde8     0001c4fe   ble_dispatch_lite.obj (.text:bleDispatch_BMAlloc)
GATT_bm_alloc             $Tramp$TT$L$PI$$GATT_bm_alloc
   10018405     0001cdf0     0001c50e   ble_dispatch_lite.obj (.text:bleDispatch_BMAlloc)

[122 trampolines]
[188 trampoline calls]


GLOBAL SYMBOLS: SORTED ALPHABETICALLY BY Name 

address   name                                        
-------   ----                                        
20004fd8  ACCX                                        
20004fdc  ACCY                                        
20004fe0  ACCZ                                        
1000d2d5  ATOMICPATTERN                               
10015c49  ATT_BuildErrorRsp                           
10015c7d  ATT_BuildExchangeMTUReq                     
10015c8d  ATT_BuildExchangeMTURsp                     
10015ff5  ATT_BuildExecuteWriteReq                    
10015d25  ATT_BuildFindByTypeValueReq                 
10015d89  ATT_BuildFindByTypeValueRsp                 
10015cb9  ATT_BuildFindInfoReq                        
10015cc9  ATT_BuildFindInfoRsp                        
1001601d  ATT_BuildHandleValueInd                     
10015f75  ATT_BuildPrepareWriteReq                    
10015fa1  ATT_BuildPrepareWriteRsp                    
10015eb1  ATT_BuildReadBlobReq                        
10015ef9  ATT_BuildReadBlobRsp                        
10015f35  ATT_BuildReadByGrpTypeRsp                   
10015da5  ATT_BuildReadByTypeReq                      
10015e29  ATT_BuildReadByTypeRsp                      
10015f0d  ATT_BuildReadMultiReq                       
10015f2d  ATT_BuildReadMultiRsp                       
10015e4d  ATT_BuildReadReq                            
10015e6d  ATT_BuildReadRsp                            
10015ea1  ATT_BuildWriteReq                           
10016111  ATT_CompareUUID                             
10016179  ATT_ConvertUUIDto128                        
100161a5  ATT_ConvertUUIDto16                         
10018e39  ATT_ErrorRsp                                
10018e59  ATT_ExchangeMTURsp                          
10019025  ATT_ExecuteWriteRsp                         
10018ebd  ATT_FindByTypeValueRsp                      
10018e81  ATT_FindInfoRsp                             
1001621d  ATT_GetMTU                                  
10016251  ATT_GetParamValue                           
10019065  ATT_HandleValueInd                          
10019045  ATT_HandleValueNoti                         
10015c5d  ATT_ParseErrorRsp                           
10015c81  ATT_ParseExchangeMTUReq                     
10015ca1  ATT_ParseExchangeMTURsp                     
10015ffd  ATT_ParseExecuteWriteReq                    
10016011  ATT_ParseExecuteWriteRsp                    
10015d41  ATT_ParseFindByTypeValueReq                 
10015d91  ATT_ParseFindByTypeValueRsp                 
10015cbd  ATT_ParseFindInfoReq                        
10015ce1  ATT_ParseFindInfoRsp                        
10016065  ATT_ParseHandleValueCfm                     
10016035  ATT_ParseHandleValueInd                     
10015be5  ATT_ParsePacket                             
10015f79  ATT_ParsePrepareWriteReq                    
10015fc1  ATT_ParsePrepareWriteRsp                    
10015ed1  ATT_ParseReadBlobReq                        
10015efd  ATT_ParseReadBlobRsp                        
10015f49  ATT_ParseReadByGrpTypeRsp                   
10015de5  ATT_ParseReadByTypeReq                      
10015e2d  ATT_ParseReadByTypeRsp                      
10015f15  ATT_ParseReadMultiReq                       
10015f31  ATT_ParseReadMultiRsp                       
10015e51  ATT_ParseReadReq                            
10015e71  ATT_ParseReadRsp                            
10015e75  ATT_ParseWriteReq                           
10015ea5  ATT_ParseWriteRsp                           
10018ffd  ATT_PrepareWriteRsp                         
10018f51  ATT_ReadBlobRsp                             
10018fbd  ATT_ReadByGrpTypeRsp                        
10018ef1  ATT_ReadByTypeRsp                           
10018f91  ATT_ReadMultiRsp                            
10018f2d  ATT_ReadRsp                                 
10018e31  ATT_RegisterServer                          
1001624d  ATT_SetParamValue                           
100161e9  ATT_UpdateMTU                               
10018fed  ATT_WriteRsp                                
1000dbf1  COPY                                        
20004f80  ECC_DATA$$Base                              
20005000  ECC_DATA$$Limit                             
10016795  ECC_allocWorkzone                           
1001679d  ECC_setWin                                  
100167a5  ECDSA_sign                                  
10016941  ECDSA_verif                                 
1000db95  EXPORTOPERAND                               
20004fd4  EXPW                                        
20004fc8  EXPX                                        
20004fcc  EXPY                                        
20004fd0  EXPZ                                        
0001b0ad  GAPBondMgr_GetParameter                     
0001afc1  GAPBondMgr_LinkEst                          
0001b65d  GAPBondMgr_LinkTerm                         
0001af01  GAPBondMgr_PasscodeRsp                      
0001bbed  GAPBondMgr_ProcessEvent                     
0001b6ad  GAPBondMgr_ProcessGAPMsg                    
0001af31  GAPBondMgr_Register                         
0001a835  GAPBondMgr_ResolveAddr                      
0001b1fd  GAPBondMgr_SetParameter                     
0001a817  GAPBondMgr_SupportsEnhancedPriv             
0001bb9b  GAPBondMgr_UpdateCharCfg                    
0001be59  GAPBondMgr_syncResolvingList                
10011701  GAP_Authenticate                            
1001187d  GAP_Bond                                    
100185ad  GAP_ConfigDeviceAddr                        
0001a939  GAP_DeviceInit                              
10014599  GAP_EndDiscoverable                         
10014655  GAP_GetAdvToken                             
100185a5  GAP_GetIRK                                  
100184f5  GAP_GetParamValue                           
10018859  GAP_Init                                    
10014459  GAP_MakeDiscoverable                        
100188fd  GAP_NumActiveConnections                    
10018505  GAP_ParamsInit                              
10011829  GAP_PasscodeUpdate                          
100117ed  GAP_PasskeyUpdate                           
1001930d  GAP_PeriConnRegister                        
100146b1  GAP_PeriDevMgrInit                          
10018565  GAP_PrivacyInit                             
10018879  GAP_ProcessEvent                            
10018b51  GAP_RegisterBondMgrCBs                      
10018851  GAP_RegisterForMsgs                         
10014679  GAP_RemoveAdvToken                          
10018539  GAP_SecParamsInit                           
100192bd  GAP_SendSlaveSecurityRequest                
100145e1  GAP_SetAdvToken                             
100184bd  GAP_SetParamValue                           
100116ad  GAP_Signable                                
100117c1  GAP_TerminateAuth                           
100114e5  GAP_TerminateLinkReq                        
10014695  GAP_UpdateAdvTokens                         
10014509  GAP_UpdateAdvertisingData                   
1001157d  GAP_UpdateLinkParamReq                      
10011605  GAP_UpdateLinkParamReqReply                 
00019661  GAP_isPairing                               
00019b69  GATTServApp_AddService                      
00019b07  GATTServApp_DeregisterService               
00019b51  GATTServApp_GetParameter                    
00019a3d  GATTServApp_Init                            
0001caa5  GATTServApp_InitCharCfg                     
00019a99  GATTServApp_ProcessEvent                    
00019ced  GATTServApp_ReadAttr                        
0001ca95  GATTServApp_ReadCharCfg                     
00019a31  GATTServApp_RegisterForMsg                  
00019ad9  GATTServApp_RegisterService                 
00019fe5  GATTServApp_SendCCCUpdatedEvent             
00019b2b  GATTServApp_SetParameter                    
20004f60  GATTServApp_TaskID                          
00019f5d  GATTServApp_UpdateCharCfg                   
00019ee5  GATTServApp_WriteAttr                       
1001814d  GATT_AppCompletedMsg                        
1000fbc1  GATT_DeregisterService                      
1000fdbd  GATT_FindHandle                             
1000fd55  GATT_FindHandleUUID                         
1000fe05  GATT_FindNextAttr                           
100107b9  GATT_GetNextHandle                          
1000ffcd  GATT_Indication                             
1001817d  GATT_Init                                   
1000fa89  GATT_InitServer                             
10010045  GATT_Notification                           
10018341  GATT_NotifyEvent                            
100181ad  GATT_ProcessEvent                           
10018131  GATT_RegisterForMsgs                        
1000fc09  GATT_RegisterForReq                         
1000fb09  GATT_RegisterService                        
1000fedd  GATT_SendRsp                                
1000fccd  GATT_ServiceChangedInd                      
1000febd  GATT_ServiceEncKeySize                      
1000fead  GATT_ServiceNumAttrs                        
10018139  GATT_SetHostToAppFlowCtrl                   
1001835d  GATT_UpdateMTU                              
1000fc11  GATT_VerifyReadPermissions                  
1000fc59  GATT_VerifyWritePermissions                 
10018405  GATT_bm_alloc                               
10018489  GATT_bm_free                                
1000d1f1  GETBIT                                      
1000d205  GETDIGIT                                    
1000d255  GETDIGITL2R                                 
000197e9  GGS_AddService                              
000197ad  GGS_GetParameter                            
00019725  GGS_SetParameter                            
1000bb91  HCI_CommandCompleteEvent                    
1000bca5  HCI_CommandStatusEvent                      
1000ba8d  HCI_DataBufferOverflowEvent                 
1000a875  HCI_DisconnectCmd                           
1000b78d  HCI_EXT_AdvEventNoticeCmd                   
1000b7a5  HCI_EXT_BuildRevisionCmd                    
1000b3f5  HCI_EXT_ClkDivOnHaltCmd                     
1000b799  HCI_EXT_ConnEventNoticeCmd                  
1000b415  HCI_EXT_DeclareNvUsageCmd                   
1000b439  HCI_EXT_DecryptCmd                          
1000b7f1  HCI_EXT_DelaySleepCmd                       
1000b6a9  HCI_EXT_DisconnectImmedCmd                  
1000b5f9  HCI_EXT_EnablePTMCmd                        
1000b569  HCI_EXT_EndModemTestCmd                     
1000b739  HCI_EXT_ExtendRfRangeCmd                    
1000b891  HCI_EXT_GetConnInfoCmd                      
1000b76d  HCI_EXT_HaltDuringRfCmd                     
1000b689  HCI_EXT_MapPmIoPortCmd                      
1000b529  HCI_EXT_ModemHopTestTxCmd                   
1000b549  HCI_EXT_ModemTestRxCmd                      
1000b509  HCI_EXT_ModemTestTxCmd                      
1000b871  HCI_EXT_NumComplPktsLimitCmd                
1000b3c1  HCI_EXT_OnePktPerEvtCmd                     
1000b851  HCI_EXT_OverlappedProcessingCmd             
1000b719  HCI_EXT_PERbyChanCmd                        
1000b6c9  HCI_EXT_PacketErrorRateCmd                  
1000b825  HCI_EXT_ResetSystemCmd                      
1000b649  HCI_EXT_SaveFreqTuneCmd                     
1000b5a1  HCI_EXT_SetBDADDRCmd                        
1000b4b5  HCI_EXT_SetFastTxResponseTimeCmd            
1000b619  HCI_EXT_SetFreqTuneCmd                      
1000b495  HCI_EXT_SetLocalSupportedFeaturesCmd        
1000b935  HCI_EXT_SetMaxDataLenCmd                    
1000b669  HCI_EXT_SetMaxDtmTxPowerCmd                 
1000b351  HCI_EXT_SetRxGainCmd                        
1000b5d9  HCI_EXT_SetSCACmd                           
1000b4d5  HCI_EXT_SetSlaveLatencyOverrideCmd          
1000b381  HCI_EXT_SetTxPowerCmd                       
0001963d  HCI_GAPTaskRegister                         
1000bced  HCI_HardwareErrorEvent                      
1000a9b9  HCI_HostBufferSizeCmd                       
1000a9f1  HCI_HostNumCompletedPktCmd                  
00019579  HCI_Init                                    
00019649  HCI_L2CAPTaskRegister                       
1000b16d  HCI_LE_AddDeviceToResolvingListCmd          
1000adc9  HCI_LE_AddWhiteListCmd                      
1000b1b1  HCI_LE_ClearResolvingListCmd                
1000ada9  HCI_LE_ClearWhiteListCmd                    
1000ae21  HCI_LE_ConnUpdateCmd                        
1000ad55  HCI_LE_CreateConnCancelCmd                  
1000ad11  HCI_LE_CreateConnCmd                        
1000aed9  HCI_LE_EncryptCmd                           
1000b2bd  HCI_LE_GenerateDHKeyCmd                     
1000afa9  HCI_LE_LtkReqNegReplyCmd                    
1000af8d  HCI_LE_LtkReqReplyCmd                       
1000af21  HCI_LE_RandCmd                              
1000aca1  HCI_LE_ReadAdvChanTxPowerCmd                
1000ab89  HCI_LE_ReadBufSizeCmd                       
1000ae6d  HCI_LE_ReadChannelMapCmd                    
1000b289  HCI_LE_ReadLocalP256PublicKeyCmd            
1000b22d  HCI_LE_ReadLocalResolvableAddressCmd        
1000abc5  HCI_LE_ReadLocalSupportedFeaturesCmd        
1000b141  HCI_LE_ReadMaxDataLenCmd                    
1000b1f5  HCI_LE_ReadPeerResolvableAddressCmd         
1000ae95  HCI_LE_ReadRemoteUsedFeaturesCmd            
1000b1d1  HCI_LE_ReadResolvingListSizeCmd             
1000b0f5  HCI_LE_ReadSuggestedDefaultDataLenCmd       
1000afc5  HCI_LE_ReadSupportedStatesCmd               
1000ad75  HCI_LE_ReadWhiteListSizeCmd                 
[...]
1001835d  GATT_UpdateMTU                              
1001838d  gattSendFlowCtrlEvt                         
100183b1  gattGetPayload                              
10018405  GATT_bm_alloc                               
10018489  GATT_bm_free                                
100184bd  GAP_SetParamValue                           
100184f5  GAP_GetParamValue                           
10018505  GAP_ParamsInit                              
10018539  GAP_SecParamsInit                           
10018565  GAP_PrivacyInit                             
100185a5  GAP_GetIRK                                  
100185ad  GAP_ConfigDeviceAddr                        
10018679  gapReadBD_ADDRStatus                        
100186bd  gapReadBufSizeCmdStatus                     
10018709  gapProcessNewAddr                           
10018741  gapAddAddrAdj                               
10018769  gapHost2CtrlOwnAddrType                     
10018775  gapGetSRK                                   
1001877d  gapGetSignCounter                           
10018785  gapIncSignCounter                           
100187a5  gapGetDevAddressMode                        
100187ad  gapGetDevAddress                            
100187e9  gapSendDeviceInitDoneEvent                  
10018851  GAP_RegisterForMsgs                         
10018859  GAP_Init                                    
10018879  GAP_ProcessEvent                            
100188fd  GAP_NumActiveConnections                    
10018909  gapProcessOSALMsg                           
10018971  gapProcessBLEEvents                         
10018a11  gapProcessHCICmdCompleteEvt                 
10018ab5  gapProcessCommandStatusEvt                  
10018b09  gapProcessConnEvt                           
10018b41  gapRegisterCentral                          
10018b49  gapRegisterPeripheral                       
10018b51  GAP_RegisterBondMgrCBs                      
10018b81  WL_Init                                     
10018bb1  WL_Clear                                    
10018bed  WL_ClearEntry                               
10018c11  WL_GetSize                                  
10018c25  WL_GetNumFreeEntries                        
10018c51  WL_FindEntry                                
10018ca9  WL_AddEntry                                 
10018d41  WL_RemoveEntry                              
10018dc1  WL_SetWlIgnore                              
10018df9  WL_ClearIgnoreList                          
10018e31  ATT_RegisterServer                          
10018e39  ATT_ErrorRsp                                
10018e59  ATT_ExchangeMTURsp                          
10018e81  ATT_FindInfoRsp                             
10018ebd  ATT_FindByTypeValueRsp                      
10018ef1  ATT_ReadByTypeRsp                           
10018f2d  ATT_ReadRsp                                 
10018f51  ATT_ReadBlobRsp                             
10018f91  ATT_ReadMultiRsp                            
10018fbd  ATT_ReadByGrpTypeRsp                        
10018fed  ATT_WriteRsp                                
10018ffd  ATT_PrepareWriteRsp                         
10019025  ATT_ExecuteWriteRsp                         
10019045  ATT_HandleValueNoti                         
10019065  ATT_HandleValueInd                          
10019099  attSendRspMsg                               
100190d9  L2CAP_RegisterApp                           
10019105  L2CAP_SendData                              
10019185  L2CAP_CmdReject                             
1001919d  L2CAP_InfoReq                               
100191c5  L2CAP_ConnParamUpdateReq                    
10019209  L2CAP_ConnParamUpdateRsp                    
10019231  L2CAP_SetControllerToHostFlowCtrl           
10019275  L2CAP_HostNumCompletedPkts                  
10019291  L2CAP_SetBufSize                            
1001929d  L2CAP_GetMTU                                
100192b9  L2CAP_SetUserConfig                         
100192bd  GAP_SendSlaveSecurityRequest                
1001930d  GAP_PeriConnRegister                        
1001933d  gapPeriProcessConnEvt                       
10019385  gapPeriProcessConnUpdateCmdStatus           
10019399  gapPeriProcessConnUpdateCompleteEvt         
100193dd  gapL2capConnParamUpdateReq                  
10019401  gapPeriProcessSignalEvt                     
10019445  HCI_ReverseBytes                            
10019465  LL_RxDataCompleteCback                      
10019525  gapIsAdvertising                            
10019529  gapIsScanning                               
10019535  gapValidADType                              
10019549  gapFindADType                               
100195a1  gapSetState                                 
100195ad  gapClrState                                 
100195dc  LUTJ                                        
100196b8  supportedCmdsTable                          
1001973c  LUTSTATE                                    
100197b1  llGetCurrentTime                            
100197b9  llTimeCompare                               
100197dd  llTimeDelta                                 
10019808  NIST_Curve_P256_p                           
1001982c  NIST_Curve_P256_r                           
10019850  NIST_Curve_P256_a                           
10019874  NIST_Curve_P256_b                           
10019898  NIST_Curve_P256_Gx                          
100198bc  NIST_Curve_P256_Gy                          
10019920  IOCapMatrix                                 
1001993d  llCalcScaFactor                             
10019970  LUTOPSIGN                                   
10019988  LUTC                                        
100199a0  LUTSE                                       
100199b8  LUTINCI                                     
100199d0  btBaseUUID                                  
100199f0  SCA                                         
10019a00  const_Rb                                    
10019a10  advEvt2Cmd                                  
10019a1d  __exit                                      
10019a28  advEvt2State                                
10019a30  LUTOPCODE                                   
10019a40  advChan                                     
10019afc  romRev                                      
10019afd  __checksum_end                              
10019afe  __checksum                                  
20003ff0  rfObject                                    
200040b8  llTaskList                                  
200040c4  hciTaskID                                   
200040c5  hciTestTaskID                               
200040c6  hciGapTaskID                                
200040c7  hciL2capTaskID                              
200040c8  hciSmpTaskID                                
200040c9  icall_liteTaskId                            
200040d0  timerHead                                   
200040d4  osal_last_timestamp                         
200040dc  ICall_enterCriticalSection                  
200040e0  ICall_leaveCriticalSection                  
200040e4  ICall_dispatcher                            
200040e8  tasksEvents                                 
200040ec  llUserConfig                                
2000410c  sizeInfo                                    
200041ac  gattAttrTbl                                 
200041c0  icallServiceTblPtr                          
200041c8  assertSubcause                              
200041c9  legacyMode                                  
200041cc  halAssertCback                              
200041d1  osal_entity                                 
200041d8  osal_qHead                                  
200041dc  osal_eventloop_hook                         
200041e0  osal_icallMsg_hook                          
200041e4  osal_syncHandle                             
200041e8  osal_tickperiod                             
200041ec  osal_max_msecs                              
200041fc  baseTaskID                                  
20004200  cbTimers                                    
2000427c  OSAL_timeSeconds                            
20004280  pwrmgr_initialized                          
20004282  pwrmgr_attribute                            
20004299  gapBond_removeLRUBond                       
2000429a  gapBond_syncRL                              
200042c2  gapBond_lruBondList                         
200044f8  RAM_BASE_ADDR                               
20004504  ROM_FlashJT                                 
20004508  gapParameters                               
20004558  gapPeripheralCBs                            
20004564  gapPeripheralConnCBs                        
20004568  rfMode                                      
20004584  smResponderCBs                              
2000459c  slaveConnHandle                             
2000459e  nextHandle                                  
200045a0  l2capMtuSize                                
200045a2  gapAppTaskID                                
200045a3  gapAdvAppTaskID                             
200045a4  gapUnwantedTaskID                           
200045a5  reqTaskId                                   
200045a6  gattAppTaskID                               
200045a7  appTaskID                                   
200045a8  flowCtrlTaskId                              
200045a9  SM_appTaskID                                
200045ac  resolvingList                               
200046ec  scanDataEntry                               
200047cc  wlTable                                     
200048a8  wlTableScan                                 
20004a20  advCmd                                      
20004a68  localEccKeys                                
20004aac  initDataEntry                               
20004ae4  advDataEntry                                
20004b1c  l2capFixedChannels                          
20004b4c  linkCBs                                     
20004b7c  eccParams                                   
20004bac  initParam                                   
20004bd0  scanParam                                   
20004bf4  advParam                                    
20004c14  cryptoPRAND                                 
20004c34  txModemTestCmd                              
20004c50  gapParams                                   
20004c6c  initCmd                                     
20004c84  connReqData                                 
20004c9c  scanCmd                                     
20004cb4  scanOutput                                  
20004ccc  trxTestCmd                                  
20004ce4  rxModemTestCmd                              
20004cfc  rsp                                         
20004d14  fwParDtmCmd                                 
20004d2c  rfSetup                                     
20004d44  fwParRfCmd                                  
20004d5c  connOutput                                  
20004d70  rxTestParam                                 
20004d84  initDataQueue                               
20004d94  scanDataQueue                               
20004da4  advDataQueue                                
20004db4  advOutput                                   
20004dc4  txTestParam                                 
20004dd4  initOutput                                  
20004de0  rxTestOut                                   
20004dec  deviceFeatureSet                            
20004df8  cachedTRNGdata                              
20004e04  gapCurrentRandomAddr                        
20004e0c  slaveUpdateReq                              
20004e14  pBleEvtMask                                 
20004e1c  pHciEvtMask                                 
20004e24  pHciEvtMask2                                
20004e2c  ownPublicAddr                               
20004e34  ownRandomAddr                               
20004e3c  ownSavedPublicAddr                          
20004e44  fwImmedCmd                                  
20004e4c  attServerNotifyTxCB                         
20004e50  rfEvent                                     
20004e58  fwParCmd                                    
20004e60  verInfo                                     
20004e68  llConns                                     
20004e70  fwParamImmedCmd                             
20004e78  privInfo                                    
20004e80  linkCmd                                     
20004e84  linkParam                                   
20004e88  rxDataQ                                     
20004e8c  txDataQ                                     
20004e90  rxRingBuf                                   
20004e94  txTestOut                                   
20004e98  pGapDiscReq                                 
20004e9c  pGapAdvertState                             
20004ea0  pEstLink                                    
20004ea4  pAuthLink                                   
20004ea8  pfnCentralConnCBs                           
20004eac  pfnPeripheralConnCBs                        
20004eb0  pGapAdvTokens                               
20004eb4  pGapAdData                                  
20004eb8  pGapScanRspData                             
20004ebc  pfnPeripheralCBs                            
20004ec0  pfnCentralCBs                               
20004ec4  pfnBondMgrCBs                               
20004ec8  serverInfoTbl                               
20004ecc  pServiceList                                
20004ed0  pfnServerProcessMsgCB                       
20004ed4  pfnClientProcessMsgCB                       
20004ed8  prepareWritesTbl                            
20004edc  serviceCBsList                              
20004ee0  pAttrValue                                  
20004ee4  l2capChannels                               
20004ee8  linkDB                                      
20004eec  rfHandle                                    
20004ef0  rfDrvTblPtr                                 
20004ef4  eccDrvTblPtr                                
20004ef8  cryptoDrvTblPtr                             
20004efc  trngDrvTblPtr                               
20004f00  activeConns                                 
20004f04  SysBootMsg                                  
20004f08  sclkSrc                                     
20004f0c  buildInfo                                   
20004f10  advInfo                                     
20004f14  scanInfo                                    
20004f18  initInfo                                    
20004f1c  dtmInfo                                     
20004f20  taskEndAction                               
20004f24  encParams                                   
20004f28  encHandle                                   
20004f2c  encKey                                      
20004f30  pPairingParams                              
20004f34  pfnResponderCBs                             
20004f38  pfnInitiatorCBs                             
20004f3c  gapLimitedAdvertisingTimeout                
20004f3e  attrLen                                     
20004f40  numHostBufs                                 
20004f42  rfCmdHandle                                 
20004f44  connInitialMaxTxOctets                      
20004f46  connInitialMaxTxTime                        
20004f48  supportedMaxTxOctets                        
20004f4a  supportedMaxTxTime                          
20004f4c  supportedMaxRxOctets                        
20004f4e  supportedMaxRxTime                          
20004f50  taskEndStatus                               
20004f52  postRfOperations                            
20004f54  rfCfgAdiVal                                 
20004f58  gapProfileRole                              
20004f59  gapDeviceAddrMode                           
20004f5a  gapState                                    
20004f5b  terminateAllTaskID                          
20004f5c  terminateReason                             
20004f5d  gapTaskID                                   
20004f5e  gattNumConns                                
20004f5f  gattTaskID                                  
20004f60  GATTServApp_TaskID                          
20004f61  maxNumPrepareWrites                         
20004f62  hciPTMenabled                               
20004f63  ctrlToHostEnable                            
20004f64  l2capFlowCtrlMode                           
20004f65  l2capTaskID                                 
20004f66  l2capNumChannels                            
20004f67  l2capNumDataPkts                            
20004f68  l2capId                                     
20004f69  linkDBNumConns                              
20004f6a  linkDB_secureConnectionOnlyMode             
20004f6b  maxPduSize                                  
20004f6c  rfFeModeBias                                
20004f6d  maxNumTxDataBufs                            
20004f6e  LL_TaskID                                   
20004f6f  llState                                     
20004f70  rssiCorrection                              
20004f71  curTxPowerVal                               
20004f72  maxTxPwrForDTM                              
20004f73  onePktPerEvt                                
20004f74  numComplPkts                                
20004f75  numComplPktsLimit                           
20004f76  numComplPktsFlush                           
20004f77  fastTxRespTime                              
20004f78  slOverride                                  
20004f79  rxFifoFlowCtrl                              
20004f7a  numTxDataBufs                               
20004f7b  maxNumConns                                 
20004f7c  smTaskID                                    
20004f7d  SM_appExpectingKey                          
20004f80  ECC_DATA$$Base                              
20004f80  eccRom_param_Gx                             
20004f84  eccRom_param_Gy                             
20004f88  eccRom_workzone                             
20004f8c  eccRom_param_p                              
20004f90  eccRom_param_r                              
20004f94  eccRom_param_a                              
20004f98  eccRom_param_b                              
20004f9c  eccRom_windowSize                           
20004fa0  aux64                                       
20004fa8  MOD                                         
20004fac  LEN                                         
20004fb0  inScalar                                    
20004fb4  inPointX                                    
20004fb8  inPointY                                    
20004fbc  outPointX                                   
20004fc0  outPointY                                   
20004fc4  SCAL                                        
20004fc8  EXPX                                        
20004fcc  EXPY                                        
20004fd0  EXPZ                                        
20004fd4  EXPW                                        
20004fd8  ACCX                                        
20004fdc  ACCY                                        
20004fe0  ACCZ                                        
20004fe4  TMP1                                        
20004fe8  TMP2                                        
20004fec  TMP3                                        
20004ff0  TMP4                                        
20004ff4  TMP5                                        
20004ff8  TMP6                                        
20004ffc  MSBMOD                                      
20005000  ECC_DATA$$Limit                             
ffffffff  __TI_pprof_out_hndl                         
ffffffff  __TI_prof_data_size                         
ffffffff  __TI_prof_data_start                        
ffffffff  __binit__                                   
ffffffff  __c_args__                                  
ffffffff  binit                                       
UNDEFED   SHT$$INIT_ARRAY$$Base                       
UNDEFED   SHT$$INIT_ARRAY$$Limit                      

[1331 symbols]
